[    0.000000] kernel: Linux version 6.9.3-76060903-generic (jenkins@warp.pop-os.org) (x86_64-linux-gnu-gcc-12 (Ubuntu 12.3.0-1ubuntu1~22.04) 12.3.0, GNU ld (GNU Binutils for Ubuntu) 2.38) #202405300957~1721174657~22.04~abb7c06 SMP PREEMPT_DYNAMIC Wed J
[    0.000000] kernel: Command line: initrd=\EFI\Pop_OS-d047bce4-63ac-4071-b369-ee7b521891b8\initrd.img root=UUID=d047bce4-63ac-4071-b369-ee7b521891b8 ro quiet loglevel=0 systemd.show_status=false splash
[    0.000000] kernel: KERNEL supported cpus:
[    0.000000] kernel:   Intel GenuineIntel
[    0.000000] kernel:   AMD AuthenticAMD
[    0.000000] kernel:   Hygon HygonGenuine
[    0.000000] kernel:   Centaur CentaurHauls
[    0.000000] kernel:   zhaoxin   Shanghai  
[    0.000000] kernel: BIOS-provided physical RAM map:
[    0.000000] kernel: BIOS-e820: [mem 0x0000000000000000-0x0000000000057fff] usable
[    0.000000] kernel: BIOS-e820: [mem 0x0000000000058000-0x0000000000058fff] reserved
[    0.000000] kernel: BIOS-e820: [mem 0x0000000000059000-0x000000000009dfff] usable
[    0.000000] kernel: BIOS-e820: [mem 0x000000000009e000-0x000000000009efff] reserved
[    0.000000] kernel: BIOS-e820: [mem 0x000000000009f000-0x000000000009ffff] usable
[    0.000000] kernel: BIOS-e820: [mem 0x00000000000a0000-0x00000000000fffff] reserved
[    0.000000] kernel: BIOS-e820: [mem 0x0000000000100000-0x000000003fffffff] usable
[    0.000000] kernel: BIOS-e820: [mem 0x0000000040000000-0x00000000403fffff] reserved
[    0.000000] kernel: BIOS-e820: [mem 0x0000000040400000-0x000000009797dfff] usable
[    0.000000] kernel: BIOS-e820: [mem 0x000000009797e000-0x000000009797efff] reserved
[    0.000000] kernel: BIOS-e820: [mem 0x000000009797f000-0x0000000097cf7fff] usable
[    0.000000] kernel: BIOS-e820: [mem 0x0000000097cf8000-0x0000000097cf8fff] reserved
[    0.000000] kernel: BIOS-e820: [mem 0x0000000097cf9000-0x00000000a5663fff] usable
[    0.000000] kernel: BIOS-e820: [mem 0x00000000a5664000-0x00000000a5664fff] ACPI NVS
[    0.000000] kernel: BIOS-e820: [mem 0x00000000a5665000-0x00000000a5665fff] reserved
[    0.000000] kernel: BIOS-e820: [mem 0x00000000a5666000-0x00000000b6f9afff] usable
[    0.000000] kernel: BIOS-e820: [mem 0x00000000b6f9b000-0x00000000b7d7efff] reserved
[    0.000000] kernel: BIOS-e820: [mem 0x00000000b7d7f000-0x00000000b7f7efff] ACPI NVS
[    0.000000] kernel: BIOS-e820: [mem 0x00000000b7f7f000-0x00000000b7ffefff] ACPI data
[    0.000000] kernel: BIOS-e820: [mem 0x00000000b7fff000-0x00000000b7ffffff] usable
[    0.000000] kernel: BIOS-e820: [mem 0x00000000b8000000-0x00000000be7fffff] reserved
[    0.000000] kernel: BIOS-e820: [mem 0x00000000f0000000-0x00000000f7ffffff] reserved
[    0.000000] kernel: BIOS-e820: [mem 0x00000000fe010000-0x00000000fe010fff] reserved
[    0.000000] kernel: BIOS-e820: [mem 0x0000000100000000-0x000000023f7fffff] usable
[    0.000000] kernel: NX (Execute Disable) protection: active
[    0.000000] kernel: APIC: Static calls initialized
[    0.000000] kernel: e820: update [mem 0xa0f9d018-0xa0fad057] usable ==> usable
[    0.000000] kernel: extended physical RAM map:
[    0.000000] kernel: reserve setup_data: [mem 0x0000000000000000-0x0000000000057fff] usable
[    0.000000] kernel: reserve setup_data: [mem 0x0000000000058000-0x0000000000058fff] reserved
[    0.000000] kernel: reserve setup_data: [mem 0x0000000000059000-0x000000000009dfff] usable
[    0.000000] kernel: reserve setup_data: [mem 0x000000000009e000-0x000000000009efff] reserved
[    0.000000] kernel: reserve setup_data: [mem 0x000000000009f000-0x000000000009ffff] usable
[    0.000000] kernel: reserve setup_data: [mem 0x00000000000a0000-0x00000000000fffff] reserved
[    0.000000] kernel: reserve setup_data: [mem 0x0000000000100000-0x000000003fffffff] usable
[    0.000000] kernel: reserve setup_data: [mem 0x0000000040000000-0x00000000403fffff] reserved
[    0.000000] kernel: reserve setup_data: [mem 0x0000000040400000-0x000000009797dfff] usable
[    0.000000] kernel: reserve setup_data: [mem 0x000000009797e000-0x000000009797efff] reserved
[    0.000000] kernel: reserve setup_data: [mem 0x000000009797f000-0x0000000097cf7fff] usable
[    0.000000] kernel: reserve setup_data: [mem 0x0000000097cf8000-0x0000000097cf8fff] reserved
[    0.000000] kernel: reserve setup_data: [mem 0x0000000097cf9000-0x00000000a0f9d017] usable
[    0.000000] kernel: reserve setup_data: [mem 0x00000000a0f9d018-0x00000000a0fad057] usable
[    0.000000] kernel: reserve setup_data: [mem 0x00000000a0fad058-0x00000000a5663fff] usable
[    0.000000] kernel: reserve setup_data: [mem 0x00000000a5664000-0x00000000a5664fff] ACPI NVS
[    0.000000] kernel: reserve setup_data: [mem 0x00000000a5665000-0x00000000a5665fff] reserved
[    0.000000] kernel: reserve setup_data: [mem 0x00000000a5666000-0x00000000b6f9afff] usable
[    0.000000] kernel: reserve setup_data: [mem 0x00000000b6f9b000-0x00000000b7d7efff] reserved
[    0.000000] kernel: reserve setup_data: [mem 0x00000000b7d7f000-0x00000000b7f7efff] ACPI NVS
[    0.000000] kernel: reserve setup_data: [mem 0x00000000b7f7f000-0x00000000b7ffefff] ACPI data
[    0.000000] kernel: reserve setup_data: [mem 0x00000000b7fff000-0x00000000b7ffffff] usable
[    0.000000] kernel: reserve setup_data: [mem 0x00000000b8000000-0x00000000be7fffff] reserved
[    0.000000] kernel: reserve setup_data: [mem 0x00000000f0000000-0x00000000f7ffffff] reserved
[    0.000000] kernel: reserve setup_data: [mem 0x00000000fe010000-0x00000000fe010fff] reserved
[    0.000000] kernel: reserve setup_data: [mem 0x0000000100000000-0x000000023f7fffff] usable
[    0.000000] kernel: efi: EFI v2.5 by HP
[    0.000000] kernel: efi: ACPI=0xb7ffe000 ACPI 2.0=0xb7ffe014 SMBIOS=0xb7765000 SMBIOS 3.0=0xb7763000 ESRT=0xb7777c98 MEMATTR=0xb2f11018 INITRD=0xa5759c98 RNG=0xb7faa018 
[    0.000000] kernel: random: crng init done
[    0.000000] kernel: efi: Remove mem57: MMIO range=[0xf0000000-0xf7ffffff] (128MB) from e820 map
[    0.000000] kernel: e820: remove [mem 0xf0000000-0xf7ffffff] reserved
[    0.000000] kernel: efi: Not removing mem58: MMIO range=[0xfe010000-0xfe010fff] (4KB) from e820 map
[    0.000000] kernel: SMBIOS 3.1.0 present.
[    0.000000] kernel: DMI: HP HP EliteBook 830 G5/83B3, BIOS Q78 Ver. 01.28.00 04/15/2024
[    0.000000] kernel: tsc: Detected 1900.000 MHz processor
[    0.000000] kernel: tsc: Detected 1899.950 MHz TSC
[    0.001484] kernel: e820: update [mem 0x00000000-0x00000fff] usable ==> reserved
[    0.001490] kernel: e820: remove [mem 0x000a0000-0x000fffff] usable
[    0.001510] kernel: last_pfn = 0x23f800 max_arch_pfn = 0x400000000
[    0.001518] kernel: MTRR map: 5 entries (3 fixed + 2 variable; max 23), built from 10 variable MTRRs
[    0.001522] kernel: x86/PAT: Configuration [0-7]: WB  WC  UC- UC  WB  WP  UC- WT  
[    0.002395] kernel: last_pfn = 0xb8000 max_arch_pfn = 0x400000000
[    0.016481] kernel: esrt: Reserving ESRT space from 0x00000000b7777c98 to 0x00000000b7777cd0.
[    0.016498] kernel: Using GB pages for direct mapping
[    0.017792] kernel: Secure boot disabled
[    0.017793] kernel: RAMDISK: [mem 0x7b15c000-0x7fffffff]
[    0.017804] kernel: ACPI: Early table checksum verification disabled
[    0.017809] kernel: ACPI: RSDP 0x00000000B7FFE014 000024 (v02 HPQOEM)
[    0.017820] kernel: ACPI: XSDT 0x00000000B7F8D228 00016C (v01 HPQOEM SLIC-BPC 00000000      01000013)
[    0.017840] kernel: ACPI: FACP 0x00000000B7FD8000 00010C (v05 HPQOEM SLIC-BPC 00000000 HP   00000001)
[    0.017851] kernel: ACPI: DSDT 0x00000000B7FB2000 022576 (v02 HPQOEM 83B3     00000000 INTL 20160527)
[    0.017858] kernel: ACPI: FACS 0x00000000B7F64000 000040
[    0.017863] kernel: ACPI: SSDT 0x00000000B7FFC000 00012A (v02 HP     ShmTable 00000001 INTL 20160527)
[    0.017870] kernel: ACPI: RTMA 0x00000000B7FFB000 00009E (v01 HP     _HBMART_ 00001000 HP   00000001)
[    0.017877] kernel: ACPI: SSDT 0x00000000B7FE6000 0145E8 (v02 AcpiRe PLT_RTD3 00001000 INTL 20160527)
[    0.017883] kernel: ACPI: SSDT 0x00000000B7FE5000 000F25 (v02 HP     UcsiAcpi 00000001 INTL 20160527)
[    0.017889] kernel: ACPI: SSDT 0x00000000B7FE4000 0000FB (v02 HP     UcsiCntr 00000001 INTL 20160527)
[    0.017896] kernel: ACPI: UEFI 0x00000000B7F75000 000042 (v01 HPQOEM EDK2     00000002      01000013)
[    0.017902] kernel: ACPI: OEML 0x00000000B7FE3000 000028 (v03 HPQOEM EDK2     00000002      01000013)
[    0.017908] kernel: ACPI: SSDT 0x00000000B7FE2000 0003C8 (v02 HPQOEM Tpm2Tabl 00001000 INTL 20160527)
[    0.017914] kernel: ACPI: TPM2 0x00000000B7FE1000 000034 (v03 HPQOEM EDK2     00000002      01000013)
[    0.017921] kernel: ACPI: SSDT 0x00000000B7FDD000 0032D6 (v02 SaSsdt SaSsdt   00003000 INTL 20160527)
[    0.017927] kernel: ACPI: MSDM 0x00000000B7FDB000 000055 (v03 HPQOEM SLIC-BPC 00000000 HP   00000001)
[    0.017934] kernel: ACPI: SLIC 0x00000000B7FDA000 000176 (v01 HPQOEM SLIC-BPC 00000001 HP   00000001)
[    0.017940] kernel: ACPI: WSMT 0x00000000B7FD9000 000028 (v01 HPQOEM 83B3     00000001 HP   00000001)
[    0.017946] kernel: ACPI: HPET 0x00000000B7FD7000 000038 (v01 HPQOEM 83B3     00000001 HP   00000001)
[    0.017952] kernel: ACPI: APIC 0x00000000B7FD6000 00012C (v03 HPQOEM 83B3     00000001 HP   00000001)
[    0.017958] kernel: ACPI: MCFG 0x00000000B7FD5000 00003C (v01 HPQOEM 83B3     00000001 HP   00000001)
[    0.017965] kernel: ACPI: SSDT 0x00000000B7FB1000 0001BC (v02 HPQOEM Sata0Ide 00001000 INTL 20160527)
[    0.017971] kernel: ACPI: SSDT 0x00000000B7FB0000 000734 (v01 HPQOEM PtidDevc 00001000 INTL 20160527)
[    0.017977] kernel: ACPI: SSDT 0x00000000B7FAB000 00417C (v02 DptfTa DptfTabl 00001000 INTL 20160527)
[    0.017984] kernel: ACPI: SSDT 0x00000000B7FA5000 004163 (v02 GddvDu GddvDumm 00001000 INTL 20160527)
[    0.017990] kernel: ACPI: SSDT 0x00000000B7FA3000 0017AE (v02 CpuRef CpuSsdt  00003000 INTL 20160527)
[    0.017996] kernel: ACPI: SSDT 0x00000000B7FFD000 0009CF (v02 CtdpB  CtdpB    00001000 INTL 20160527)
[    0.018003] kernel: ACPI: SSDT 0x00000000B7FA2000 000141 (v02 INTEL  HdaDsp   00000000 INTL 20160527)
[    0.018009] kernel: ACPI: SSDT 0x00000000B7FA1000 00029F (v02 INTEL  sensrhub 00000000 INTL 20160527)
[    0.018015] kernel: ACPI: SSDT 0x00000000B7FA0000 000346 (v01 INTEL  EInkApp  00000000 INTL 20160527)
[    0.018022] kernel: ACPI: SSDT 0x00000000B7F9F000 000358 (v02 INTEL  AMLY4ISH 00000000 INTL 20160527)
[    0.018028] kernel: ACPI: SSDT 0x00000000B7F9E000 0003C8 (v02 INTEL  Wwan     00000001 INTL 20160527)
[    0.018034] kernel: ACPI: DBGP 0x00000000B7F9D000 000034 (v01 INTEL           00000002 MSFT 0000005F)
[    0.018041] kernel: ACPI: DBG2 0x00000000B7F9C000 000054 (v00 INTEL           00000002 MSFT 0000005F)
[    0.018047] kernel: ACPI: DMAR 0x00000000B7F9B000 0000A8 (v01 INTEL  KBL      00000001 INTL 00000001)
[    0.018053] kernel: ACPI: SSDT 0x00000000B7F96000 004BF2 (v02 HP     HPTBT    00001000 INTL 20160527)
[    0.018060] kernel: ACPI: NHLT 0x00000000B7F95000 00002D (v00 INTEL  KBL      00000002      01000013)
[    0.018066] kernel: ACPI: SSDT 0x00000000B7F94000 00010E (v01 HP     HPSANIMD 00001000 INTL 20160527)
[    0.018072] kernel: ACPI: SSDT 0x00000000B7F93000 000D26 (v01 HP     HPINNBWL 00001000 INTL 20160527)
[    0.018079] kernel: ACPI: SSDT 0x00000000B7F92000 000032 (v01 HP     HPCONDEV 00001000 INTL 20160527)
[    0.018085] kernel: ACPI: SSDT 0x00000000B7F91000 000069 (v01 HP     HPCAHWID 00001000 INTL 20160527)
[    0.018091] kernel: ACPI: ASF! 0x00000000B7F90000 0000A0 (v32 HPQOEM  UYA     00000001 TFSM 000F4240)
[    0.018098] kernel: ACPI: FPDT 0x00000000B7F8F000 000044 (v01 HPQOEM EDK2     00000002      01000013)
[    0.018104] kernel: ACPI: BGRT 0x00000000B7F8E000 000038 (v01 HPQOEM EDK2     00000002      01000013)
[    0.018110] kernel: ACPI: SSDT 0x00000000B7FDC000 0002F9 (v02 HP     PwrCtlEv 00000001 INTL 20160527)
[    0.018115] kernel: ACPI: Reserving FACP table memory at [mem 0xb7fd8000-0xb7fd810b]
[    0.018118] kernel: ACPI: Reserving DSDT table memory at [mem 0xb7fb2000-0xb7fd4575]
[    0.018120] kernel: ACPI: Reserving FACS table memory at [mem 0xb7f64000-0xb7f6403f]
[    0.018122] kernel: ACPI: Reserving SSDT table memory at [mem 0xb7ffc000-0xb7ffc129]
[    0.018124] kernel: ACPI: Reserving RTMA table memory at [mem 0xb7ffb000-0xb7ffb09d]
[    0.018126] kernel: ACPI: Reserving SSDT table memory at [mem 0xb7fe6000-0xb7ffa5e7]
[    0.018127] kernel: ACPI: Reserving SSDT table memory at [mem 0xb7fe5000-0xb7fe5f24]
[    0.018129] kernel: ACPI: Reserving SSDT table memory at [mem 0xb7fe4000-0xb7fe40fa]
[    0.018131] kernel: ACPI: Reserving UEFI table memory at [mem 0xb7f75000-0xb7f75041]
[    0.018133] kernel: ACPI: Reserving OEML table memory at [mem 0xb7fe3000-0xb7fe3027]
[    0.018134] kernel: ACPI: Reserving SSDT table memory at [mem 0xb7fe2000-0xb7fe23c7]
[    0.018136] kernel: ACPI: Reserving TPM2 table memory at [mem 0xb7fe1000-0xb7fe1033]
[    0.018138] kernel: ACPI: Reserving SSDT table memory at [mem 0xb7fdd000-0xb7fe02d5]
[    0.018139] kernel: ACPI: Reserving MSDM table memory at [mem 0xb7fdb000-0xb7fdb054]
[    0.018141] kernel: ACPI: Reserving SLIC table memory at [mem 0xb7fda000-0xb7fda175]
[    0.018143] kernel: ACPI: Reserving WSMT table memory at [mem 0xb7fd9000-0xb7fd9027]
[    0.018145] kernel: ACPI: Reserving HPET table memory at [mem 0xb7fd7000-0xb7fd7037]
[    0.018146] kernel: ACPI: Reserving APIC table memory at [mem 0xb7fd6000-0xb7fd612b]
[    0.018148] kernel: ACPI: Reserving MCFG table memory at [mem 0xb7fd5000-0xb7fd503b]
[    0.018150] kernel: ACPI: Reserving SSDT table memory at [mem 0xb7fb1000-0xb7fb11bb]
[    0.018152] kernel: ACPI: Reserving SSDT table memory at [mem 0xb7fb0000-0xb7fb0733]
[    0.018153] kernel: ACPI: Reserving SSDT table memory at [mem 0xb7fab000-0xb7faf17b]
[    0.018155] kernel: ACPI: Reserving SSDT table memory at [mem 0xb7fa5000-0xb7fa9162]
[    0.018157] kernel: ACPI: Reserving SSDT table memory at [mem 0xb7fa3000-0xb7fa47ad]
[    0.018158] kernel: ACPI: Reserving SSDT table memory at [mem 0xb7ffd000-0xb7ffd9ce]
[    0.018160] kernel: ACPI: Reserving SSDT table memory at [mem 0xb7fa2000-0xb7fa2140]
[    0.018162] kernel: ACPI: Reserving SSDT table memory at [mem 0xb7fa1000-0xb7fa129e]
[    0.018164] kernel: ACPI: Reserving SSDT table memory at [mem 0xb7fa0000-0xb7fa0345]
[    0.018165] kernel: ACPI: Reserving SSDT table memory at [mem 0xb7f9f000-0xb7f9f357]
[    0.018167] kernel: ACPI: Reserving SSDT table memory at [mem 0xb7f9e000-0xb7f9e3c7]
[    0.018169] kernel: ACPI: Reserving DBGP table memory at [mem 0xb7f9d000-0xb7f9d033]
[    0.018171] kernel: ACPI: Reserving DBG2 table memory at [mem 0xb7f9c000-0xb7f9c053]
[    0.018172] kernel: ACPI: Reserving DMAR table memory at [mem 0xb7f9b000-0xb7f9b0a7]
[    0.018174] kernel: ACPI: Reserving SSDT table memory at [mem 0xb7f96000-0xb7f9abf1]
[    0.018176] kernel: ACPI: Reserving NHLT table memory at [mem 0xb7f95000-0xb7f9502c]
[    0.018178] kernel: ACPI: Reserving SSDT table memory at [mem 0xb7f94000-0xb7f9410d]
[    0.018180] kernel: ACPI: Reserving SSDT table memory at [mem 0xb7f93000-0xb7f93d25]
[    0.018181] kernel: ACPI: Reserving SSDT table memory at [mem 0xb7f92000-0xb7f92031]
[    0.018183] kernel: ACPI: Reserving SSDT table memory at [mem 0xb7f91000-0xb7f91068]
[    0.018185] kernel: ACPI: Reserving ASF! table memory at [mem 0xb7f90000-0xb7f9009f]
[    0.018187] kernel: ACPI: Reserving FPDT table memory at [mem 0xb7f8f000-0xb7f8f043]
[    0.018188] kernel: ACPI: Reserving BGRT table memory at [mem 0xb7f8e000-0xb7f8e037]
[    0.018190] kernel: ACPI: Reserving SSDT table memory at [mem 0xb7fdc000-0xb7fdc2f8]
[    0.018455] kernel: No NUMA configuration found
[    0.018457] kernel: Faking a node at [mem 0x0000000000000000-0x000000023f7fffff]
[    0.018474] kernel: NODE_DATA(0) allocated [mem 0x23f7d5000-0x23f7fffff]
[    0.018849] kernel: Zone ranges:
[    0.018850] kernel:   DMA      [mem 0x0000000000001000-0x0000000000ffffff]
[    0.018854] kernel:   DMA32    [mem 0x0000000001000000-0x00000000ffffffff]
[    0.018857] kernel:   Normal   [mem 0x0000000100000000-0x000000023f7fffff]
[    0.018860] kernel:   Device   empty
[    0.018862] kernel: Movable zone start for each node
[    0.018866] kernel: Early memory node ranges
[    0.018867] kernel:   node   0: [mem 0x0000000000001000-0x0000000000057fff]
[    0.018870] kernel:   node   0: [mem 0x0000000000059000-0x000000000009dfff]
[    0.018872] kernel:   node   0: [mem 0x000000000009f000-0x000000000009ffff]
[    0.018874] kernel:   node   0: [mem 0x0000000000100000-0x000000003fffffff]
[    0.018876] kernel:   node   0: [mem 0x0000000040400000-0x000000009797dfff]
[    0.018878] kernel:   node   0: [mem 0x000000009797f000-0x0000000097cf7fff]
[    0.018880] kernel:   node   0: [mem 0x0000000097cf9000-0x00000000a5663fff]
[    0.018882] kernel:   node   0: [mem 0x00000000a5666000-0x00000000b6f9afff]
[    0.018883] kernel:   node   0: [mem 0x00000000b7fff000-0x00000000b7ffffff]
[    0.018885] kernel:   node   0: [mem 0x0000000100000000-0x000000023f7fffff]
[    0.018888] kernel: Initmem setup node 0 [mem 0x0000000000001000-0x000000023f7fffff]
[    0.018896] kernel: On node 0, zone DMA: 1 pages in unavailable ranges
[    0.018899] kernel: On node 0, zone DMA: 1 pages in unavailable ranges
[    0.018901] kernel: On node 0, zone DMA: 1 pages in unavailable ranges
[    0.018934] kernel: On node 0, zone DMA: 96 pages in unavailable ranges
[    0.027644] kernel: On node 0, zone DMA32: 1024 pages in unavailable ranges
[    0.027658] kernel: On node 0, zone DMA32: 1 pages in unavailable ranges
[    0.028461] kernel: On node 0, zone DMA32: 1 pages in unavailable ranges
[    0.029526] kernel: On node 0, zone DMA32: 2 pages in unavailable ranges
[    0.029605] kernel: On node 0, zone DMA32: 4196 pages in unavailable ranges
[    0.049069] kernel: On node 0, zone Normal: 2048 pages in unavailable ranges
[    0.049087] kernel: Reserving Intel graphics memory at [mem 0xbc800000-0xbe7fffff]
[    0.049647] kernel: ACPI: PM-Timer IO Port: 0x1808
[    0.049663] kernel: ACPI: LAPIC_NMI (acpi_id[0x01] high edge lint[0x1])
[    0.049666] kernel: ACPI: LAPIC_NMI (acpi_id[0x02] high edge lint[0x1])
[    0.049668] kernel: ACPI: LAPIC_NMI (acpi_id[0x03] high edge lint[0x1])
[    0.049669] kernel: ACPI: LAPIC_NMI (acpi_id[0x04] high edge lint[0x1])
[    0.049671] kernel: ACPI: LAPIC_NMI (acpi_id[0x05] high edge lint[0x1])
[    0.049673] kernel: ACPI: LAPIC_NMI (acpi_id[0x06] high edge lint[0x1])
[    0.049674] kernel: ACPI: LAPIC_NMI (acpi_id[0x07] high edge lint[0x1])
[    0.049676] kernel: ACPI: LAPIC_NMI (acpi_id[0x08] high edge lint[0x1])
[    0.049677] kernel: ACPI: LAPIC_NMI (acpi_id[0x09] high edge lint[0x1])
[    0.049679] kernel: ACPI: LAPIC_NMI (acpi_id[0x0a] high edge lint[0x1])
[    0.049680] kernel: ACPI: LAPIC_NMI (acpi_id[0x0b] high edge lint[0x1])
[    0.049682] kernel: ACPI: LAPIC_NMI (acpi_id[0x0c] high edge lint[0x1])
[    0.049684] kernel: ACPI: LAPIC_NMI (acpi_id[0x0d] high edge lint[0x1])
[    0.049685] kernel: ACPI: LAPIC_NMI (acpi_id[0x0e] high edge lint[0x1])
[    0.049687] kernel: ACPI: LAPIC_NMI (acpi_id[0x0f] high edge lint[0x1])
[    0.049688] kernel: ACPI: LAPIC_NMI (acpi_id[0x10] high edge lint[0x1])
[    0.049722] kernel: IOAPIC[0]: apic_id 2, version 32, address 0xfec00000, GSI 0-119
[    0.049728] kernel: ACPI: INT_SRC_OVR (bus 0 bus_irq 0 global_irq 2 dfl dfl)
[    0.049731] kernel: ACPI: INT_SRC_OVR (bus 0 bus_irq 9 global_irq 9 high level)
[    0.049741] kernel: ACPI: Using ACPI (MADT) for SMP configuration information
[    0.049743] kernel: ACPI: HPET id: 0x8086a201 base: 0xfed00000
[    0.049755] kernel: e820: update [mem 0xb241a000-0xb2442fff] usable ==> reserved
[    0.049781] kernel: TSC deadline timer available
[    0.049788] kernel: CPU topo: Max. logical packages:   1
[    0.049790] kernel: CPU topo: Max. logical dies:       1
[    0.049791] kernel: CPU topo: Max. dies per package:   1
[    0.049799] kernel: CPU topo: Max. threads per core:   2
[    0.049800] kernel: CPU topo: Num. cores per package:     4
[    0.049802] kernel: CPU topo: Num. threads per package:   8
[    0.049803] kernel: CPU topo: Allowing 8 present CPUs plus 0 hotplug CPUs
[    0.049844] kernel: PM: hibernation: Registered nosave memory: [mem 0x00000000-0x00000fff]
[    0.049849] kernel: PM: hibernation: Registered nosave memory: [mem 0x00058000-0x00058fff]
[    0.049852] kernel: PM: hibernation: Registered nosave memory: [mem 0x0009e000-0x0009efff]
[    0.049856] kernel: PM: hibernation: Registered nosave memory: [mem 0x000a0000-0x000fffff]
[    0.049859] kernel: PM: hibernation: Registered nosave memory: [mem 0x40000000-0x403fffff]
[    0.049863] kernel: PM: hibernation: Registered nosave memory: [mem 0x9797e000-0x9797efff]
[    0.049866] kernel: PM: hibernation: Registered nosave memory: [mem 0x97cf8000-0x97cf8fff]
[    0.049870] kernel: PM: hibernation: Registered nosave memory: [mem 0xa0f9d000-0xa0f9dfff]
[    0.049873] kernel: PM: hibernation: Registered nosave memory: [mem 0xa0fad000-0xa0fadfff]
[    0.049877] kernel: PM: hibernation: Registered nosave memory: [mem 0xa5664000-0xa5664fff]
[    0.049879] kernel: PM: hibernation: Registered nosave memory: [mem 0xa5665000-0xa5665fff]
[    0.049882] kernel: PM: hibernation: Registered nosave memory: [mem 0xb241a000-0xb2442fff]
[    0.049886] kernel: PM: hibernation: Registered nosave memory: [mem 0xb6f9b000-0xb7d7efff]
[    0.049887] kernel: PM: hibernation: Registered nosave memory: [mem 0xb7d7f000-0xb7f7efff]
[    0.049889] kernel: PM: hibernation: Registered nosave memory: [mem 0xb7f7f000-0xb7ffefff]
[    0.049892] kernel: PM: hibernation: Registered nosave memory: [mem 0xb8000000-0xbe7fffff]
[    0.049894] kernel: PM: hibernation: Registered nosave memory: [mem 0xbe800000-0xfe00ffff]
[    0.049896] kernel: PM: hibernation: Registered nosave memory: [mem 0xfe010000-0xfe010fff]
[    0.049897] kernel: PM: hibernation: Registered nosave memory: [mem 0xfe011000-0xffffffff]
[    0.049900] kernel: [mem 0xbe800000-0xfe00ffff] available for PCI devices
[    0.049902] kernel: Booting paravirtualized kernel on bare hardware
[    0.049905] kernel: clocksource: refined-jiffies: mask: 0xffffffff max_cycles: 0xffffffff, max_idle_ns: 1910969940391419 ns
[    0.049919] kernel: setup_percpu: NR_CPUS:8192 nr_cpumask_bits:8 nr_cpu_ids:8 nr_node_ids:1
[    0.051356] kernel: percpu: Embedded 87 pages/cpu s233472 r8192 d114688 u524288
[    0.051371] kernel: pcpu-alloc: s233472 r8192 d114688 u524288 alloc=1*2097152
[    0.051375] kernel: pcpu-alloc: [0] 0 1 2 3 [0] 4 5 6 7 
[    0.051422] kernel: Kernel command line: initrd=\EFI\Pop_OS-d047bce4-63ac-4071-b369-ee7b521891b8\initrd.img root=UUID=d047bce4-63ac-4071-b369-ee7b521891b8 ro quiet loglevel=0 systemd.show_status=false splash
[    0.051596] kernel: Unknown kernel command line parameters "splash", will be passed to user space.
[    0.053597] kernel: Dentry cache hash table entries: 1048576 (order: 11, 8388608 bytes, linear)
[    0.054579] kernel: Inode-cache hash table entries: 524288 (order: 10, 4194304 bytes, linear)
[    0.054831] kernel: Fallback order for Node 0: 0 
[    0.054836] kernel: Built 1 zonelists, mobility grouping on.  Total pages: 2023689
[    0.054839] kernel: Policy zone: Normal
[    0.054848] kernel: mem auto-init: stack:all(zero), heap alloc:on, heap free:off
[    0.054860] kernel: software IO TLB: area num 8.
[    0.128286] kernel: Memory: 7789320K/8228052K available (22528K kernel code, 4491K rwdata, 14012K rodata, 5012K init, 4640K bss, 438472K reserved, 0K cma-reserved)
[    0.130151] kernel: SLUB: HWalign=64, Order=0-3, MinObjects=0, CPUs=8, Nodes=1
[    0.130204] kernel: Kernel/User page tables isolation: enabled
[    0.130268] kernel: ftrace: allocating 58259 entries in 228 pages
[    0.147480] kernel: ftrace: allocated 228 pages with 4 groups
[    0.148828] kernel: Dynamic Preempt: voluntary
[    0.148961] kernel: rcu: Preemptible hierarchical RCU implementation.
[    0.148962] kernel: rcu:         RCU restricting CPUs from NR_CPUS=8192 to nr_cpu_ids=8.
[    0.148965] kernel:         Trampoline variant of Tasks RCU enabled.
[    0.148966] kernel:         Rude variant of Tasks RCU enabled.
[    0.148967] kernel:         Tracing variant of Tasks RCU enabled.
[    0.148968] kernel: rcu: RCU calculated value of scheduler-enlistment delay is 100 jiffies.
[    0.148970] kernel: rcu: Adjusting geometry for rcu_fanout_leaf=16, nr_cpu_ids=8
[    0.148980] kernel: RCU Tasks: Setting shift to 3 and lim to 1 rcu_task_cb_adjust=1.
[    0.148984] kernel: RCU Tasks Rude: Setting shift to 3 and lim to 1 rcu_task_cb_adjust=1.
[    0.148986] kernel: RCU Tasks Trace: Setting shift to 3 and lim to 1 rcu_task_cb_adjust=1.
[    0.154455] kernel: NR_IRQS: 524544, nr_irqs: 2048, preallocated irqs: 16
[    0.154771] kernel: rcu: srcu_init: Setting srcu_struct sizes based on contention.
[    0.155014] kernel: Console: colour dummy device 80x25
[    0.155019] kernel: printk: legacy console [tty0] enabled
[    0.155121] kernel: ACPI: Core revision 20230628
[    0.155717] kernel: hpet: HPET dysfunctional in PC10. Force disabled.
[    0.155720] kernel: APIC: Switch to symmetric I/O mode setup
[    0.155724] kernel: DMAR: Host address width 39
[    0.155726] kernel: DMAR: DRHD base: 0x000000fed90000 flags: 0x0
[    0.155749] kernel: DMAR: dmar0: reg_base_addr fed90000 ver 1:0 cap 1c0000c40660462 ecap 19e2ff0505e
[    0.155754] kernel: DMAR: DRHD base: 0x000000fed91000 flags: 0x1
[    0.155762] kernel: DMAR: dmar1: reg_base_addr fed91000 ver 1:0 cap d2008c40660462 ecap f050da
[    0.155766] kernel: DMAR: RMRR base: 0x000000b7c4b000 end: 0x000000b7c6afff
[    0.155769] kernel: DMAR: RMRR base: 0x000000bc000000 end: 0x000000be7fffff
[    0.155773] kernel: DMAR-IR: IOAPIC id 2 under DRHD base  0xfed91000 IOMMU 1
[    0.155776] kernel: DMAR-IR: HPET id 0 under DRHD base 0xfed91000
[    0.155778] kernel: DMAR-IR: Queued invalidation will be enabled to support x2apic and Intr-remapping.
[    0.157984] kernel: DMAR-IR: Enabled IRQ remapping in x2apic mode
[    0.157988] kernel: x2apic enabled
[    0.158098] kernel: APIC: Switched APIC routing to: cluster x2apic
[    0.162055] kernel: clocksource: tsc-early: mask: 0xffffffffffffffff max_cycles: 0x36c5f9386c6, max_idle_ns: 881590416379 ns
[    0.162066] kernel: Calibrating delay loop (skipped), value calculated using timer frequency.. 3799.90 BogoMIPS (lpj=1899950)
[    0.162108] kernel: x86/cpu: SGX disabled by BIOS.
[    0.162117] kernel: CPU0: Thermal monitoring enabled (TM1)
[    0.162205] kernel: Last level iTLB entries: 4KB 64, 2MB 8, 4MB 8
[    0.162207] kernel: Last level dTLB entries: 4KB 64, 2MB 0, 4MB 0, 1GB 4
[    0.162215] kernel: process: using mwait in idle threads
[    0.162220] kernel: Spectre V1 : Mitigation: usercopy/swapgs barriers and __user pointer sanitization
[    0.162225] kernel: Spectre V2 : Mitigation: IBRS
[    0.162226] kernel: Spectre V2 : Spectre v2 / SpectreRSB mitigation: Filling RSB on context switch
[    0.162229] kernel: Spectre V2 : Spectre v2 / SpectreRSB : Filling RSB on VMEXIT
[    0.162231] kernel: RETBleed: Mitigation: IBRS
[    0.162235] kernel: Spectre V2 : mitigation: Enabling conditional Indirect Branch Prediction Barrier
[    0.162238] kernel: Spectre V2 : User space: Mitigation: STIBP via prctl
[    0.162241] kernel: Speculative Store Bypass: Mitigation: Speculative Store Bypass disabled via prctl
[    0.162254] kernel: MDS: Mitigation: Clear CPU buffers
[    0.162257] kernel: TAA: Mitigation: TSX disabled
[    0.162259] kernel: MMIO Stale Data: Mitigation: Clear CPU buffers
[    0.162266] kernel: SRBDS: Mitigation: Microcode
[    0.162277] kernel: GDS: Mitigation: Microcode
[    0.162287] kernel: x86/fpu: Supporting XSAVE feature 0x001: 'x87 floating point registers'
[    0.162290] kernel: x86/fpu: Supporting XSAVE feature 0x002: 'SSE registers'
[    0.162293] kernel: x86/fpu: Supporting XSAVE feature 0x004: 'AVX registers'
[    0.162296] kernel: x86/fpu: Supporting XSAVE feature 0x008: 'MPX bounds registers'
[    0.162298] kernel: x86/fpu: Supporting XSAVE feature 0x010: 'MPX CSR'
[    0.162301] kernel: x86/fpu: xstate_offset[2]:  576, xstate_sizes[2]:  256
[    0.162305] kernel: x86/fpu: xstate_offset[3]:  832, xstate_sizes[3]:   64
[    0.162309] kernel: x86/fpu: xstate_offset[4]:  896, xstate_sizes[4]:   64
[    0.162312] kernel: x86/fpu: Enabled xstate features 0x1f, context size is 960 bytes, using 'compacted' format.
[    0.163062] kernel: Freeing SMP alternatives memory: 44K
[    0.163062] kernel: pid_max: default: 32768 minimum: 301
[    0.163062] kernel: LSM: initializing lsm=lockdown,capability,landlock,yama,apparmor,ima,evm
[    0.163062] kernel: landlock: Up and running.
[    0.163062] kernel: Yama: becoming mindful.
[    0.163062] kernel: AppArmor: AppArmor initialized
[    0.163062] kernel: Mount-cache hash table entries: 16384 (order: 5, 131072 bytes, linear)
[    0.163062] kernel: Mountpoint-cache hash table entries: 16384 (order: 5, 131072 bytes, linear)
[    0.163062] kernel: smpboot: CPU0: Intel(R) Core(TM) i5-8350U CPU @ 1.70GHz (family: 0x6, model: 0x8e, stepping: 0xa)
[    0.163062] kernel: Performance Events: PEBS fmt3+, Skylake events, 32-deep LBR, full-width counters, Intel PMU driver.
[    0.163062] kernel: ... version:                4
[    0.163062] kernel: ... bit width:              48
[    0.163062] kernel: ... generic registers:      4
[    0.163062] kernel: ... value mask:             0000ffffffffffff
[    0.163062] kernel: ... max period:             00007fffffffffff
[    0.163062] kernel: ... fixed-purpose events:   3
[    0.163062] kernel: ... event mask:             000000070000000f
[    0.163062] kernel: signal: max sigframe size: 2032
[    0.163062] kernel: Estimated ratio of average max frequency by base frequency (times 1024): 1940
[    0.165529] kernel: rcu: Hierarchical SRCU implementation.
[    0.165532] kernel: rcu:         Max phase no-delay instances is 400.
[    0.166956] kernel: NMI watchdog: Enabled. Permanently consumes one hw-PMU counter.
[    0.167115] kernel: smp: Bringing up secondary CPUs ...
[    0.167333] kernel: smpboot: x86: Booting SMP configuration:
[    0.167335] kernel: .... node  #0, CPUs:      #1 #2 #3 #4 #5 #6 #7
[    0.173500] kernel: MDS CPU bug present and SMT on, data leak possible. See https://www.kernel.org/doc/html/latest/admin-guide/hw-vuln/mds.html for more details.
[    0.173500] kernel: MMIO Stale Data CPU bug present and SMT on, data leak possible. See https://www.kernel.org/doc/html/latest/admin-guide/hw-vuln/processor_mmio_stale_data.html for more details.
[    0.174151] kernel: smp: Brought up 1 node, 8 CPUs
[    0.174151] kernel: smpboot: Total of 8 processors activated (30399.20 BogoMIPS)
[    0.175598] kernel: devtmpfs: initialized
[    0.175598] kernel: x86/mm: Memory block size: 128MB
[    0.178124] kernel: ACPI: PM: Registering ACPI NVS region [mem 0xa5664000-0xa5664fff] (4096 bytes)
[    0.178130] kernel: ACPI: PM: Registering ACPI NVS region [mem 0xb7d7f000-0xb7f7efff] (2097152 bytes)
[    0.178280] kernel: clocksource: jiffies: mask: 0xffffffff max_cycles: 0xffffffff, max_idle_ns: 1911260446275000 ns
[    0.178299] kernel: futex hash table entries: 2048 (order: 5, 131072 bytes, linear)
[    0.178417] kernel: pinctrl core: initialized pinctrl subsystem
[    0.178651] kernel: PM: RTC time: 05:15:25, date: 2024-08-23
[    0.179603] kernel: NET: Registered PF_NETLINK/PF_ROUTE protocol family
[    0.180061] kernel: DMA: preallocated 1024 KiB GFP_KERNEL pool for atomic allocations
[    0.180171] kernel: DMA: preallocated 1024 KiB GFP_KERNEL|GFP_DMA pool for atomic allocations
[    0.180279] kernel: DMA: preallocated 1024 KiB GFP_KERNEL|GFP_DMA32 pool for atomic allocations
[    0.180307] kernel: audit: initializing netlink subsys (disabled)
[    0.180351] kernel: audit: type=2000 audit(1724390125.018:1): state=initialized audit_enabled=0 res=1
[    0.180351] kernel: thermal_sys: Registered thermal governor 'fair_share'
[    0.180351] kernel: thermal_sys: Registered thermal governor 'bang_bang'
[    0.180351] kernel: thermal_sys: Registered thermal governor 'step_wise'
[    0.180352] kernel: thermal_sys: Registered thermal governor 'user_space'
[    0.180354] kernel: thermal_sys: Registered thermal governor 'power_allocator'
[    0.180367] kernel: EISA bus registered
[    0.180387] kernel: cpuidle: using governor ladder
[    0.180396] kernel: cpuidle: using governor menu
[    0.180505] kernel: ACPI FADT declares the system doesn't support PCIe ASPM, so disable it
[    0.180505] kernel: acpiphp: ACPI Hot Plug PCI Controller Driver version: 0.5
[    0.181110] kernel: PCI: ECAM [mem 0xf0000000-0xf7ffffff] (base 0xf0000000) for domain 0000 [bus 00-7f]
[    0.181121] kernel: PCI: not using ECAM ([mem 0xf0000000-0xf7ffffff] not reserved)
[    0.181124] kernel: PCI: Using configuration type 1 for base access
[    0.181412] kernel: kprobes: kprobe jump-optimization is enabled. All kprobes are optimized if possible.
[    0.181425] kernel: HugeTLB: registered 1.00 GiB page size, pre-allocated 0 pages
[    0.181425] kernel: HugeTLB: 16380 KiB vmemmap can be freed for a 1.00 GiB page
[    0.181425] kernel: HugeTLB: registered 2.00 MiB page size, pre-allocated 0 pages
[    0.181425] kernel: HugeTLB: 28 KiB vmemmap can be freed for a 2.00 MiB page
[    0.181579] kernel: Demotion targets for Node 0: null
[    0.182725] kernel: ACPI: Added _OSI(Module Device)
[    0.182730] kernel: ACPI: Added _OSI(Processor Device)
[    0.182734] kernel: ACPI: Added _OSI(3.0 _SCP Extensions)
[    0.182737] kernel: ACPI: Added _OSI(Processor Aggregator Device)
[    0.283673] kernel: ACPI: 24 ACPI AML tables successfully acquired and loaded
[    0.290403] kernel: ACPI: [Firmware Bug]: BIOS _OSI(Linux) query ignored
[    0.308310] kernel: ACPI BIOS Error (bug): AE_AML_BUFFER_LIMIT, Field [CAP1] at bit offset/length 64/32 exceeds size of target Buffer (64 bits) (20230628/dsopcode-198)
[    0.308310] kernel: 
[    0.308310] kernel: No Local Variables are initialized for Method [_OSC]
[    0.308310] kernel: 
[    0.308310] kernel: Initialized Arguments for Method [_OSC]:  (4 arguments defined for method invocation)
[    0.308310] kernel:   Arg0:   (____ptrval____) <Obj>           Buffer(16) 6E B0 11 08 27 4A F9 44
[    0.308310] kernel:   Arg1:   (____ptrval____) <Obj>           Integer 0000000000000001
[    0.308310] kernel:   Arg2:   (____ptrval____) <Obj>           Integer 0000000000000002
[    0.308310] kernel:   Arg3:   (____ptrval____) <Obj>           Buffer(8) 01 00 00 00 FF 7E 66 00
[    0.308310] kernel: 
[    0.308310] kernel: ACPI Error: Aborting method \_SB._OSC due to previous error (AE_AML_BUFFER_LIMIT) (20230628/psparse-529)
[    0.309721] kernel: ACPI: Dynamic OEM Table Load:
[    0.309745] kernel: ACPI: SSDT 0xFFFF913541C65800 0003FF (v02 PmRef  Cpu0Cst  00003001 INTL 20160527)
[    0.313348] kernel: ACPI: Dynamic OEM Table Load:
[    0.313370] kernel: ACPI: SSDT 0xFFFF913541390000 0005AC (v02 PmRef  Cpu0Ist  00003000 INTL 20160527)
[    0.318635] kernel: ACPI: Dynamic OEM Table Load:
[    0.318659] kernel: ACPI: SSDT 0xFFFF913541C9C000 000D14 (v02 PmRef  ApIst    00003000 INTL 20160527)
[    0.324218] kernel: ACPI: Dynamic OEM Table Load:
[    0.324239] kernel: ACPI: SSDT 0xFFFF913541C63000 00030A (v02 PmRef  ApCst    00003000 INTL 20160527)
[    0.335345] kernel: ACPI: _OSC evaluated successfully for all CPUs
[    0.335483] kernel: ACPI: EC: EC started
[    0.335486] kernel: ACPI: EC: interrupt blocked
[    0.357733] kernel: ACPI: EC: EC_CMD/EC_SC=0x66, EC_DATA=0x62
[    0.357739] kernel: ACPI: \_SB_.PCI0.LPCB.EC0_: Boot DSDT EC used to handle transactions
[    0.357743] kernel: ACPI: Interpreter enabled
[    0.357845] kernel: ACPI: PM: (supports S0 S3 S4 S5)
[    0.357848] kernel: ACPI: Using IOAPIC for interrupt routing
[    0.362565] kernel: PCI: ECAM [mem 0xf0000000-0xf7ffffff] (base 0xf0000000) for domain 0000 [bus 00-7f]
[    0.369953] kernel: PCI: ECAM [mem 0xf0000000-0xf7ffffff] reserved as ACPI motherboard resource
[    0.369973] kernel: PCI: Using host bridge windows from ACPI; if necessary, use "pci=nocrs" and report a bug
[    0.369975] kernel: PCI: Ignoring E820 reservations for host bridge windows
[    0.371795] kernel: ACPI: Enabled 9 GPEs in block 00 to 7F
[    0.373492] kernel: ACPI Warning: \_SB._PLD: Return Package type mismatch at index 0 - found Package, expected Buffer (20230628/nspredef-260)
[    0.395653] kernel: ACPI: \_SB_.PCI0.RP04.PXSX.WRST: New power resource
[    0.399542] kernel: ACPI: \_SB_.PCI0.RP07.PXP_: New power resource
[    0.451354] kernel: ACPI: PCI Root Bridge [PCI0] (domain 0000 [bus 00-7e])
[    0.451370] kernel: acpi PNP0A08:00: _OSC: OS supports [ExtendedConfig ASPM ClockPM Segments MSI EDR HPX-Type3]
[    0.451651] kernel: acpi PNP0A08:00: _OSC: platform does not support [PCIeHotplug SHPCHotplug PME AER]
[    0.452152] kernel: acpi PNP0A08:00: _OSC: OS now controls [PCIeCapability LTR DPC]
[    0.452156] kernel: acpi PNP0A08:00: FADT indicates ASPM is unsupported, using BIOS configuration
[    0.457946] kernel: PCI host bridge to bus 0000:00
[    0.457951] kernel: pci_bus 0000:00: root bus resource [io  0x0000-0x0cf7 window]
[    0.457956] kernel: pci_bus 0000:00: root bus resource [io  0x0d00-0xffff window]
[    0.457960] kernel: pci_bus 0000:00: root bus resource [mem 0x000a0000-0x000bffff window]
[    0.457964] kernel: pci_bus 0000:00: root bus resource [mem 0xbe800000-0xefffffff window]
[    0.457967] kernel: pci_bus 0000:00: root bus resource [mem 0x1c00000000-0x1fffffffff window]
[    0.457970] kernel: pci_bus 0000:00: root bus resource [mem 0xfd000000-0xfe7fffff window]
[    0.457974] kernel: pci_bus 0000:00: root bus resource [bus 00-7e]
[    0.458024] kernel: pci 0000:00:00.0: [8086:5914] type 00 class 0x060000 conventional PCI endpoint
[    0.458189] kernel: pci 0000:00:02.0: [8086:5917] type 00 class 0x030000 PCIe Root Complex Integrated Endpoint
[    0.458207] kernel: pci 0000:00:02.0: BAR 0 [mem 0x1ff2000000-0x1ff2ffffff 64bit]
[    0.458219] kernel: pci 0000:00:02.0: BAR 2 [mem 0xc0000000-0xcfffffff 64bit pref]
[    0.458227] kernel: pci 0000:00:02.0: BAR 4 [io  0x3000-0x303f]
[    0.458262] kernel: pci 0000:00:02.0: Video device with shadowed ROM at [mem 0x000c0000-0x000dffff]
[    0.458718] kernel: pci 0000:00:04.0: [8086:1903] type 00 class 0x118000 conventional PCI endpoint
[    0.458737] kernel: pci 0000:00:04.0: BAR 0 [mem 0x1ff3010000-0x1ff3017fff 64bit]
[    0.459434] kernel: pci 0000:00:14.0: [8086:9d2f] type 00 class 0x0c0330 conventional PCI endpoint
[    0.459456] kernel: pci 0000:00:14.0: BAR 0 [mem 0xe6220000-0xe622ffff 64bit]
[    0.459528] kernel: pci 0000:00:14.0: PME# supported from D3hot D3cold
[    0.461114] kernel: pci 0000:00:14.2: [8086:9d31] type 00 class 0x118000 conventional PCI endpoint
[    0.461139] kernel: pci 0000:00:14.2: BAR 0 [mem 0x1ff3020000-0x1ff3020fff 64bit]
[    0.461465] kernel: pci 0000:00:15.0: [8086:9d60] type 00 class 0x118000 conventional PCI endpoint
[    0.461675] kernel: pci 0000:00:15.0: BAR 0 [mem 0x1ff301f000-0x1ff301ffff 64bit]
[    0.463219] kernel: pci 0000:00:15.1: [8086:9d61] type 00 class 0x118000 conventional PCI endpoint
[    0.463430] kernel: pci 0000:00:15.1: BAR 0 [mem 0x1ff301e000-0x1ff301efff 64bit]
[    0.464869] kernel: pci 0000:00:16.0: [8086:9d3a] type 00 class 0x078000 conventional PCI endpoint
[    0.464896] kernel: pci 0000:00:16.0: BAR 0 [mem 0x1ff301d000-0x1ff301dfff 64bit]
[    0.464980] kernel: pci 0000:00:16.0: PME# supported from D3hot
[    0.466138] kernel: pci 0000:00:17.0: [8086:9d03] type 00 class 0x010601 conventional PCI endpoint
[    0.466161] kernel: pci 0000:00:17.0: BAR 0 [mem 0xe6234000-0xe6235fff]
[    0.466174] kernel: pci 0000:00:17.0: BAR 1 [mem 0xe6237000-0xe62370ff]
[    0.466188] kernel: pci 0000:00:17.0: BAR 2 [io  0x3080-0x3087]
[    0.466201] kernel: pci 0000:00:17.0: BAR 3 [io  0x3088-0x308b]
[    0.466214] kernel: pci 0000:00:17.0: BAR 4 [io  0x3060-0x307f]
[    0.466227] kernel: pci 0000:00:17.0: BAR 5 [mem 0xe6236000-0xe62367ff]
[    0.466292] kernel: pci 0000:00:17.0: PME# supported from D3hot
[    0.467006] kernel: pci 0000:00:1c.0: [8086:9d13] type 01 class 0x060400 PCIe Root Port
[    0.467040] kernel: pci 0000:00:1c.0: PCI bridge to [bus 01]
[    0.467049] kernel: pci 0000:00:1c.0:   bridge window [mem 0xe6100000-0xe61fffff]
[    0.467168] kernel: pci 0000:00:1c.0: PME# supported from D0 D3hot D3cold
[    0.467204] kernel: pci 0000:00:1c.0: Intel SPT PCH root port ACS workaround enabled
[    0.468562] kernel: pci 0000:00:1c.4: [8086:9d14] type 01 class 0x060400 PCIe Root Port
[    0.468603] kernel: pci 0000:00:1c.4: PCI bridge to [bus 02-3a]
[    0.468612] kernel: pci 0000:00:1c.4:   bridge window [mem 0xd0000000-0xe60fffff]
[    0.468627] kernel: pci 0000:00:1c.4:   bridge window [mem 0x1fd0000000-0x1ff1ffffff 64bit pref]
[    0.468716] kernel: pci 0000:00:1c.4: PME# supported from D0 D3hot D3cold
[    0.468741] kernel: pci 0000:00:1c.4: Intel SPT PCH root port ACS workaround enabled
[    0.470046] kernel: pci 0000:00:1f.0: [8086:9d4e] type 00 class 0x060100 conventional PCI endpoint
[    0.470763] kernel: pci 0000:00:1f.2: [8086:9d21] type 00 class 0x058000 conventional PCI endpoint
[    0.470786] kernel: pci 0000:00:1f.2: BAR 0 [mem 0xe6230000-0xe6233fff]
[    0.471434] kernel: pci 0000:00:1f.3: [8086:9d71] type 00 class 0x040380 conventional PCI endpoint
[    0.471465] kernel: pci 0000:00:1f.3: BAR 0 [mem 0x1ff3018000-0x1ff301bfff 64bit]
[    0.471499] kernel: pci 0000:00:1f.3: BAR 4 [mem 0x1ff3000000-0x1ff300ffff 64bit]
[    0.471569] kernel: pci 0000:00:1f.3: PME# supported from D3hot D3cold
[    0.473641] kernel: pci 0000:00:1f.4: [8086:9d23] type 00 class 0x0c0500 conventional PCI endpoint
[    0.473699] kernel: pci 0000:00:1f.4: BAR 0 [mem 0x1ff301c000-0x1ff301c0ff 64bit]
[    0.473752] kernel: pci 0000:00:1f.4: BAR 4 [io  0xefa0-0xefbf]
[    0.474415] kernel: pci 0000:00:1f.6: [8086:15d7] type 00 class 0x020000 conventional PCI endpoint
[    0.474440] kernel: pci 0000:00:1f.6: BAR 0 [mem 0xe6200000-0xe621ffff]
[    0.474563] kernel: pci 0000:00:1f.6: PME# supported from D0 D3hot D3cold
[    0.475679] kernel: pci 0000:01:00.0: [8086:24fd] type 00 class 0x028000 PCIe Endpoint
[    0.475768] kernel: pci 0000:01:00.0: BAR 0 [mem 0xe6100000-0xe6101fff 64bit]
[    0.476441] kernel: pci 0000:01:00.0: PME# supported from D0 D3hot D3cold
[    0.477771] kernel: pci 0000:00:1c.0: PCI bridge to [bus 01]
[    0.477917] kernel: pci 0000:00:1c.4: PCI bridge to [bus 02-3a]
[    0.483128] kernel: ACPI: PCI: Interrupt link LNKA configured for IRQ 11
[    0.483274] kernel: ACPI: PCI: Interrupt link LNKB configured for IRQ 10
[    0.483416] kernel: ACPI: PCI: Interrupt link LNKC configured for IRQ 11
[    0.483558] kernel: ACPI: PCI: Interrupt link LNKD configured for IRQ 11
[    0.483702] kernel: ACPI: PCI: Interrupt link LNKE configured for IRQ 11
[    0.483842] kernel: ACPI: PCI: Interrupt link LNKF configured for IRQ 11
[    0.483981] kernel: ACPI: PCI: Interrupt link LNKG configured for IRQ 11
[    0.484126] kernel: ACPI: PCI: Interrupt link LNKH configured for IRQ 11
[    0.485818] kernel: ACPI: EC: interrupt unblocked
[    0.485822] kernel: ACPI: EC: event unblocked
[    0.485830] kernel: ACPI: EC: EC_CMD/EC_SC=0x66, EC_DATA=0x62
[    0.485833] kernel: ACPI: EC: GPE=0x6e
[    0.485836] kernel: ACPI: \_SB_.PCI0.LPCB.EC0_: Boot DSDT EC initialization complete
[    0.485841] kernel: ACPI: \_SB_.PCI0.LPCB.EC0_: EC: Used to handle transactions and events
[    0.485967] kernel: iommu: Default domain type: Translated
[    0.485967] kernel: iommu: DMA domain TLB invalidation policy: lazy mode
[    0.486333] kernel: SCSI subsystem initialized
[    0.486345] kernel: libata version 3.00 loaded.
[    0.486345] kernel: ACPI: bus type USB registered
[    0.486345] kernel: usbcore: registered new interface driver usbfs
[    0.486345] kernel: usbcore: registered new interface driver hub
[    0.486345] kernel: usbcore: registered new device driver usb
[    0.486345] kernel: pps_core: LinuxPPS API ver. 1 registered
[    0.486345] kernel: pps_core: Software ver. 5.3.6 - Copyright 2005-2007 Rodolfo Giometti <giometti@linux.it>
[    0.486345] kernel: PTP clock support registered
[    0.486345] kernel: EDAC MC: Ver: 3.0.0
[    0.487449] kernel: efivars: Registered efivars operations
[    0.488459] kernel: NetLabel: Initializing
[    0.488462] kernel: NetLabel:  domain hash size = 128
[    0.488464] kernel: NetLabel:  protocols = UNLABELED CIPSOv4 CALIPSO
[    0.488503] kernel: NetLabel:  unlabeled traffic allowed by default
[    0.488533] kernel: mctp: management component transport protocol core
[    0.488533] kernel: NET: Registered PF_MCTP protocol family
[    0.488533] kernel: PCI: Using ACPI for IRQ routing
[    0.498576] kernel: PCI: pci_cache_line_size set to 64 bytes
[    0.499080] kernel: e820: reserve RAM buffer [mem 0x00058000-0x0005ffff]
[    0.499084] kernel: e820: reserve RAM buffer [mem 0x0009e000-0x0009ffff]
[    0.499087] kernel: e820: reserve RAM buffer [mem 0x9797e000-0x97ffffff]
[    0.499090] kernel: e820: reserve RAM buffer [mem 0x97cf8000-0x97ffffff]
[    0.499092] kernel: e820: reserve RAM buffer [mem 0xa0f9d018-0xa3ffffff]
[    0.499095] kernel: e820: reserve RAM buffer [mem 0xa5664000-0xa7ffffff]
[    0.499097] kernel: e820: reserve RAM buffer [mem 0xb241a000-0xb3ffffff]
[    0.499100] kernel: e820: reserve RAM buffer [mem 0xb6f9b000-0xb7ffffff]
[    0.499103] kernel: e820: reserve RAM buffer [mem 0x23f800000-0x23fffffff]
[    0.499180] kernel: pci 0000:00:02.0: vgaarb: setting as boot VGA device
[    0.499180] kernel: pci 0000:00:02.0: vgaarb: bridge control possible
[    0.499180] kernel: pci 0000:00:02.0: vgaarb: VGA device added: decodes=io+mem,owns=io+mem,locks=none
[    0.499180] kernel: vgaarb: loaded
[    0.499295] kernel: clocksource: Switched to clocksource tsc-early
[    0.500062] kernel: VFS: Disk quotas dquot_6.6.0
[    0.500062] kernel: VFS: Dquot-cache hash table entries: 512 (order 0, 4096 bytes)
[    0.500777] kernel: AppArmor: AppArmor Filesystem Enabled
[    0.500858] kernel: pnp: PnP ACPI init
[    0.501079] kernel: system 00:00: [mem 0x40000000-0x403fffff] has been reserved
[    0.501397] kernel: system 00:01: [mem 0xfd000000-0xfdabffff] has been reserved
[    0.501403] kernel: system 00:01: [mem 0xfdad0000-0xfdadffff] has been reserved
[    0.501407] kernel: system 00:01: [mem 0xfdb00000-0xfdffffff] has been reserved
[    0.501411] kernel: system 00:01: [mem 0xfe000000-0xfe01ffff] could not be reserved
[    0.501415] kernel: system 00:01: [mem 0xfe03d000-0xfe3fffff] has been reserved
[    0.502195] kernel: system 00:02: [io  0x2000-0x20fe] has been reserved
[    0.502659] kernel: system 00:03: [io  0x0680-0x069f] has been reserved
[    0.502664] kernel: system 00:03: [io  0xffff] has been reserved
[    0.502668] kernel: system 00:03: [io  0xffff] has been reserved
[    0.502672] kernel: system 00:03: [io  0xffff] has been reserved
[    0.502675] kernel: system 00:03: [io  0x1800-0x18fe] has been reserved
[    0.502678] kernel: system 00:03: [io  0x164e-0x164f] has been reserved
[    0.503011] kernel: system 00:04: [io  0x1854-0x1857] has been reserved
[    0.503280] kernel: system 00:07: [io  0x0200-0x027f] has been reserved
[    0.503286] kernel: system 00:07: [mem 0xfedf0000-0xfedfffff] has been reserved
[    0.506331] kernel: system 00:08: [mem 0xfe031000-0xfe031fff] has been reserved
[    0.506336] kernel: system 00:08: [mem 0xfe030008-0xfe030fff] has been reserved
[    0.507802] kernel: system 00:09: [mem 0xfe030000-0xfe030007] has been reserved
[    0.508550] kernel: system 00:0a: [mem 0xfed10000-0xfed17fff] has been reserved
[    0.508556] kernel: system 00:0a: [mem 0xfed18000-0xfed18fff] has been reserved
[    0.508560] kernel: system 00:0a: [mem 0xfed19000-0xfed19fff] has been reserved
[    0.508563] kernel: system 00:0a: [mem 0xf0000000-0xf7ffffff] has been reserved
[    0.508567] kernel: system 00:0a: [mem 0xfed20000-0xfed3ffff] has been reserved
[    0.508571] kernel: system 00:0a: [mem 0xfed90000-0xfed93fff] could not be reserved
[    0.508575] kernel: system 00:0a: [mem 0xfed45000-0xfed8ffff] has been reserved
[    0.508578] kernel: system 00:0a: [mem 0xff000000-0xffffffff] has been reserved
[    0.508582] kernel: system 00:0a: [mem 0xfee00000-0xfeefffff] has been reserved
[    0.508586] kernel: system 00:0a: [mem 0xbe800000-0xbe81ffff] has been reserved
[    0.509745] kernel: pnp: PnP ACPI: found 11 devices
[    0.517036] kernel: clocksource: acpi_pm: mask: 0xffffff max_cycles: 0xffffff, max_idle_ns: 2085701024 ns
[    0.517096] kernel: pci 0000:00:1f.1: [8086:9d20] type 00 class 0x058000 conventional PCI endpoint
[    0.517167] kernel: pci 0000:00:1f.1: BAR 0 [mem 0xfd000000-0xfdffffff 64bit]
[    0.517589] kernel: NET: Registered PF_INET protocol family
[    0.517723] kernel: IP idents hash table entries: 131072 (order: 8, 1048576 bytes, linear)
[    0.549674] kernel: tcp_listen_portaddr_hash hash table entries: 4096 (order: 4, 65536 bytes, linear)
[    0.549714] kernel: Table-perturb hash table entries: 65536 (order: 6, 262144 bytes, linear)
[    0.549758] kernel: TCP established hash table entries: 65536 (order: 7, 524288 bytes, linear)
[    0.550041] kernel: TCP bind hash table entries: 65536 (order: 9, 2097152 bytes, linear)
[    0.550460] kernel: TCP: Hash tables configured (established 65536 bind 65536)
[    0.550583] kernel: MPTCP token hash table entries: 8192 (order: 5, 196608 bytes, linear)
[    0.550631] kernel: UDP hash table entries: 4096 (order: 5, 131072 bytes, linear)
[    0.550666] kernel: UDP-Lite hash table entries: 4096 (order: 5, 131072 bytes, linear)
[    0.550769] kernel: NET: Registered PF_UNIX/PF_LOCAL protocol family
[    0.550781] kernel: NET: Registered PF_XDP protocol family
[    0.550797] kernel: pci 0000:00:1c.4: bridge window [io  0x1000-0x0fff] to [bus 02-3a] add_size 1000
[    0.550813] kernel: pci 0000:00:1c.4: bridge window [io  0x4000-0x4fff]: assigned
[    0.550820] kernel: pci 0000:00:1c.0: PCI bridge to [bus 01]
[    0.550833] kernel: pci 0000:00:1c.0:   bridge window [mem 0xe6100000-0xe61fffff]
[    0.550852] kernel: pci 0000:00:1c.4: PCI bridge to [bus 02-3a]
[    0.550860] kernel: pci 0000:00:1c.4:   bridge window [io  0x4000-0x4fff]
[    0.550869] kernel: pci 0000:00:1c.4:   bridge window [mem 0xd0000000-0xe60fffff]
[    0.550876] kernel: pci 0000:00:1c.4:   bridge window [mem 0x1fd0000000-0x1ff1ffffff 64bit pref]
[    0.550888] kernel: pci_bus 0000:00: resource 4 [io  0x0000-0x0cf7 window]
[    0.550892] kernel: pci_bus 0000:00: resource 5 [io  0x0d00-0xffff window]
[    0.550896] kernel: pci_bus 0000:00: resource 6 [mem 0x000a0000-0x000bffff window]
[    0.550899] kernel: pci_bus 0000:00: resource 7 [mem 0xbe800000-0xefffffff window]
[    0.550902] kernel: pci_bus 0000:00: resource 8 [mem 0x1c00000000-0x1fffffffff window]
[    0.550906] kernel: pci_bus 0000:00: resource 9 [mem 0xfd000000-0xfe7fffff window]
[    0.550909] kernel: pci_bus 0000:01: resource 1 [mem 0xe6100000-0xe61fffff]
[    0.550913] kernel: pci_bus 0000:02: resource 0 [io  0x4000-0x4fff]
[    0.550916] kernel: pci_bus 0000:02: resource 1 [mem 0xd0000000-0xe60fffff]
[    0.550919] kernel: pci_bus 0000:02: resource 2 [mem 0x1fd0000000-0x1ff1ffffff 64bit pref]
[    0.551287] kernel: pci 0000:00:14.0: enabling device (0000 -> 0002)
[    0.552259] kernel: PCI: CLS 0 bytes, default 64
[    0.552308] kernel: DMAR: No ATSR found
[    0.552311] kernel: DMAR: No SATC found
[    0.552313] kernel: DMAR: IOMMU feature fl1gp_support inconsistent
[    0.552315] kernel: DMAR: IOMMU feature pgsel_inv inconsistent
[    0.552318] kernel: DMAR: IOMMU feature nwfs inconsistent
[    0.552320] kernel: DMAR: IOMMU feature pasid inconsistent
[    0.552321] kernel: DMAR: IOMMU feature eafs inconsistent
[    0.552323] kernel: DMAR: IOMMU feature prs inconsistent
[    0.552325] kernel: DMAR: IOMMU feature nest inconsistent
[    0.552326] kernel: DMAR: IOMMU feature mts inconsistent
[    0.552328] kernel: DMAR: IOMMU feature sc_support inconsistent
[    0.552330] kernel: DMAR: IOMMU feature dev_iotlb_support inconsistent
[    0.552332] kernel: DMAR: dmar0: Using Queued invalidation
[    0.552340] kernel: DMAR: dmar1: Using Queued invalidation
[    0.552378] kernel: Trying to unpack rootfs image as initramfs...
[    0.552829] kernel: pci 0000:00:02.0: Adding to iommu group 0
[    0.553665] kernel: pci 0000:00:00.0: Adding to iommu group 1
[    0.553684] kernel: pci 0000:00:04.0: Adding to iommu group 2
[    0.553715] kernel: pci 0000:00:14.0: Adding to iommu group 3
[    0.553731] kernel: pci 0000:00:14.2: Adding to iommu group 3
[    0.553759] kernel: pci 0000:00:15.0: Adding to iommu group 4
[    0.553775] kernel: pci 0000:00:15.1: Adding to iommu group 4
[    0.553798] kernel: pci 0000:00:16.0: Adding to iommu group 5
[    0.553815] kernel: pci 0000:00:17.0: Adding to iommu group 6
[    0.553835] kernel: pci 0000:00:1c.0: Adding to iommu group 7
[    0.553857] kernel: pci 0000:00:1c.4: Adding to iommu group 8
[    0.553913] kernel: pci 0000:00:1f.0: Adding to iommu group 9
[    0.553930] kernel: pci 0000:00:1f.2: Adding to iommu group 9
[    0.553947] kernel: pci 0000:00:1f.3: Adding to iommu group 9
[    0.553964] kernel: pci 0000:00:1f.4: Adding to iommu group 9
[    0.553984] kernel: pci 0000:00:1f.6: Adding to iommu group 9
[    0.554005] kernel: pci 0000:01:00.0: Adding to iommu group 10
[    0.555596] kernel: DMAR: Intel(R) Virtualization Technology for Directed I/O
[    0.555601] kernel: PCI-DMA: Using software bounce buffering for IO (SWIOTLB)
[    0.555603] kernel: software IO TLB: mapped [mem 0x00000000adf7c000-0x00000000b1f7c000] (64MB)
[    0.556055] kernel: platform rtc_cmos: registered platform RTC device (no PNP device found)
[    0.557075] kernel: Initialise system trusted keyrings
[    0.557091] kernel: Key type blacklist registered
[    0.557167] kernel: workingset: timestamp_bits=36 max_order=21 bucket_order=0
[    0.557193] kernel: zbud: loaded
[    0.557678] kernel: squashfs: version 4.0 (2009/01/31) Phillip Lougher
[    0.557858] kernel: fuse: init (API version 7.40)
[    0.558202] kernel: integrity: Platform Keyring initialized
[    0.558208] kernel: integrity: Machine keyring initialized
[    0.583168] kernel: Key type asymmetric registered
[    0.583171] kernel: Asymmetric key parser 'x509' registered
[    0.583217] kernel: Block layer SCSI generic (bsg) driver version 0.4 loaded (major 243)
[    0.583313] kernel: io scheduler mq-deadline registered
[    0.584800] kernel: shpchp: Standard Hot Plug PCI Controller Driver version: 0.4
[    0.586826] kernel: ACPI: AC: AC Adapter [AC] (off-line)
[    0.586956] kernel: input: Sleep Button as /devices/LNXSYSTM:00/LNXSYBUS:00/PNP0C0E:00/input/input0
[    0.586992] kernel: ACPI: button: Sleep Button [SLPB]
[    0.587051] kernel: input: Lid Switch as /devices/LNXSYSTM:00/LNXSYBUS:00/PNP0C0D:00/input/input1
[    0.587082] kernel: ACPI: button: Lid Switch [LID]
[    0.587134] kernel: input: Power Button as /devices/LNXSYSTM:00/LNXSYBUS:00/PNP0C0C:00/input/input2
[    0.587177] kernel: ACPI: button: Power Button [PWRB]
[    0.587237] kernel: input: Power Button as /devices/LNXSYSTM:00/LNXPWRBN:00/input/input3
[    0.587307] kernel: ACPI: button: Power Button [PWRF]
[    0.589382] kernel: thermal LNXTHERM:00: registered as thermal_zone0
[    0.589388] kernel: ACPI: thermal: Thermal Zone [HEPZ] (30 C)
[    0.598252] kernel: thermal LNXTHERM:01: registered as thermal_zone1
[    0.598258] kernel: ACPI: thermal: Thermal Zone [CPUZ] (0 C)
[    0.605441] kernel: thermal LNXTHERM:02: registered as thermal_zone2
[    0.605446] kernel: ACPI: thermal: Thermal Zone [GFXZ] (0 C)
[    0.610444] kernel: thermal LNXTHERM:03: registered as thermal_zone3
[    0.610449] kernel: ACPI: thermal: Thermal Zone [EXTZ] (0 C)
[    0.616823] kernel: thermal LNXTHERM:04: registered as thermal_zone4
[    0.616828] kernel: ACPI: thermal: Thermal Zone [LOCZ] (37 C)
[    0.626180] kernel: thermal LNXTHERM:05: registered as thermal_zone5
[    0.626185] kernel: ACPI: thermal: Thermal Zone [BATZ] (33 C)
[    0.631246] kernel: thermal LNXTHERM:06: registered as thermal_zone6
[    0.631251] kernel: ACPI: thermal: Thermal Zone [CHGZ] (34 C)
[    0.640705] kernel: thermal LNXTHERM:07: registered as thermal_zone7
[    0.640711] kernel: ACPI: thermal: Thermal Zone [PCHZ] (0 C)
[    0.641232] kernel: Serial: 8250/16550 driver, 32 ports, IRQ sharing enabled
[    0.646060] kernel: hpet_acpi_add: no address or irqs in _CRS
[    0.646114] kernel: Linux agpgart interface v0.103
[    0.650346] kernel: tpm_tis IFX0763:00: 2.0 TPM (device-id 0x1B, rev-id 16)
[    0.667826] kernel: ACPI: battery: Slot [BAT0] (battery present)
[    0.671353] kernel: ACPI: bus type drm_connector registered
[    0.677920] kernel: loop: module loaded
[    0.678609] kernel: tun: Universal TUN/TAP device driver, 1.6
[    0.678764] kernel: PPP generic driver version 2.4.2
[    0.679112] kernel: i8042: PNP: PS/2 Controller [PNP0303:PS2K,PNP0f13:PS2M] at 0x60,0x64 irq 1,12
[    0.679742] kernel: i8042: Detected active multiplexing controller, rev 1.1
[    0.679999] kernel: serio: i8042 KBD port at 0x60,0x64 irq 1
[    0.680009] kernel: serio: i8042 AUX0 port at 0x60,0x64 irq 12
[    0.680070] kernel: serio: i8042 AUX1 port at 0x60,0x64 irq 12
[    0.680113] kernel: serio: i8042 AUX2 port at 0x60,0x64 irq 12
[    0.680151] kernel: serio: i8042 AUX3 port at 0x60,0x64 irq 12
[    0.680431] kernel: mousedev: PS/2 mouse device common for all mice
[    0.680844] kernel: rtc_cmos rtc_cmos: RTC can wake from S4
[    0.681640] kernel: rtc_cmos rtc_cmos: registered as rtc0
[    0.681777] kernel: rtc_cmos rtc_cmos: setting system clock to 2024-08-23T05:15:26 UTC (1724390126)
[    0.681824] kernel: rtc_cmos rtc_cmos: alarms up to one month, y3k, 114 bytes nvram
[    0.681839] kernel: i2c_dev: i2c /dev entries driver
[    0.686553] kernel: device-mapper: core: CONFIG_IMA_DISABLE_HTABLE is disabled. Duplicate IMA measurements will not be recorded in the IMA log.
[    0.686575] kernel: device-mapper: uevent: version 1.0.3
[    0.686747] kernel: device-mapper: ioctl: 4.48.0-ioctl (2023-03-01) initialised: dm-devel@lists.linux.dev
[    0.686793] kernel: platform eisa.0: Probing EISA bus 0
[    0.686803] kernel: platform eisa.0: EISA: Cannot allocate resource for mainboard
[    0.686807] kernel: platform eisa.0: Cannot allocate resource for EISA slot 1
[    0.686810] kernel: platform eisa.0: Cannot allocate resource for EISA slot 2
[    0.686813] kernel: platform eisa.0: Cannot allocate resource for EISA slot 3
[    0.686815] kernel: platform eisa.0: Cannot allocate resource for EISA slot 4
[    0.686818] kernel: platform eisa.0: Cannot allocate resource for EISA slot 5
[    0.686821] kernel: platform eisa.0: Cannot allocate resource for EISA slot 6
[    0.686824] kernel: platform eisa.0: Cannot allocate resource for EISA slot 7
[    0.686826] kernel: platform eisa.0: Cannot allocate resource for EISA slot 8
[    0.686829] kernel: platform eisa.0: EISA: Detected 0 cards
[    0.686835] kernel: intel_pstate: Intel P-state driver initializing
[    0.687490] kernel: intel_pstate: HWP enabled
[    0.687975] kernel: ledtrig-cpu: registered to indicate activity on CPUs
[    0.688236] kernel: [drm] Initialized simpledrm 1.0.0 20200625 for simple-framebuffer.0 on minor 0
[    0.688707] kernel: fbcon: Deferring console take-over
[    0.688710] kernel: simple-framebuffer simple-framebuffer.0: [drm] fb0: simpledrmdrmfb frame buffer device
[    0.688872] kernel: drop_monitor: Initializing network drop monitor service
[    0.688992] kernel: NET: Registered PF_INET6 protocol family
[    0.696070] kernel: input: AT Translated Set 2 keyboard as /devices/platform/i8042/serio0/input/input4
[    1.602208] kernel: tsc: Refined TSC clocksource calibration: 1895.998 MHz
[    1.602220] kernel: clocksource: tsc: mask: 0xffffffffffffffff max_cycles: 0x36a8cecc844, max_idle_ns: 881590549475 ns
[    1.602472] kernel: clocksource: Switched to clocksource tsc
[    7.127800] kernel: Freeing initrd memory: 80528K
[    7.135783] kernel: Segment Routing with IPv6
[    7.135806] kernel: In-situ OAM (IOAM) with IPv6
[    7.135861] kernel: NET: Registered PF_PACKET protocol family
[    7.136045] kernel: Key type dns_resolver registered
[    7.137305] kernel: ENERGY_PERF_BIAS: Set to 'normal', was 'performance'
[    7.137780] kernel: microcode: Current revision: 0x000000f6
[    7.137783] kernel: microcode: Updated early from: 0x000000f4
[    7.138179] kernel: IPI shorthand broadcast: enabled
[    7.140656] kernel: sched_clock: Marking stable (7133001890, 7158569)->(7234859823, -94699364)
[    7.140849] kernel: Timer migration: 1 hierarchy levels; 8 children per group; 1 crossnode level
[    7.141116] kernel: registered taskstats version 1
[    7.141739] kernel: Loading compiled-in X.509 certificates
[    7.142479] kernel: Loaded X.509 cert 'Build time autogenerated kernel key: 5946535ab16572dcbd11b65353dd20028c0de356'
[    7.143115] kernel: Loaded X.509 cert 'Canonical Ltd. Live Patch Signing: 14df34d1a87cf37625abec039ef2bf521249b969'
[    7.143746] kernel: Loaded X.509 cert 'Canonical Ltd. Kernel Module Signing: 88f752e560a1e0737e31163a466ad7b70a850c19'
[    7.143748] kernel: blacklist: Loading compiled-in revocation X.509 certificates
[    7.143774] kernel: Loaded X.509 cert 'Canonical Ltd. Secure Boot Signing: 61482aa2830d0ab2ad5af10b7250da9033ddcef0'
[    7.143795] kernel: Loaded X.509 cert 'Canonical Ltd. Secure Boot Signing (2017): 242ade75ac4a15e50d50c84b0d45ff3eae707a03'
[    7.143832] kernel: Loaded X.509 cert 'Canonical Ltd. Secure Boot Signing (ESM 2018): 365188c1d374d6b07c3c8f240f8ef722433d6a8b'
[    7.143854] kernel: Loaded X.509 cert 'Canonical Ltd. Secure Boot Signing (2019): c0746fd6c5da3ae827864651ad66ae47fe24b3e8'
[    7.143873] kernel: Loaded X.509 cert 'Canonical Ltd. Secure Boot Signing (2021 v1): a8d54bbb3825cfb94fa13c9f8a594a195c107b8d'
[    7.143892] kernel: Loaded X.509 cert 'Canonical Ltd. Secure Boot Signing (2021 v2): 4cf046892d6fd3c9a5b03f98d845f90851dc6a8c'
[    7.143911] kernel: Loaded X.509 cert 'Canonical Ltd. Secure Boot Signing (2021 v3): 100437bb6de6e469b581e61cd66bce3ef4ed53af'
[    7.143931] kernel: Loaded X.509 cert 'Canonical Ltd. Secure Boot Signing (Ubuntu Core 2019): c1d57b8f6b743f23ee41f4f7ee292f06eecadfb9'
[    7.149232] kernel: Key type .fscrypt registered
[    7.149237] kernel: Key type fscrypt-provisioning registered
[    7.149324] kernel: Key type trusted registered
[    7.159576] kernel: cryptd: max_cpu_qlen set to 1000
[    7.164802] kernel: AVX2 version of gcm_enc/dec engaged.
[    7.164962] kernel: AES CTR mode by8 optimization enabled
[    7.184131] kernel: Key type encrypted registered
[    7.184140] kernel: AppArmor: AppArmor sha256 policy hashing enabled
[    7.185708] kernel: integrity: Loading X.509 certificate: UEFI:db
[    7.185785] kernel: integrity: Loaded X.509 cert 'HP Inc.: HP UEFI Secure Boot DB 2017: d9c01b50cfcae89d3b05345c163aa76e5dd589e7'
[    7.185788] kernel: integrity: Loading X.509 certificate: UEFI:db
[    7.185827] kernel: integrity: Loaded X.509 cert 'Microsoft Windows Production PCA 2011: a92902398e16c49778cd90f99e4f9ae17c55af53'
[    7.185829] kernel: integrity: Loading X.509 certificate: UEFI:db
[    7.185862] kernel: integrity: Loaded X.509 cert 'Microsoft Corporation UEFI CA 2011: 13adbf4309bd82709c8cd54f316ed522988a1bd4'
[    7.189086] kernel: Loading compiled-in module X.509 certificates
[    7.189933] kernel: Loaded X.509 cert 'Build time autogenerated kernel key: 5946535ab16572dcbd11b65353dd20028c0de356'
[    7.189938] kernel: ima: Allocated hash algorithm: sha256
[    7.232292] kernel: ima: No architecture policies found
[    7.232339] kernel: evm: Initialising EVM extended attributes:
[    7.232342] kernel: evm: security.selinux
[    7.232347] kernel: evm: security.SMACK64
[    7.232350] kernel: evm: security.SMACK64EXEC
[    7.232352] kernel: evm: security.SMACK64TRANSMUTE
[    7.232355] kernel: evm: security.SMACK64MMAP
[    7.232358] kernel: evm: security.apparmor
[    7.232360] kernel: evm: security.ima
[    7.232363] kernel: evm: security.capability
[    7.232365] kernel: evm: HMAC attrs: 0x1
[    7.233131] kernel: PM:   Magic number: 4:987:264
[    7.233221] kernel: acpi INT33A2:00: hash matches
[    7.249831] kernel: RAS: Correctable Errors collector initialized.
[    7.280702] kernel: clk: Disabling unused clocks
[    7.280706] kernel: PM: genpd: Disabling unused power domains
[    7.282333] kernel: Freeing unused decrypted memory: 2028K
[    7.283269] kernel: Freeing unused kernel image (initmem) memory: 5012K
[    7.283386] kernel: Write protecting the kernel read-only data: 36864k
[    7.284229] kernel: Freeing unused kernel image (rodata/data gap) memory: 324K
[    7.330930] kernel: x86/mm: Checked W+X mappings: passed, no W+X pages found.
[    7.330932] kernel: x86/mm: Checking user space page tables
[    7.375158] kernel: x86/mm: Checked W+X mappings: passed, no W+X pages found.
[    7.375166] kernel: Run /init as init process
[    7.375168] kernel:   with arguments:
[    7.375169] kernel:     /init
[    7.375171] kernel:     splash
[    7.375190] kernel:   with environment:
[    7.375191] kernel:     HOME=/
[    7.375192] kernel:     TERM=linux
[    7.745424] kernel: wmi_bus wmi_bus-PNP0C14:00: [Firmware Info]: DF4E63B6-3BBC-4858-9737-C74F82F821F3 has zero instances
[    7.745521] kernel: wmi_bus wmi_bus-PNP0C14:00: [Firmware Info]: 8F1F6436-9F42-42C8-BADC-0E9424F20C9A has zero instances
[    7.775880] kernel: hid: raw HID events driver (C) Jiri Kosina
[    7.776385] kernel: xhci_hcd 0000:00:14.0: xHCI Host Controller
[    7.778546] kernel: xhci_hcd 0000:00:14.0: new USB bus registered, assigned bus number 1
[    7.779519] kernel: i801_smbus 0000:00:1f.4: enabling device (0000 -> 0003)
[    7.779815] kernel: i801_smbus 0000:00:1f.4: SPD Write Disable is set
[    7.779878] kernel: i801_smbus 0000:00:1f.4: SMBus using PCI interrupt
[    7.780138] kernel: xhci_hcd 0000:00:14.0: hcc params 0x200077c1 hci version 0x100 quirks 0x0000000081109810
[    7.780308] kernel: ahci 0000:00:17.0: version 3.0
[    7.782237] kernel: ahci 0000:00:17.0: AHCI vers 0001.0301, 32 command slots, 6 Gbps, SATA mode
[    7.782245] kernel: ahci 0000:00:17.0: 1/1 ports implemented (port mask 0x4)
[    7.782248] kernel: ahci 0000:00:17.0: flags: 64bit ncq pm led clo only pio slum part deso sadm sds apst 
[    7.783016] kernel: xhci_hcd 0000:00:14.0: xHCI Host Controller
[    7.783034] kernel: xhci_hcd 0000:00:14.0: new USB bus registered, assigned bus number 2
[    7.783041] kernel: xhci_hcd 0000:00:14.0: Host supports USB 3.0 SuperSpeed
[    7.783199] kernel: usb usb1: New USB device found, idVendor=1d6b, idProduct=0002, bcdDevice= 6.09
[    7.783206] kernel: usb usb1: New USB device strings: Mfr=3, Product=2, SerialNumber=1
[    7.783210] kernel: usb usb1: Product: xHCI Host Controller
[    7.783214] kernel: usb usb1: Manufacturer: Linux 6.9.3-76060903-generic xhci-hcd
[    7.783217] kernel: usb usb1: SerialNumber: 0000:00:14.0
[    7.783683] kernel: hub 1-0:1.0: USB hub found
[    7.783729] kernel: hub 1-0:1.0: 12 ports detected
[    7.783930] kernel: scsi host0: ahci
[    7.784295] kernel: scsi host1: ahci
[    7.784723] kernel: scsi host2: ahci
[    7.784851] kernel: ata1: DUMMY
[    7.784855] kernel: ata2: DUMMY
[    7.784862] kernel: ata3: SATA max UDMA/133 abar m2048@0xe6236000 port 0xe6236200 irq 132 lpm-pol 3
[    7.785897] kernel: e1000e: Intel(R) PRO/1000 Network Driver
[    7.785901] kernel: e1000e: Copyright(c) 1999 - 2015 Intel Corporation.
[    7.786543] kernel: e1000e 0000:00:1f.6: Interrupt Throttling Rate (ints/sec) set to dynamic conservative mode
[    7.790491] kernel: usb usb2: New USB device found, idVendor=1d6b, idProduct=0003, bcdDevice= 6.09
[    7.790498] kernel: usb usb2: New USB device strings: Mfr=3, Product=2, SerialNumber=1
[    7.790501] kernel: usb usb2: Product: xHCI Host Controller
[    7.790504] kernel: usb usb2: Manufacturer: Linux 6.9.3-76060903-generic xhci-hcd
[    7.790507] kernel: usb usb2: SerialNumber: 0000:00:14.0
[    7.790760] kernel: hub 2-0:1.0: USB hub found
[    7.790784] kernel: hub 2-0:1.0: 6 ports detected
[    7.970444] kernel: e1000e 0000:00:1f.6 0000:00:1f.6 (uninitialized): registered PHC clock
[    8.029255] kernel: usb 1-7: new full-speed USB device number 2 using xhci_hcd
[    8.034873] kernel: e1000e 0000:00:1f.6 eth0: (PCI Express:2.5GT/s:Width x1) 10:62:e5:9e:ea:af
[    8.034889] kernel: e1000e 0000:00:1f.6 eth0: Intel(R) PRO/1000 Network Connection
[    8.034985] kernel: e1000e 0000:00:1f.6 eth0: MAC: 12, PHY: 12, PBA No: FFFFFF-0FF
[    8.096487] kernel: ata3: SATA link up 6.0 Gbps (SStatus 133 SControl 300)
[    8.098792] kernel: ata3.00: ACPI cmd f5/00:00:00:00:00:e0(SECURITY FREEZE LOCK) filtered out
[    8.098810] kernel: ata3.00: ACPI cmd b1/c1:00:00:00:00:e0(DEVICE CONFIGURATION OVERLAY) filtered out
[    8.098960] kernel: ata3.00: supports DRM functions and may not be fully accessible
[    8.098970] kernel: ata3.00: ATA-9: SAMSUNG MZNTE256HMHP-000L7, EXT28L6Q, max UDMA/133
[    8.099606] kernel: ata3.00: NCQ Send/Recv Log not supported
[    8.099616] kernel: ata3.00: 500118192 sectors, multi 1: LBA48 NCQ (depth 32), AA
[    8.101290] kernel: ata3.00: Features: Trust Dev-Sleep
[    8.101934] kernel: ata3.00: ACPI cmd f5/00:00:00:00:00:e0(SECURITY FREEZE LOCK) filtered out
[    8.101950] kernel: ata3.00: ACPI cmd b1/c1:00:00:00:00:e0(DEVICE CONFIGURATION OVERLAY) filtered out
[    8.102050] kernel: ata3.00: supports DRM functions and may not be fully accessible
[    8.102604] kernel: ata3.00: NCQ Send/Recv Log not supported
[    8.104262] kernel: ata3.00: configured for UDMA/133
[    8.104776] kernel: scsi 2:0:0:0: Direct-Access     ATA      SAMSUNG MZNTE256 8L6Q PQ: 0 ANSI: 5
[    8.105568] kernel: sd 2:0:0:0: Attached scsi generic sg0 type 0
[    8.105735] kernel: sd 2:0:0:0: [sda] 500118192 512-byte logical blocks: (256 GB/238 GiB)
[    8.105765] kernel: sd 2:0:0:0: [sda] Write Protect is off
[    8.105776] kernel: sd 2:0:0:0: [sda] Mode Sense: 00 3a 00 00
[    8.105855] kernel: sd 2:0:0:0: [sda] Write cache: enabled, read cache: enabled, doesn't support DPO or FUA
[    8.106058] kernel: sd 2:0:0:0: [sda] Preferred minimum I/O size 512 bytes
[    8.108988] kernel:  sda: sda1 sda2 sda3 sda4
[    8.109847] kernel: sd 2:0:0:0: [sda] supports TCG Opal
[    8.109861] kernel: sd 2:0:0:0: [sda] Attached SCSI disk
[    8.119392] kernel: intel-lpss 0000:00:15.0: enabling device (0000 -> 0002)
[    8.120946] kernel: idma64 idma64.0: Found Intel integrated DMA 64-bit
[    8.121901] kernel: e1000e 0000:00:1f.6 enp0s31f6: renamed from eth0
[    8.157823] kernel: usb 1-7: New USB device found, idVendor=8087, idProduct=0a2b, bcdDevice= 0.10
[    8.157840] kernel: usb 1-7: New USB device strings: Mfr=0, Product=0, SerialNumber=0
[    8.162268] kernel: intel-lpss 0000:00:15.1: enabling device (0000 -> 0002)
[    8.163214] kernel: idma64 idma64.1: Found Intel integrated DMA 64-bit
[    8.277301] kernel: usb 1-9: new high-speed USB device number 3 using xhci_hcd
[    8.338711] kernel: input: ELAN25D0:00 04F3:25D4 Touchscreen as /devices/pci0000:00/0000:00:15.0/i2c_designware.0/i2c-1/i2c-ELAN25D0:00/0018:04F3:25D4.0001/input/input11
[    8.339020] kernel: input: ELAN25D0:00 04F3:25D4 as /devices/pci0000:00/0000:00:15.0/i2c_designware.0/i2c-1/i2c-ELAN25D0:00/0018:04F3:25D4.0001/input/input12
[    8.339107] kernel: input: ELAN25D0:00 04F3:25D4 as /devices/pci0000:00/0000:00:15.0/i2c_designware.0/i2c-1/i2c-ELAN25D0:00/0018:04F3:25D4.0001/input/input13
[    8.339325] kernel: hid-generic 0018:04F3:25D4.0001: input,hidraw0: I2C HID v1.00 Device [ELAN25D0:00 04F3:25D4] on i2c-ELAN25D0:00
[    8.340020] kernel: input: ALP0018:00 044E:121B Mouse as /devices/pci0000:00/0000:00:15.1/i2c_designware.1/i2c-2/i2c-ALP0018:00/0018:044E:121B.0002/input/input15
[    8.340212] kernel: input: ALP0018:00 044E:121B Touchpad as /devices/pci0000:00/0000:00:15.1/i2c_designware.1/i2c-2/i2c-ALP0018:00/0018:044E:121B.0002/input/input16
[    8.340490] kernel: input: ALP0018:00 044E:121B as /devices/pci0000:00/0000:00:15.1/i2c_designware.1/i2c-2/i2c-ALP0018:00/0018:044E:121B.0002/input/input17
[    8.340695] kernel: hid-generic 0018:044E:121B.0002: input,hidraw1: I2C HID v1.00 Mouse [ALP0018:00 044E:121B] on i2c-ALP0018:00
[    8.478793] kernel: usb 1-9: New USB device found, idVendor=04f2, idProduct=b5e7, bcdDevice= 0.18
[    8.478816] kernel: usb 1-9: New USB device strings: Mfr=3, Product=1, SerialNumber=2
[    8.478818] kernel: usb 1-9: Product: HP HD Camera
[    8.478820] kernel: usb 1-9: Manufacturer: Generic
[    8.478822] kernel: usb 1-9: SerialNumber: 0001
[    8.700641] kernel: input: PS/2 Generic Mouse as /devices/platform/i8042/serio2/input/input10
[    8.929938] kernel: i915 0000:00:02.0: [drm] VT-d active for gfx access
[    8.946691] kernel: i915 0000:00:02.0: vgaarb: deactivate vga console
[    8.946748] kernel: i915 0000:00:02.0: [drm] Using Transparent Hugepages
[    8.949686] kernel: i915 0000:00:02.0: vgaarb: VGA decodes changed: olddecodes=io+mem,decodes=io+mem:owns=io+mem
[    8.950689] kernel: i915 0000:00:02.0: [drm] Finished loading DMC firmware i915/kbl_dmc_ver1_04.bin (v1.4)
[    9.307400] kernel: i915 0000:00:02.0: [drm] [ENCODER:102:DDI B/PHY B] is disabled/in DSI mode with an ungated DDI clock, gate it
[    9.307422] kernel: i915 0000:00:02.0: [drm] [ENCODER:118:DDI C/PHY C] is disabled/in DSI mode with an ungated DDI clock, gate it
[    9.659456] kernel: input: AlpsPS/2 ALPS GlidePoint as /devices/platform/i8042/serio3/input/input18
[   10.406358] kernel: [drm] Initialized i915 1.6.0 20230929 for 0000:00:02.0 on minor 1
[   10.417243] kernel: ACPI: video: Video Device [GFX0] (multi-head: yes  rom: no  post: no)
[   10.418777] kernel: input: Video Bus as /devices/LNXSYSTM:00/LNXSYBUS:00/PNP0A08:00/LNXVIDEO:00/input/input20
[   10.439725] kernel: fbcon: i915drmfb (fb0) is primary device
[   10.439733] kernel: fbcon: Deferring console take-over
[   10.439741] kernel: i915 0000:00:02.0: [drm] fb0: i915drmfb frame buffer device
[   10.476208] kernel: i915 0000:00:02.0: [drm] Reducing the compressed framebuffer size. This may lead to less power savings than a non-reduced-size. Try to increase stolen memory size if available in BIOS.
[   11.546154] kernel: system76_acpi: loading out-of-tree module taints kernel.
[   11.546158] kernel: system76_acpi: module verification failed: signature and/or required key missing - tainting kernel
[   11.550334] kernel: system76: Model does not utilize this driver
[   11.609081] kernel: usbcore: registered new interface driver system76-io
[   11.658163] kernel: raid6: avx2x4   gen() 18777 MB/s
[   11.675161] kernel: raid6: avx2x2   gen() 26895 MB/s
[   11.692161] kernel: raid6: avx2x1   gen() 26242 MB/s
[   11.692163] kernel: raid6: using algorithm avx2x2 gen() 26895 MB/s
[   11.709160] kernel: raid6: .... xor() 18169 MB/s, rmw enabled
[   11.709162] kernel: raid6: using avx2x2 recovery algorithm
[   11.710904] kernel: xor: automatically using best checksumming function   avx       
[   11.712096] kernel: async_tx: api initialized (async)
[   11.976706] kernel: EXT4-fs (sda3): mounted filesystem d047bce4-63ac-4071-b369-ee7b521891b8 ro with ordered data mode. Quota mode: none.
[   12.241104] systemd[1]: Inserted module 'autofs4'
[   12.272444] systemd[1]: Successfully credited entropy passed from boot loader.
[   12.276332] systemd[1]: systemd 249.11-0ubuntu3.11pop0~1704473387~22.04~3ce38bf running in system mode (+PAM +AUDIT +SELINUX +APPARMOR +IMA +SMACK +SECCOMP +GCRYPT +GNUTLS +OPENSSL +ACL +BLKID +CURL +ELFUTILS +FIDO2 +IDN2 -IDN +IPTC +KMOD +LIBCRYPTSETUP +LIBFDISK +PCRE2 -PWQUALITY -P11KIT -QRENCODE +BZIP2 +LZ4 +XZ +ZLIB +ZSTD -XKBCOMMON +UTMP +SYSVINIT default-hierarchy=unified)
[   12.276478] systemd[1]: Detected architecture x86-64.
[   12.276980] systemd[1]: Hostname set to <pop-os>.
[   12.497393] kernel: block sda: the capability attribute has been deprecated.
[   12.572916] systemd[1]: Configuration file /run/systemd/system/netplan-ovs-cleanup.service is marked world-inaccessible. This has no effect as configuration data is accessible via APIs without restrictions. Proceeding anyway.
[   12.628948] systemd[1]: Queued start job for default target Graphical Interface.
[   12.640012] systemd[1]: Created slice Slice /system/modprobe.
[   12.640402] systemd[1]: Created slice Cryptsetup Units Slice.
[   12.640594] systemd[1]: Created slice User and Session Slice.
[   12.640674] systemd[1]: Started Forward Password Requests to Wall Directory Watch.
[   12.640843] systemd[1]: Set up automount Arbitrary Executable File Formats File System Automount Point.
[   12.640910] systemd[1]: Reached target User and Group Name Lookups.
[   12.640929] systemd[1]: Reached target Remote File Systems.
[   12.640941] systemd[1]: Reached target Slice Units.
[   12.640962] systemd[1]: Reached target System Time Set.
[   12.640994] systemd[1]: Reached target Local Verity Protected Volumes.
[   12.641067] systemd[1]: Listening on Device-mapper event daemon FIFOs.
[   12.641215] systemd[1]: Listening on LVM2 poll daemon socket.
[   12.641338] systemd[1]: Listening on Syslog Socket.
[   12.641420] systemd[1]: Listening on fsck to fsckd communication Socket.
[   12.641468] systemd[1]: Listening on initctl Compatibility Named Pipe.
[   12.641651] systemd[1]: Listening on Journal Audit Socket.
[   12.641736] systemd[1]: Listening on Journal Socket (/dev/log).
[   12.641851] systemd[1]: Listening on Journal Socket.
[   12.642205] systemd[1]: Listening on udev Control Socket.
[   12.642310] systemd[1]: Listening on udev Kernel Socket.
[   12.643071] systemd[1]: Mounting Huge Pages File System...
[   12.644287] systemd[1]: Mounting POSIX Message Queue File System...
[   12.645638] systemd[1]: Mounting Kernel Debug File System...
[   12.647096] systemd[1]: Mounting Kernel Trace File System...
[   12.649713] systemd[1]: Starting Journal Service...
[   12.649959] systemd[1]: Finished Availability of block devices.
[   12.651819] systemd[1]: Starting Set the console keyboard layout...
[   12.653208] systemd[1]: Starting Create List of Static Device Nodes...
[   12.654470] systemd[1]: Starting Monitoring of LVM2 mirrors, snapshots etc. using dmeventd or progress polling...
[   12.656500] systemd[1]: Starting Load Kernel Module configfs...
[   12.658745] systemd[1]: Starting Load Kernel Module drm...
[   12.660881] systemd[1]: Starting Load Kernel Module efi_pstore...
[   12.662842] systemd[1]: Starting Load Kernel Module fuse...
[   12.663146] systemd[1]: Condition check resulted in File System Check on Root Device being skipped.
[   12.666118] systemd[1]: Starting Load Kernel Modules...
[   12.668270] systemd[1]: Starting Remount Root and Kernel File Systems...
[   12.668642] kernel: pstore: Using crash dump compression: deflate
[   12.676234] systemd[1]: Starting Coldplug All udev Devices...
[   12.698529] systemd[1]: Mounted Huge Pages File System.
[   12.698818] systemd[1]: Mounted POSIX Message Queue File System.
[   12.699073] systemd[1]: Mounted Kernel Debug File System.
[   12.699316] systemd[1]: Mounted Kernel Trace File System.
[   12.713720] systemd[1]: Finished Create List of Static Device Nodes.
[   12.727864] systemd[1]: modprobe@configfs.service: Deactivated successfully.
[   12.738707] systemd[1]: Finished Load Kernel Module configfs.
[   12.751361] systemd[1]: modprobe@drm.service: Deactivated successfully.
[   12.759701] systemd[1]: Finished Load Kernel Module drm.
[   12.768128] kernel: pstore: Registered efi_pstore as persistent store backend
[   12.768315] systemd[1]: modprobe@fuse.service: Deactivated successfully.
[   12.768900] systemd[1]: Finished Load Kernel Module fuse.
[   12.769539] systemd[1]: modprobe@efi_pstore.service: Deactivated successfully.
[   12.769923] systemd[1]: Finished Load Kernel Module efi_pstore.
[   12.772384] kernel: EXT4-fs (sda3): re-mounted d047bce4-63ac-4071-b369-ee7b521891b8 r/w. Quota mode: none.
[   12.779538] kernel: lp: driver loaded but no devices found
[   12.785487] kernel: ppdev: user-space parallel port driver
[   12.786389] systemd[1]: Mounting FUSE Control File System...
[   12.787769] systemd[1]: Mounting Kernel Configuration File System...
[   12.792651] systemd[1]: Finished Remount Root and Kernel File Systems.
[   12.792945] systemd[1]: Mounted FUSE Control File System.
[   12.793107] systemd[1]: Mounted Kernel Configuration File System.
[   12.793265] systemd[1]: Condition check resulted in Platform Persistent Storage Archival being skipped.
[   12.794543] systemd[1]: Starting Load/Save Random Seed...
[   12.796538] systemd[1]: Starting Create System Users...
[   12.797572] systemd[1]: Finished Monitoring of LVM2 mirrors, snapshots etc. using dmeventd or progress polling.
[   12.810696] systemd[1]: Finished Load/Save Random Seed.
[   12.810929] systemd[1]: Condition check resulted in First Boot Complete being skipped.
[   12.815379] kernel: io scheduler kyber registered
[   12.820150] systemd[1]: Finished Load Kernel Modules.
[   12.821857] systemd[1]: Starting Apply Kernel Variables...
[   12.824822] systemd[1]: Finished Create System Users.
[   12.826252] systemd[1]: Starting Create Static Device Nodes in /dev...
[   12.837250] systemd[1]: Started Journal Service.
[   13.111445] kernel: input: Wireless hotkeys as /devices/virtual/input/input21
[   13.150943] kernel: Consider using thermal netlink events interface
[   13.362728] kernel: cfg80211: Loading compiled-in X.509 certificates for regulatory database
[   13.363274] kernel: Loaded X.509 cert 'sforshee: 00b28ddf47aef9cea7'
[   13.363506] kernel: Loaded X.509 cert 'wens: 61c038651aabdcf94bd0ac7ff06c7248db18c600'
[   13.383350] kernel: mc: Linux media interface: v0.10
[   13.390224] kernel: mei_me 0000:00:16.0: enabling device (0004 -> 0006)
[   13.393127] kernel: iTCO_vendor_support: vendor-support=0
[   13.399427] kernel: input: ELAN25D0:00 04F3:25D4 as /devices/pci0000:00/0000:00:15.0/i2c_designware.0/i2c-1/i2c-ELAN25D0:00/0018:04F3:25D4.0001/input/input22
[   13.419672] kernel: input: ELAN25D0:00 04F3:25D4 UNKNOWN as /devices/pci0000:00/0000:00:15.0/i2c_designware.0/i2c-1/i2c-ELAN25D0:00/0018:04F3:25D4.0001/input/input23
[   13.420027] kernel: input: ELAN25D0:00 04F3:25D4 UNKNOWN as /devices/pci0000:00/0000:00:15.0/i2c_designware.0/i2c-1/i2c-ELAN25D0:00/0018:04F3:25D4.0001/input/input24
[   13.426157] kernel: videodev: Linux video capture interface: v2.00
[   13.430618] kernel: hid-multitouch 0018:04F3:25D4.0001: input,hidraw0: I2C HID v1.00 Device [ELAN25D0:00 04F3:25D4] on i2c-ELAN25D0:00
[   13.430913] kernel: Intel(R) Wireless WiFi driver for Linux
[   13.431579] kernel: iwlwifi 0000:01:00.0: enabling device (0000 -> 0002)
[   13.438463] kernel: iwlwifi 0000:01:00.0: Detected crf-id 0xbadcafe, cnv-id 0x10 wfpm id 0x80000000
[   13.438596] kernel: iwlwifi 0000:01:00.0: PCI dev 24fd/0010, rev=0x230, rfid=0xd55555d5
[   13.459688] kernel: iwlwifi 0000:01:00.0: loaded firmware version 36.ca7b901d.0 8265-36.ucode op_mode iwlmvm
[   13.490176] kernel: io scheduler bfq registered
[   13.490861] kernel: Bluetooth: Core ver 2.22
[   13.490925] kernel: NET: Registered PF_BLUETOOTH protocol family
[   13.490929] kernel: Bluetooth: HCI device and connection manager initialized
[   13.490939] kernel: Bluetooth: HCI socket layer initialized
[   13.490944] kernel: Bluetooth: L2CAP socket layer initialized
[   13.490952] kernel: Bluetooth: SCO socket layer initialized
[   13.493993] kernel: proc_thermal 0000:00:04.0: enabling device (0000 -> 0002)
[   13.496443] kernel: RAPL PMU: API unit is 2^-32 Joules, 3 fixed counters, 655360 ms ovfl timer
[   13.496450] kernel: RAPL PMU: hw unit of domain pp0-core 2^-14 Joules
[   13.496453] kernel: RAPL PMU: hw unit of domain package 2^-14 Joules
[   13.496456] kernel: RAPL PMU: hw unit of domain pp1-gpu 2^-14 Joules
[   13.500719] kernel: intel_rapl_common: Found RAPL domain package
[   13.512787] kernel: hp_wmi: query 0x4 returned error 0x5
[   13.536315] kernel: iTCO_wdt iTCO_wdt: Found a Intel PCH TCO device (Version=4, TCOBASE=0x0400)
[   13.539150] kernel: usbcore: registered new interface driver btusb
[   13.543424] kernel: iTCO_wdt iTCO_wdt: initialized. heartbeat=30 sec (nowayout=0)
[   13.553106] kernel: Bluetooth: hci0: Bootloader revision 0.0 build 26 week 38 2015
[   13.554096] kernel: Bluetooth: hci0: Device revision is 16
[   13.554101] kernel: Bluetooth: hci0: Secure boot is enabled
[   13.554104] kernel: Bluetooth: hci0: OTP lock is enabled
[   13.554106] kernel: Bluetooth: hci0: API lock is enabled
[   13.554109] kernel: Bluetooth: hci0: Debug lock is disabled
[   13.554111] kernel: Bluetooth: hci0: Minimum firmware build 1 week 10 2014
[   13.557697] kernel: input: HP WMI hotkeys as /devices/virtual/input/input26
[   13.563070] kernel: Bluetooth: hci0: Found device firmware: intel/ibt-12-16.sfi
[   13.776022] kernel: intel_rapl_common: Found RAPL domain package
[   13.776031] kernel: intel_rapl_common: Found RAPL domain core
[   13.776035] kernel: intel_rapl_common: Found RAPL domain uncore
[   13.787537] kernel: mei_hdcp 0000:00:16.0-b638ab7e-94e2-4ea2-a552-d1c54b627f04: bound 0000:00:02.0 (ops i915_hdcp_ops [i915])
[   13.800712] kernel: usb 1-9: Found UVC 1.50 device HP HD Camera (04f2:b5e7)
[   13.837617] kernel: input: ALP0018:00 044E:121B Mouse as /devices/pci0000:00/0000:00:15.1/i2c_designware.1/i2c-2/i2c-ALP0018:00/0018:044E:121B.0002/input/input27
[   13.842992] kernel: input: ALP0018:00 044E:121B Touchpad as /devices/pci0000:00/0000:00:15.1/i2c_designware.1/i2c-2/i2c-ALP0018:00/0018:044E:121B.0002/input/input28
[   13.849072] kernel: usb 1-9: Found UVC 1.50 device HP HD Camera (04f2:b5e7)
[   13.850645] kernel: input: ALP0018:00 044E:121B UNKNOWN as /devices/pci0000:00/0000:00:15.1/i2c_designware.1/i2c-2/i2c-ALP0018:00/0018:044E:121B.0002/input/input29
[   13.852916] kernel: hid-multitouch 0018:044E:121B.0002: input,hidraw1: I2C HID v1.00 Mouse [ALP0018:00 044E:121B] on i2c-ALP0018:00
[   13.855852] kernel: usbcore: registered new interface driver uvcvideo
[   13.907209] kernel: iwlwifi 0000:01:00.0: Detected Intel(R) Dual Band Wireless AC 8265, REV=0x230
[   13.912696] kernel: audit: type=1400 audit(1724390139.729:2): apparmor="STATUS" operation="profile_load" profile="unconfined" name="libreoffice-oosplash" pid=540 comm="apparmor_parser"
[   13.912958] kernel: audit: type=1400 audit(1724390139.729:3): apparmor="STATUS" operation="profile_load" profile="unconfined" name="nvidia_modprobe" pid=535 comm="apparmor_parser"
[   13.912966] kernel: audit: type=1400 audit(1724390139.729:4): apparmor="STATUS" operation="profile_load" profile="unconfined" name="nvidia_modprobe//kmod" pid=535 comm="apparmor_parser"
[   13.913682] kernel: audit: type=1400 audit(1724390139.730:5): apparmor="STATUS" operation="profile_load" profile="unconfined" name="lsb_release" pid=534 comm="apparmor_parser"
[   13.915356] kernel: audit: type=1400 audit(1724390139.732:6): apparmor="STATUS" operation="profile_load" profile="unconfined" name="/usr/bin/man" pid=538 comm="apparmor_parser"
[   13.915366] kernel: audit: type=1400 audit(1724390139.732:7): apparmor="STATUS" operation="profile_load" profile="unconfined" name="man_filter" pid=538 comm="apparmor_parser"
[   13.915371] kernel: audit: type=1400 audit(1724390139.732:8): apparmor="STATUS" operation="profile_load" profile="unconfined" name="man_groff" pid=538 comm="apparmor_parser"
[   13.916560] kernel: audit: type=1400 audit(1724390139.733:9): apparmor="STATUS" operation="profile_load" profile="unconfined" name="libreoffice-senddoc" pid=541 comm="apparmor_parser"
[   13.921035] kernel: audit: type=1400 audit(1724390139.737:10): apparmor="STATUS" operation="profile_load" profile="unconfined" name="libreoffice-xpdfimport" pid=543 comm="apparmor_parser"
[   13.921140] kernel: audit: type=1400 audit(1724390139.737:11): apparmor="STATUS" operation="profile_load" profile="unconfined" name="/usr/sbin/chronyd" pid=544 comm="apparmor_parser"
[   13.929803] kernel: thermal thermal_zone13: failed to read out thermal zone (-61)
[   13.988933] kernel: intel_tcc_cooling: Programmable TCC Offset detected
[   14.008765] kernel: iwlwifi 0000:01:00.0: base HW address: 38:de:ad:2b:82:48, OTP minor version: 0x4
[   14.024531] kernel: intel_pmc_core intel_pmc_core.0:  initialized
[   14.054335] kernel: snd_hda_intel 0000:00:1f.3: DSP detected with PCI class/subclass/prog-if info 0x040380
[   14.054379] kernel: snd_hda_intel 0000:00:1f.3: enabling device (0000 -> 0002)
[   14.054666] kernel: snd_hda_intel 0000:00:1f.3: bound 0000:00:02.0 (ops i915_audio_component_bind_ops [i915])
[   14.056148] kernel: Adding 4193784k swap on /dev/mapper/cryptswap.  Priority:-2 extents:1 across:4193784k SS
[   14.085842] kernel: ieee80211 phy0: Selected rate control algorithm 'iwl-mvm-rs'
[   14.092495] kernel: iwlwifi 0000:01:00.0 wlp1s0: renamed from wlan0
[   14.103436] kernel: snd_hda_codec_conexant hdaudioC0D0: CX8200: BIOS auto-probing.
[   14.104695] kernel: snd_hda_codec_conexant hdaudioC0D0: vmaster hook already present before cdev!
[   14.105996] kernel: snd_hda_codec_conexant hdaudioC0D0: autoconfig for CX8200: line_outs=1 (0x16/0x0/0x0/0x0/0x0) type:line
[   14.106006] kernel: snd_hda_codec_conexant hdaudioC0D0:    speaker_outs=1 (0x17/0x0/0x0/0x0/0x0)
[   14.106012] kernel: snd_hda_codec_conexant hdaudioC0D0:    hp_outs=1 (0x1d/0x0/0x0/0x0/0x0)
[   14.106016] kernel: snd_hda_codec_conexant hdaudioC0D0:    mono: mono_out=0x0
[   14.106019] kernel: snd_hda_codec_conexant hdaudioC0D0:    inputs:
[   14.106022] kernel: snd_hda_codec_conexant hdaudioC0D0:      Mic=0x19
[   14.106026] kernel: snd_hda_codec_conexant hdaudioC0D0:      Internal Mic=0x1a
[   14.106030] kernel: snd_hda_codec_conexant hdaudioC0D0:      Line=0x18
[   14.142885] kernel: input: HDA Intel PCH Mic as /devices/pci0000:00/0000:00:1f.3/sound/card0/input30
[   14.143033] kernel: input: HDA Intel PCH Line as /devices/pci0000:00/0000:00:1f.3/sound/card0/input31
[   14.143149] kernel: input: HDA Intel PCH Dock Line Out as /devices/pci0000:00/0000:00:1f.3/sound/card0/input32
[   14.143274] kernel: input: HDA Intel PCH Headphone as /devices/pci0000:00/0000:00:1f.3/sound/card0/input33
[   14.143378] kernel: input: HDA Intel PCH HDMI/DP,pcm=3 as /devices/pci0000:00/0000:00:1f.3/sound/card0/input34
[   14.143495] kernel: input: HDA Intel PCH HDMI/DP,pcm=7 as /devices/pci0000:00/0000:00:1f.3/sound/card0/input35
[   14.143610] kernel: input: HDA Intel PCH HDMI/DP,pcm=8 as /devices/pci0000:00/0000:00:1f.3/sound/card0/input36
[   14.253780] kernel: zram: Added device: zram0
[   14.452197] kernel: Bluetooth: BNEP (Ethernet Emulation) ver 1.3
[   14.452214] kernel: Bluetooth: BNEP filters: protocol multicast
[   14.452237] kernel: Bluetooth: BNEP socket layer initialized
[   14.495251] kernel: zram0: detected capacity change from 0 to 15945728
[   14.520933] kernel: Adding 7972860k swap on /dev/zram0.  Priority:1000 extents:1 across:7972860k SS
[   15.170081] kernel: iwlwifi 0000:01:00.0: Registered PHC clock: iwlwifi-PTP, with index: 1
[   15.332072] kernel: Bluetooth: hci0: Waiting for firmware download to complete
[   15.333062] kernel: Bluetooth: hci0: Firmware loaded in 1728500 usecs
[   15.333127] kernel: Bluetooth: hci0: Waiting for device to boot
[   15.346076] kernel: Bluetooth: hci0: Device booted in 12672 usecs
[   15.346082] kernel: Bluetooth: hci0: Malformed MSFT vendor event: 0x02
[   15.346375] kernel: Bluetooth: hci0: Found Intel DDC parameters: intel/ibt-12-16.ddc
[   15.349128] kernel: Bluetooth: hci0: Applying Intel DDC parameters completed
[   15.350080] kernel: Bluetooth: hci0: Firmware revision 0.1 build 19 week 44 2021
[   15.352083] kernel: Bluetooth: hci0: Reading supported features failed (-16)
[   15.352092] kernel: Bluetooth: hci0: Error reading debug features
[   15.352096] kernel: Bluetooth: hci0: HCI LE Coded PHY feature bit is set, but its usage is not supported.
[   15.412713] kernel: Bluetooth: MGMT ver 1.22
[   15.418073] kernel: NET: Registered PF_ALG protocol family
[   16.018181] kernel: Bluetooth: RFCOMM TTY layer initialized
[   16.018196] kernel: Bluetooth: RFCOMM socket layer initialized
[   16.018204] kernel: Bluetooth: RFCOMM ver 1.11
[   18.398805] kernel: rfkill: input handler disabled
[   18.620169] kernel: wlp1s0: authenticate with 24:cf:24:a1:3a:6f (local address=38:de:ad:2b:82:48)
[   18.621458] kernel: wlp1s0: send auth to 24:cf:24:a1:3a:6f (try 1/3)
[   18.659294] kernel: wlp1s0: authenticated
[   18.660286] kernel: wlp1s0: associate with 24:cf:24:a1:3a:6f (try 1/3)
[   18.676207] kernel: wlp1s0: RX AssocResp from 24:cf:24:a1:3a:6f (capab=0x31 status=0 aid=7)
[   18.679019] kernel: wlp1s0: associated
