[    0.000000] kernel: Linux version 6.9.3-76060903-generic (jenkins@warp.pop-os.org) (x86_64-linux-gnu-gcc-12 (Ubuntu 12.3.0-1ubuntu1~22.04) 12.3.0, GNU ld (GNU Binutils for Ubuntu) 2.38) #202405300957~1721174657~22.04~abb7c06 SMP PREEMPT_DYNAMIC Wed J
[    0.000000] kernel: Command line: initrd=\EFI\Pop_OS-d047bce4-63ac-4071-b369-ee7b521891b8\initrd.img root=UUID=d047bce4-63ac-4071-b369-ee7b521891b8 ro quiet loglevel=0 systemd.show_status=false splash
[    0.000000] kernel: KERNEL supported cpus:
[    0.000000] kernel:   Intel GenuineIntel
[    0.000000] kernel:   AMD AuthenticAMD
[    0.000000] kernel:   Hygon HygonGenuine
[    0.000000] kernel:   Centaur CentaurHauls
[    0.000000] kernel:   zhaoxin   Shanghai  
[    0.000000] kernel: BIOS-provided physical RAM map:
[    0.000000] kernel: BIOS-e820: [mem 0x0000000000000000-0x0000000000057fff] usable
[    0.000000] kernel: BIOS-e820: [mem 0x0000000000058000-0x0000000000058fff] reserved
[    0.000000] kernel: BIOS-e820: [mem 0x0000000000059000-0x000000000009dfff] usable
[    0.000000] kernel: BIOS-e820: [mem 0x000000000009e000-0x000000000009efff] reserved
[    0.000000] kernel: BIOS-e820: [mem 0x000000000009f000-0x000000000009ffff] usable
[    0.000000] kernel: BIOS-e820: [mem 0x00000000000a0000-0x00000000000fffff] reserved
[    0.000000] kernel: BIOS-e820: [mem 0x0000000000100000-0x000000003fffffff] usable
[    0.000000] kernel: BIOS-e820: [mem 0x0000000040000000-0x00000000403fffff] reserved
[    0.000000] kernel: BIOS-e820: [mem 0x0000000040400000-0x000000009797dfff] usable
[    0.000000] kernel: BIOS-e820: [mem 0x000000009797e000-0x000000009797efff] reserved
[    0.000000] kernel: BIOS-e820: [mem 0x000000009797f000-0x0000000097cf7fff] usable
[    0.000000] kernel: BIOS-e820: [mem 0x0000000097cf8000-0x0000000097cf8fff] reserved
[    0.000000] kernel: BIOS-e820: [mem 0x0000000097cf9000-0x00000000a5663fff] usable
[    0.000000] kernel: BIOS-e820: [mem 0x00000000a5664000-0x00000000a5664fff] ACPI NVS
[    0.000000] kernel: BIOS-e820: [mem 0x00000000a5665000-0x00000000a5665fff] reserved
[    0.000000] kernel: BIOS-e820: [mem 0x00000000a5666000-0x00000000b6f9afff] usable
[    0.000000] kernel: BIOS-e820: [mem 0x00000000b6f9b000-0x00000000b7d7efff] reserved
[    0.000000] kernel: BIOS-e820: [mem 0x00000000b7d7f000-0x00000000b7f7efff] ACPI NVS
[    0.000000] kernel: BIOS-e820: [mem 0x00000000b7f7f000-0x00000000b7ffefff] ACPI data
[    0.000000] kernel: BIOS-e820: [mem 0x00000000b7fff000-0x00000000b7ffffff] usable
[    0.000000] kernel: BIOS-e820: [mem 0x00000000b8000000-0x00000000be7fffff] reserved
[    0.000000] kernel: BIOS-e820: [mem 0x00000000f0000000-0x00000000f7ffffff] reserved
[    0.000000] kernel: BIOS-e820: [mem 0x00000000fe010000-0x00000000fe010fff] reserved
[    0.000000] kernel: BIOS-e820: [mem 0x0000000100000000-0x000000023f7fffff] usable
[    0.000000] kernel: NX (Execute Disable) protection: active
[    0.000000] kernel: APIC: Static calls initialized
[    0.000000] kernel: e820: update [mem 0xa0f9d018-0xa0fad057] usable ==> usable
[    0.000000] kernel: extended physical RAM map:
[    0.000000] kernel: reserve setup_data: [mem 0x0000000000000000-0x0000000000057fff] usable
[    0.000000] kernel: reserve setup_data: [mem 0x0000000000058000-0x0000000000058fff] reserved
[    0.000000] kernel: reserve setup_data: [mem 0x0000000000059000-0x000000000009dfff] usable
[    0.000000] kernel: reserve setup_data: [mem 0x000000000009e000-0x000000000009efff] reserved
[    0.000000] kernel: reserve setup_data: [mem 0x000000000009f000-0x000000000009ffff] usable
[    0.000000] kernel: reserve setup_data: [mem 0x00000000000a0000-0x00000000000fffff] reserved
[    0.000000] kernel: reserve setup_data: [mem 0x0000000000100000-0x000000003fffffff] usable
[    0.000000] kernel: reserve setup_data: [mem 0x0000000040000000-0x00000000403fffff] reserved
[    0.000000] kernel: reserve setup_data: [mem 0x0000000040400000-0x000000009797dfff] usable
[    0.000000] kernel: reserve setup_data: [mem 0x000000009797e000-0x000000009797efff] reserved
[    0.000000] kernel: reserve setup_data: [mem 0x000000009797f000-0x0000000097cf7fff] usable
[    0.000000] kernel: reserve setup_data: [mem 0x0000000097cf8000-0x0000000097cf8fff] reserved
[    0.000000] kernel: reserve setup_data: [mem 0x0000000097cf9000-0x00000000a0f9d017] usable
[    0.000000] kernel: reserve setup_data: [mem 0x00000000a0f9d018-0x00000000a0fad057] usable
[    0.000000] kernel: reserve setup_data: [mem 0x00000000a0fad058-0x00000000a5663fff] usable
[    0.000000] kernel: reserve setup_data: [mem 0x00000000a5664000-0x00000000a5664fff] ACPI NVS
[    0.000000] kernel: reserve setup_data: [mem 0x00000000a5665000-0x00000000a5665fff] reserved
[    0.000000] kernel: reserve setup_data: [mem 0x00000000a5666000-0x00000000b6f9afff] usable
[    0.000000] kernel: reserve setup_data: [mem 0x00000000b6f9b000-0x00000000b7d7efff] reserved
[    0.000000] kernel: reserve setup_data: [mem 0x00000000b7d7f000-0x00000000b7f7efff] ACPI NVS
[    0.000000] kernel: reserve setup_data: [mem 0x00000000b7f7f000-0x00000000b7ffefff] ACPI data
[    0.000000] kernel: reserve setup_data: [mem 0x00000000b7fff000-0x00000000b7ffffff] usable
[    0.000000] kernel: reserve setup_data: [mem 0x00000000b8000000-0x00000000be7fffff] reserved
[    0.000000] kernel: reserve setup_data: [mem 0x00000000f0000000-0x00000000f7ffffff] reserved
[    0.000000] kernel: reserve setup_data: [mem 0x00000000fe010000-0x00000000fe010fff] reserved
[    0.000000] kernel: reserve setup_data: [mem 0x0000000100000000-0x000000023f7fffff] usable
[    0.000000] kernel: efi: EFI v2.5 by HP
[    0.000000] kernel: efi: ACPI=0xb7ffe000 ACPI 2.0=0xb7ffe014 SMBIOS=0xb7765000 SMBIOS 3.0=0xb7763000 ESRT=0xb7777c98 MEMATTR=0xb2f11018 INITRD=0xa5759c98 RNG=0xb7faa018 
[    0.000000] kernel: random: crng init done
[    0.000000] kernel: efi: Remove mem57: MMIO range=[0xf0000000-0xf7ffffff] (128MB) from e820 map
[    0.000000] kernel: e820: remove [mem 0xf0000000-0xf7ffffff] reserved
[    0.000000] kernel: efi: Not removing mem58: MMIO range=[0xfe010000-0xfe010fff] (4KB) from e820 map
[    0.000000] kernel: SMBIOS 3.1.0 present.
[    0.000000] kernel: DMI: HP HP EliteBook 830 G5/83B3, BIOS Q78 Ver. 01.28.00 04/15/2024
[    0.000000] kernel: tsc: Detected 1900.000 MHz processor
[    0.000000] kernel: tsc: Detected 1899.950 MHz TSC
[    0.001484] kernel: e820: update [mem 0x00000000-0x00000fff] usable ==> reserved
[    0.001491] kernel: e820: remove [mem 0x000a0000-0x000fffff] usable
[    0.001511] kernel: last_pfn = 0x23f800 max_arch_pfn = 0x400000000
[    0.001519] kernel: MTRR map: 5 entries (3 fixed + 2 variable; max 23), built from 10 variable MTRRs
[    0.001522] kernel: x86/PAT: Configuration [0-7]: WB  WC  UC- UC  WB  WP  UC- WT  
[    0.002398] kernel: last_pfn = 0xb8000 max_arch_pfn = 0x400000000
[    0.016478] kernel: esrt: Reserving ESRT space from 0x00000000b7777c98 to 0x00000000b7777cd0.
[    0.016494] kernel: Using GB pages for direct mapping
[    0.017443] kernel: Secure boot disabled
[    0.017445] kernel: RAMDISK: [mem 0x7b157000-0x7fffffff]
[    0.017455] kernel: ACPI: Early table checksum verification disabled
[    0.017460] kernel: ACPI: RSDP 0x00000000B7FFE014 000024 (v02 HPQOEM)
[    0.017469] kernel: ACPI: XSDT 0x00000000B7F8D228 00016C (v01 HPQOEM SLIC-BPC 00000000      01000013)
[    0.017479] kernel: ACPI: FACP 0x00000000B7FD8000 00010C (v05 HPQOEM SLIC-BPC 00000000 HP   00000001)
[    0.017490] kernel: ACPI: DSDT 0x00000000B7FB2000 022576 (v02 HPQOEM 83B3     00000000 INTL 20160527)
[    0.017497] kernel: ACPI: FACS 0x00000000B7F64000 000040
[    0.017502] kernel: ACPI: SSDT 0x00000000B7FFC000 00012A (v02 HP     ShmTable 00000001 INTL 20160527)
[    0.017509] kernel: ACPI: RTMA 0x00000000B7FFB000 00009E (v01 HP     _HBMART_ 00001000 HP   00000001)
[    0.017516] kernel: ACPI: SSDT 0x00000000B7FE6000 0145E8 (v02 AcpiRe PLT_RTD3 00001000 INTL 20160527)
[    0.017522] kernel: ACPI: SSDT 0x00000000B7FE5000 000F25 (v02 HP     UcsiAcpi 00000001 INTL 20160527)
[    0.017528] kernel: ACPI: SSDT 0x00000000B7FE4000 0000FB (v02 HP     UcsiCntr 00000001 INTL 20160527)
[    0.017535] kernel: ACPI: UEFI 0x00000000B7F75000 000042 (v01 HPQOEM EDK2     00000002      01000013)
[    0.017541] kernel: ACPI: OEML 0x00000000B7FE3000 000028 (v03 HPQOEM EDK2     00000002      01000013)
[    0.017547] kernel: ACPI: SSDT 0x00000000B7FE2000 0003C8 (v02 HPQOEM Tpm2Tabl 00001000 INTL 20160527)
[    0.017553] kernel: ACPI: TPM2 0x00000000B7FE1000 000034 (v03 HPQOEM EDK2     00000002      01000013)
[    0.017560] kernel: ACPI: SSDT 0x00000000B7FDD000 0032D6 (v02 SaSsdt SaSsdt   00003000 INTL 20160527)
[    0.017566] kernel: ACPI: MSDM 0x00000000B7FDB000 000055 (v03 HPQOEM SLIC-BPC 00000000 HP   00000001)
[    0.017573] kernel: ACPI: SLIC 0x00000000B7FDA000 000176 (v01 HPQOEM SLIC-BPC 00000001 HP   00000001)
[    0.017579] kernel: ACPI: WSMT 0x00000000B7FD9000 000028 (v01 HPQOEM 83B3     00000001 HP   00000001)
[    0.017585] kernel: ACPI: HPET 0x00000000B7FD7000 000038 (v01 HPQOEM 83B3     00000001 HP   00000001)
[    0.017591] kernel: ACPI: APIC 0x00000000B7FD6000 00012C (v03 HPQOEM 83B3     00000001 HP   00000001)
[    0.017598] kernel: ACPI: MCFG 0x00000000B7FD5000 00003C (v01 HPQOEM 83B3     00000001 HP   00000001)
[    0.017604] kernel: ACPI: SSDT 0x00000000B7FB1000 0001BC (v02 HPQOEM Sata0Ide 00001000 INTL 20160527)
[    0.017610] kernel: ACPI: SSDT 0x00000000B7FB0000 000734 (v01 HPQOEM PtidDevc 00001000 INTL 20160527)
[    0.017617] kernel: ACPI: SSDT 0x00000000B7FAB000 00417C (v02 DptfTa DptfTabl 00001000 INTL 20160527)
[    0.017623] kernel: ACPI: SSDT 0x00000000B7FA5000 004163 (v02 GddvDu GddvDumm 00001000 INTL 20160527)
[    0.017629] kernel: ACPI: SSDT 0x00000000B7FA3000 0017AE (v02 CpuRef CpuSsdt  00003000 INTL 20160527)
[    0.017636] kernel: ACPI: SSDT 0x00000000B7FFD000 0009CF (v02 CtdpB  CtdpB    00001000 INTL 20160527)
[    0.017642] kernel: ACPI: SSDT 0x00000000B7FA2000 000141 (v02 INTEL  HdaDsp   00000000 INTL 20160527)
[    0.017649] kernel: ACPI: SSDT 0x00000000B7FA1000 00029F (v02 INTEL  sensrhub 00000000 INTL 20160527)
[    0.017655] kernel: ACPI: SSDT 0x00000000B7FA0000 000346 (v01 INTEL  EInkApp  00000000 INTL 20160527)
[    0.017661] kernel: ACPI: SSDT 0x00000000B7F9F000 000358 (v02 INTEL  AMLY4ISH 00000000 INTL 20160527)
[    0.017668] kernel: ACPI: SSDT 0x00000000B7F9E000 0003C8 (v02 INTEL  Wwan     00000001 INTL 20160527)
[    0.017674] kernel: ACPI: DBGP 0x00000000B7F9D000 000034 (v01 INTEL           00000002 MSFT 0000005F)
[    0.017680] kernel: ACPI: DBG2 0x00000000B7F9C000 000054 (v00 INTEL           00000002 MSFT 0000005F)
[    0.017687] kernel: ACPI: DMAR 0x00000000B7F9B000 0000A8 (v01 INTEL  KBL      00000001 INTL 00000001)
[    0.017693] kernel: ACPI: SSDT 0x00000000B7F96000 004BF2 (v02 HP     HPTBT    00001000 INTL 20160527)
[    0.017699] kernel: ACPI: NHLT 0x00000000B7F95000 00002D (v00 INTEL  KBL      00000002      01000013)
[    0.017706] kernel: ACPI: SSDT 0x00000000B7F94000 00010E (v01 HP     HPSANIMD 00001000 INTL 20160527)
[    0.017712] kernel: ACPI: SSDT 0x00000000B7F93000 000D26 (v01 HP     HPINNBWL 00001000 INTL 20160527)
[    0.017718] kernel: ACPI: SSDT 0x00000000B7F92000 000032 (v01 HP     HPCONDEV 00001000 INTL 20160527)
[    0.017724] kernel: ACPI: SSDT 0x00000000B7F91000 000069 (v01 HP     HPCAHWID 00001000 INTL 20160527)
[    0.017731] kernel: ACPI: ASF! 0x00000000B7F90000 0000A0 (v32 HPQOEM  UYA     00000001 TFSM 000F4240)
[    0.017737] kernel: ACPI: FPDT 0x00000000B7F8F000 000044 (v01 HPQOEM EDK2     00000002      01000013)
[    0.017743] kernel: ACPI: BGRT 0x00000000B7F8E000 000038 (v01 HPQOEM EDK2     00000002      01000013)
[    0.017750] kernel: ACPI: SSDT 0x00000000B7FDC000 0002F9 (v02 HP     PwrCtlEv 00000001 INTL 20160527)
[    0.017755] kernel: ACPI: Reserving FACP table memory at [mem 0xb7fd8000-0xb7fd810b]
[    0.017758] kernel: ACPI: Reserving DSDT table memory at [mem 0xb7fb2000-0xb7fd4575]
[    0.017760] kernel: ACPI: Reserving FACS table memory at [mem 0xb7f64000-0xb7f6403f]
[    0.017761] kernel: ACPI: Reserving SSDT table memory at [mem 0xb7ffc000-0xb7ffc129]
[    0.017763] kernel: ACPI: Reserving RTMA table memory at [mem 0xb7ffb000-0xb7ffb09d]
[    0.017765] kernel: ACPI: Reserving SSDT table memory at [mem 0xb7fe6000-0xb7ffa5e7]
[    0.017767] kernel: ACPI: Reserving SSDT table memory at [mem 0xb7fe5000-0xb7fe5f24]
[    0.017768] kernel: ACPI: Reserving SSDT table memory at [mem 0xb7fe4000-0xb7fe40fa]
[    0.017770] kernel: ACPI: Reserving UEFI table memory at [mem 0xb7f75000-0xb7f75041]
[    0.017772] kernel: ACPI: Reserving OEML table memory at [mem 0xb7fe3000-0xb7fe3027]
[    0.017774] kernel: ACPI: Reserving SSDT table memory at [mem 0xb7fe2000-0xb7fe23c7]
[    0.017775] kernel: ACPI: Reserving TPM2 table memory at [mem 0xb7fe1000-0xb7fe1033]
[    0.017777] kernel: ACPI: Reserving SSDT table memory at [mem 0xb7fdd000-0xb7fe02d5]
[    0.017779] kernel: ACPI: Reserving MSDM table memory at [mem 0xb7fdb000-0xb7fdb054]
[    0.017780] kernel: ACPI: Reserving SLIC table memory at [mem 0xb7fda000-0xb7fda175]
[    0.017782] kernel: ACPI: Reserving WSMT table memory at [mem 0xb7fd9000-0xb7fd9027]
[    0.017784] kernel: ACPI: Reserving HPET table memory at [mem 0xb7fd7000-0xb7fd7037]
[    0.017785] kernel: ACPI: Reserving APIC table memory at [mem 0xb7fd6000-0xb7fd612b]
[    0.017787] kernel: ACPI: Reserving MCFG table memory at [mem 0xb7fd5000-0xb7fd503b]
[    0.017789] kernel: ACPI: Reserving SSDT table memory at [mem 0xb7fb1000-0xb7fb11bb]
[    0.017791] kernel: ACPI: Reserving SSDT table memory at [mem 0xb7fb0000-0xb7fb0733]
[    0.017792] kernel: ACPI: Reserving SSDT table memory at [mem 0xb7fab000-0xb7faf17b]
[    0.017794] kernel: ACPI: Reserving SSDT table memory at [mem 0xb7fa5000-0xb7fa9162]
[    0.017796] kernel: ACPI: Reserving SSDT table memory at [mem 0xb7fa3000-0xb7fa47ad]
[    0.017798] kernel: ACPI: Reserving SSDT table memory at [mem 0xb7ffd000-0xb7ffd9ce]
[    0.017799] kernel: ACPI: Reserving SSDT table memory at [mem 0xb7fa2000-0xb7fa2140]
[    0.017801] kernel: ACPI: Reserving SSDT table memory at [mem 0xb7fa1000-0xb7fa129e]
[    0.017803] kernel: ACPI: Reserving SSDT table memory at [mem 0xb7fa0000-0xb7fa0345]
[    0.017804] kernel: ACPI: Reserving SSDT table memory at [mem 0xb7f9f000-0xb7f9f357]
[    0.017806] kernel: ACPI: Reserving SSDT table memory at [mem 0xb7f9e000-0xb7f9e3c7]
[    0.017808] kernel: ACPI: Reserving DBGP table memory at [mem 0xb7f9d000-0xb7f9d033]
[    0.017810] kernel: ACPI: Reserving DBG2 table memory at [mem 0xb7f9c000-0xb7f9c053]
[    0.017811] kernel: ACPI: Reserving DMAR table memory at [mem 0xb7f9b000-0xb7f9b0a7]
[    0.017813] kernel: ACPI: Reserving SSDT table memory at [mem 0xb7f96000-0xb7f9abf1]
[    0.017815] kernel: ACPI: Reserving NHLT table memory at [mem 0xb7f95000-0xb7f9502c]
[    0.017817] kernel: ACPI: Reserving SSDT table memory at [mem 0xb7f94000-0xb7f9410d]
[    0.017819] kernel: ACPI: Reserving SSDT table memory at [mem 0xb7f93000-0xb7f93d25]
[    0.017821] kernel: ACPI: Reserving SSDT table memory at [mem 0xb7f92000-0xb7f92031]
[    0.017822] kernel: ACPI: Reserving SSDT table memory at [mem 0xb7f91000-0xb7f91068]
[    0.017824] kernel: ACPI: Reserving ASF! table memory at [mem 0xb7f90000-0xb7f9009f]
[    0.017826] kernel: ACPI: Reserving FPDT table memory at [mem 0xb7f8f000-0xb7f8f043]
[    0.017828] kernel: ACPI: Reserving BGRT table memory at [mem 0xb7f8e000-0xb7f8e037]
[    0.017829] kernel: ACPI: Reserving SSDT table memory at [mem 0xb7fdc000-0xb7fdc2f8]
[    0.018094] kernel: No NUMA configuration found
[    0.018096] kernel: Faking a node at [mem 0x0000000000000000-0x000000023f7fffff]
[    0.018113] kernel: NODE_DATA(0) allocated [mem 0x23f7d5000-0x23f7fffff]
[    0.018487] kernel: Zone ranges:
[    0.018489] kernel:   DMA      [mem 0x0000000000001000-0x0000000000ffffff]
[    0.018493] kernel:   DMA32    [mem 0x0000000001000000-0x00000000ffffffff]
[    0.018496] kernel:   Normal   [mem 0x0000000100000000-0x000000023f7fffff]
[    0.018499] kernel:   Device   empty
[    0.018501] kernel: Movable zone start for each node
[    0.018505] kernel: Early memory node ranges
[    0.018506] kernel:   node   0: [mem 0x0000000000001000-0x0000000000057fff]
[    0.018509] kernel:   node   0: [mem 0x0000000000059000-0x000000000009dfff]
[    0.018510] kernel:   node   0: [mem 0x000000000009f000-0x000000000009ffff]
[    0.018512] kernel:   node   0: [mem 0x0000000000100000-0x000000003fffffff]
[    0.018514] kernel:   node   0: [mem 0x0000000040400000-0x000000009797dfff]
[    0.018516] kernel:   node   0: [mem 0x000000009797f000-0x0000000097cf7fff]
[    0.018518] kernel:   node   0: [mem 0x0000000097cf9000-0x00000000a5663fff]
[    0.018520] kernel:   node   0: [mem 0x00000000a5666000-0x00000000b6f9afff]
[    0.018521] kernel:   node   0: [mem 0x00000000b7fff000-0x00000000b7ffffff]
[    0.018523] kernel:   node   0: [mem 0x0000000100000000-0x000000023f7fffff]
[    0.018527] kernel: Initmem setup node 0 [mem 0x0000000000001000-0x000000023f7fffff]
[    0.018534] kernel: On node 0, zone DMA: 1 pages in unavailable ranges
[    0.018537] kernel: On node 0, zone DMA: 1 pages in unavailable ranges
[    0.018539] kernel: On node 0, zone DMA: 1 pages in unavailable ranges
[    0.018572] kernel: On node 0, zone DMA: 96 pages in unavailable ranges
[    0.027271] kernel: On node 0, zone DMA32: 1024 pages in unavailable ranges
[    0.027285] kernel: On node 0, zone DMA32: 1 pages in unavailable ranges
[    0.028107] kernel: On node 0, zone DMA32: 1 pages in unavailable ranges
[    0.029173] kernel: On node 0, zone DMA32: 2 pages in unavailable ranges
[    0.029251] kernel: On node 0, zone DMA32: 4196 pages in unavailable ranges
[    0.048683] kernel: On node 0, zone Normal: 2048 pages in unavailable ranges
[    0.048700] kernel: Reserving Intel graphics memory at [mem 0xbc800000-0xbe7fffff]
[    0.049283] kernel: ACPI: PM-Timer IO Port: 0x1808
[    0.049299] kernel: ACPI: LAPIC_NMI (acpi_id[0x01] high edge lint[0x1])
[    0.049303] kernel: ACPI: LAPIC_NMI (acpi_id[0x02] high edge lint[0x1])
[    0.049305] kernel: ACPI: LAPIC_NMI (acpi_id[0x03] high edge lint[0x1])
[    0.049306] kernel: ACPI: LAPIC_NMI (acpi_id[0x04] high edge lint[0x1])
[    0.049308] kernel: ACPI: LAPIC_NMI (acpi_id[0x05] high edge lint[0x1])
[    0.049310] kernel: ACPI: LAPIC_NMI (acpi_id[0x06] high edge lint[0x1])
[    0.049311] kernel: ACPI: LAPIC_NMI (acpi_id[0x07] high edge lint[0x1])
[    0.049313] kernel: ACPI: LAPIC_NMI (acpi_id[0x08] high edge lint[0x1])
[    0.049314] kernel: ACPI: LAPIC_NMI (acpi_id[0x09] high edge lint[0x1])
[    0.049316] kernel: ACPI: LAPIC_NMI (acpi_id[0x0a] high edge lint[0x1])
[    0.049318] kernel: ACPI: LAPIC_NMI (acpi_id[0x0b] high edge lint[0x1])
[    0.049319] kernel: ACPI: LAPIC_NMI (acpi_id[0x0c] high edge lint[0x1])
[    0.049321] kernel: ACPI: LAPIC_NMI (acpi_id[0x0d] high edge lint[0x1])
[    0.049322] kernel: ACPI: LAPIC_NMI (acpi_id[0x0e] high edge lint[0x1])
[    0.049324] kernel: ACPI: LAPIC_NMI (acpi_id[0x0f] high edge lint[0x1])
[    0.049326] kernel: ACPI: LAPIC_NMI (acpi_id[0x10] high edge lint[0x1])
[    0.049359] kernel: IOAPIC[0]: apic_id 2, version 32, address 0xfec00000, GSI 0-119
[    0.049365] kernel: ACPI: INT_SRC_OVR (bus 0 bus_irq 0 global_irq 2 dfl dfl)
[    0.049368] kernel: ACPI: INT_SRC_OVR (bus 0 bus_irq 9 global_irq 9 high level)
[    0.049378] kernel: ACPI: Using ACPI (MADT) for SMP configuration information
[    0.049380] kernel: ACPI: HPET id: 0x8086a201 base: 0xfed00000
[    0.049392] kernel: e820: update [mem 0xb241a000-0xb2442fff] usable ==> reserved
[    0.049418] kernel: TSC deadline timer available
[    0.049426] kernel: CPU topo: Max. logical packages:   1
[    0.049427] kernel: CPU topo: Max. logical dies:       1
[    0.049429] kernel: CPU topo: Max. dies per package:   1
[    0.049436] kernel: CPU topo: Max. threads per core:   2
[    0.049437] kernel: CPU topo: Num. cores per package:     4
[    0.049439] kernel: CPU topo: Num. threads per package:   8
[    0.049440] kernel: CPU topo: Allowing 8 present CPUs plus 0 hotplug CPUs
[    0.049481] kernel: PM: hibernation: Registered nosave memory: [mem 0x00000000-0x00000fff]
[    0.049485] kernel: PM: hibernation: Registered nosave memory: [mem 0x00058000-0x00058fff]
[    0.049489] kernel: PM: hibernation: Registered nosave memory: [mem 0x0009e000-0x0009efff]
[    0.049492] kernel: PM: hibernation: Registered nosave memory: [mem 0x000a0000-0x000fffff]
[    0.049496] kernel: PM: hibernation: Registered nosave memory: [mem 0x40000000-0x403fffff]
[    0.049499] kernel: PM: hibernation: Registered nosave memory: [mem 0x9797e000-0x9797efff]
[    0.049503] kernel: PM: hibernation: Registered nosave memory: [mem 0x97cf8000-0x97cf8fff]
[    0.049506] kernel: PM: hibernation: Registered nosave memory: [mem 0xa0f9d000-0xa0f9dfff]
[    0.049510] kernel: PM: hibernation: Registered nosave memory: [mem 0xa0fad000-0xa0fadfff]
[    0.049513] kernel: PM: hibernation: Registered nosave memory: [mem 0xa5664000-0xa5664fff]
[    0.049515] kernel: PM: hibernation: Registered nosave memory: [mem 0xa5665000-0xa5665fff]
[    0.049519] kernel: PM: hibernation: Registered nosave memory: [mem 0xb241a000-0xb2442fff]
[    0.049522] kernel: PM: hibernation: Registered nosave memory: [mem 0xb6f9b000-0xb7d7efff]
[    0.049524] kernel: PM: hibernation: Registered nosave memory: [mem 0xb7d7f000-0xb7f7efff]
[    0.049525] kernel: PM: hibernation: Registered nosave memory: [mem 0xb7f7f000-0xb7ffefff]
[    0.049529] kernel: PM: hibernation: Registered nosave memory: [mem 0xb8000000-0xbe7fffff]
[    0.049530] kernel: PM: hibernation: Registered nosave memory: [mem 0xbe800000-0xfe00ffff]
[    0.049532] kernel: PM: hibernation: Registered nosave memory: [mem 0xfe010000-0xfe010fff]
[    0.049533] kernel: PM: hibernation: Registered nosave memory: [mem 0xfe011000-0xffffffff]
[    0.049537] kernel: [mem 0xbe800000-0xfe00ffff] available for PCI devices
[    0.049539] kernel: Booting paravirtualized kernel on bare hardware
[    0.049543] kernel: clocksource: refined-jiffies: mask: 0xffffffff max_cycles: 0xffffffff, max_idle_ns: 1910969940391419 ns
[    0.049556] kernel: setup_percpu: NR_CPUS:8192 nr_cpumask_bits:8 nr_cpu_ids:8 nr_node_ids:1
[    0.050968] kernel: percpu: Embedded 87 pages/cpu s233472 r8192 d114688 u524288
[    0.050983] kernel: pcpu-alloc: s233472 r8192 d114688 u524288 alloc=1*2097152
[    0.050988] kernel: pcpu-alloc: [0] 0 1 2 3 [0] 4 5 6 7 
[    0.051035] kernel: Kernel command line: initrd=\EFI\Pop_OS-d047bce4-63ac-4071-b369-ee7b521891b8\initrd.img root=UUID=d047bce4-63ac-4071-b369-ee7b521891b8 ro quiet loglevel=0 systemd.show_status=false splash
[    0.051210] kernel: Unknown kernel command line parameters "splash", will be passed to user space.
[    0.053213] kernel: Dentry cache hash table entries: 1048576 (order: 11, 8388608 bytes, linear)
[    0.054171] kernel: Inode-cache hash table entries: 524288 (order: 10, 4194304 bytes, linear)
[    0.054428] kernel: Fallback order for Node 0: 0 
[    0.054434] kernel: Built 1 zonelists, mobility grouping on.  Total pages: 2023689
[    0.054437] kernel: Policy zone: Normal
[    0.054446] kernel: mem auto-init: stack:all(zero), heap alloc:on, heap free:off
[    0.054458] kernel: software IO TLB: area num 8.
[    0.127870] kernel: Memory: 7789300K/8228052K available (22528K kernel code, 4491K rwdata, 14012K rodata, 5012K init, 4640K bss, 438492K reserved, 0K cma-reserved)
[    0.129757] kernel: SLUB: HWalign=64, Order=0-3, MinObjects=0, CPUs=8, Nodes=1
[    0.129811] kernel: Kernel/User page tables isolation: enabled
[    0.129875] kernel: ftrace: allocating 58259 entries in 228 pages
[    0.147064] kernel: ftrace: allocated 228 pages with 4 groups
[    0.148433] kernel: Dynamic Preempt: voluntary
[    0.148561] kernel: rcu: Preemptible hierarchical RCU implementation.
[    0.148563] kernel: rcu:         RCU restricting CPUs from NR_CPUS=8192 to nr_cpu_ids=8.
[    0.148566] kernel:         Trampoline variant of Tasks RCU enabled.
[    0.148567] kernel:         Rude variant of Tasks RCU enabled.
[    0.148568] kernel:         Tracing variant of Tasks RCU enabled.
[    0.148569] kernel: rcu: RCU calculated value of scheduler-enlistment delay is 100 jiffies.
[    0.148571] kernel: rcu: Adjusting geometry for rcu_fanout_leaf=16, nr_cpu_ids=8
[    0.148582] kernel: RCU Tasks: Setting shift to 3 and lim to 1 rcu_task_cb_adjust=1.
[    0.148585] kernel: RCU Tasks Rude: Setting shift to 3 and lim to 1 rcu_task_cb_adjust=1.
[    0.148587] kernel: RCU Tasks Trace: Setting shift to 3 and lim to 1 rcu_task_cb_adjust=1.
[    0.154046] kernel: NR_IRQS: 524544, nr_irqs: 2048, preallocated irqs: 16
[    0.154363] kernel: rcu: srcu_init: Setting srcu_struct sizes based on contention.
[    0.154617] kernel: Console: colour dummy device 80x25
[    0.154622] kernel: printk: legacy console [tty0] enabled
[    0.154725] kernel: ACPI: Core revision 20230628
[    0.155336] kernel: hpet: HPET dysfunctional in PC10. Force disabled.
[    0.155339] kernel: APIC: Switch to symmetric I/O mode setup
[    0.155342] kernel: DMAR: Host address width 39
[    0.155344] kernel: DMAR: DRHD base: 0x000000fed90000 flags: 0x0
[    0.155366] kernel: DMAR: dmar0: reg_base_addr fed90000 ver 1:0 cap 1c0000c40660462 ecap 19e2ff0505e
[    0.155371] kernel: DMAR: DRHD base: 0x000000fed91000 flags: 0x1
[    0.155379] kernel: DMAR: dmar1: reg_base_addr fed91000 ver 1:0 cap d2008c40660462 ecap f050da
[    0.155383] kernel: DMAR: RMRR base: 0x000000b7c4b000 end: 0x000000b7c6afff
[    0.155387] kernel: DMAR: RMRR base: 0x000000bc000000 end: 0x000000be7fffff
[    0.155390] kernel: DMAR-IR: IOAPIC id 2 under DRHD base  0xfed91000 IOMMU 1
[    0.155393] kernel: DMAR-IR: HPET id 0 under DRHD base 0xfed91000
[    0.155396] kernel: DMAR-IR: Queued invalidation will be enabled to support x2apic and Intr-remapping.
[    0.157596] kernel: DMAR-IR: Enabled IRQ remapping in x2apic mode
[    0.157600] kernel: x2apic enabled
[    0.157709] kernel: APIC: Switched APIC routing to: cluster x2apic
[    0.161683] kernel: clocksource: tsc-early: mask: 0xffffffffffffffff max_cycles: 0x36c5f9386c6, max_idle_ns: 881590416379 ns
[    0.161693] kernel: Calibrating delay loop (skipped), value calculated using timer frequency.. 3799.90 BogoMIPS (lpj=1899950)
[    0.161735] kernel: x86/cpu: SGX disabled by BIOS.
[    0.161745] kernel: CPU0: Thermal monitoring enabled (TM1)
[    0.161833] kernel: Last level iTLB entries: 4KB 64, 2MB 8, 4MB 8
[    0.161835] kernel: Last level dTLB entries: 4KB 64, 2MB 0, 4MB 0, 1GB 4
[    0.161844] kernel: process: using mwait in idle threads
[    0.161849] kernel: Spectre V1 : Mitigation: usercopy/swapgs barriers and __user pointer sanitization
[    0.161853] kernel: Spectre V2 : Mitigation: IBRS
[    0.161855] kernel: Spectre V2 : Spectre v2 / SpectreRSB mitigation: Filling RSB on context switch
[    0.161857] kernel: Spectre V2 : Spectre v2 / SpectreRSB : Filling RSB on VMEXIT
[    0.161859] kernel: RETBleed: Mitigation: IBRS
[    0.161862] kernel: Spectre V2 : mitigation: Enabling conditional Indirect Branch Prediction Barrier
[    0.161865] kernel: Spectre V2 : User space: Mitigation: STIBP via prctl
[    0.161868] kernel: Speculative Store Bypass: Mitigation: Speculative Store Bypass disabled via prctl
[    0.161879] kernel: MDS: Mitigation: Clear CPU buffers
[    0.161880] kernel: TAA: Mitigation: TSX disabled
[    0.161882] kernel: MMIO Stale Data: Mitigation: Clear CPU buffers
[    0.161889] kernel: SRBDS: Mitigation: Microcode
[    0.161899] kernel: GDS: Mitigation: Microcode
[    0.161912] kernel: x86/fpu: Supporting XSAVE feature 0x001: 'x87 floating point registers'
[    0.161917] kernel: x86/fpu: Supporting XSAVE feature 0x002: 'SSE registers'
[    0.161920] kernel: x86/fpu: Supporting XSAVE feature 0x004: 'AVX registers'
[    0.161923] kernel: x86/fpu: Supporting XSAVE feature 0x008: 'MPX bounds registers'
[    0.161925] kernel: x86/fpu: Supporting XSAVE feature 0x010: 'MPX CSR'
[    0.161930] kernel: x86/fpu: xstate_offset[2]:  576, xstate_sizes[2]:  256
[    0.161934] kernel: x86/fpu: xstate_offset[3]:  832, xstate_sizes[3]:   64
[    0.161937] kernel: x86/fpu: xstate_offset[4]:  896, xstate_sizes[4]:   64
[    0.161940] kernel: x86/fpu: Enabled xstate features 0x1f, context size is 960 bytes, using 'compacted' format.
[    0.162689] kernel: Freeing SMP alternatives memory: 44K
[    0.162689] kernel: pid_max: default: 32768 minimum: 301
[    0.162689] kernel: LSM: initializing lsm=lockdown,capability,landlock,yama,apparmor,ima,evm
[    0.162689] kernel: landlock: Up and running.
[    0.162689] kernel: Yama: becoming mindful.
[    0.162689] kernel: AppArmor: AppArmor initialized
[    0.162689] kernel: Mount-cache hash table entries: 16384 (order: 5, 131072 bytes, linear)
[    0.162689] kernel: Mountpoint-cache hash table entries: 16384 (order: 5, 131072 bytes, linear)
[    0.162689] kernel: smpboot: CPU0: Intel(R) Core(TM) i5-8350U CPU @ 1.70GHz (family: 0x6, model: 0x8e, stepping: 0xa)
[    0.162689] kernel: Performance Events: PEBS fmt3+, Skylake events, 32-deep LBR, full-width counters, Intel PMU driver.
[    0.162689] kernel: ... version:                4
[    0.162689] kernel: ... bit width:              48
[    0.162689] kernel: ... generic registers:      4
[    0.162689] kernel: ... value mask:             0000ffffffffffff
[    0.162689] kernel: ... max period:             00007fffffffffff
[    0.162689] kernel: ... fixed-purpose events:   3
[    0.162689] kernel: ... event mask:             000000070000000f
[    0.162689] kernel: signal: max sigframe size: 2032
[    0.162689] kernel: Estimated ratio of average max frequency by base frequency (times 1024): 1940
[    0.165121] kernel: rcu: Hierarchical SRCU implementation.
[    0.165124] kernel: rcu:         Max phase no-delay instances is 400.
[    0.166549] kernel: NMI watchdog: Enabled. Permanently consumes one hw-PMU counter.
[    0.166720] kernel: smp: Bringing up secondary CPUs ...
[    0.166925] kernel: smpboot: x86: Booting SMP configuration:
[    0.166927] kernel: .... node  #0, CPUs:      #1 #2 #3 #4 #5 #6 #7
[    0.173100] kernel: MDS CPU bug present and SMT on, data leak possible. See https://www.kernel.org/doc/html/latest/admin-guide/hw-vuln/mds.html for more details.
[    0.173100] kernel: MMIO Stale Data CPU bug present and SMT on, data leak possible. See https://www.kernel.org/doc/html/latest/admin-guide/hw-vuln/processor_mmio_stale_data.html for more details.
[    0.173779] kernel: smp: Brought up 1 node, 8 CPUs
[    0.173779] kernel: smpboot: Total of 8 processors activated (30399.20 BogoMIPS)
[    0.175216] kernel: devtmpfs: initialized
[    0.175216] kernel: x86/mm: Memory block size: 128MB
[    0.177764] kernel: ACPI: PM: Registering ACPI NVS region [mem 0xa5664000-0xa5664fff] (4096 bytes)
[    0.177770] kernel: ACPI: PM: Registering ACPI NVS region [mem 0xb7d7f000-0xb7f7efff] (2097152 bytes)
[    0.177909] kernel: clocksource: jiffies: mask: 0xffffffff max_cycles: 0xffffffff, max_idle_ns: 1911260446275000 ns
[    0.177928] kernel: futex hash table entries: 2048 (order: 5, 131072 bytes, linear)
[    0.178046] kernel: pinctrl core: initialized pinctrl subsystem
[    0.178284] kernel: PM: RTC time: 21:18:44, date: 2024-08-23
[    0.179257] kernel: NET: Registered PF_NETLINK/PF_ROUTE protocol family
[    0.179717] kernel: DMA: preallocated 1024 KiB GFP_KERNEL pool for atomic allocations
[    0.179835] kernel: DMA: preallocated 1024 KiB GFP_KERNEL|GFP_DMA pool for atomic allocations
[    0.179952] kernel: DMA: preallocated 1024 KiB GFP_KERNEL|GFP_DMA32 pool for atomic allocations
[    0.179981] kernel: audit: initializing netlink subsys (disabled)
[    0.180026] kernel: audit: type=2000 audit(1724447924.018:1): state=initialized audit_enabled=0 res=1
[    0.180026] kernel: thermal_sys: Registered thermal governor 'fair_share'
[    0.180026] kernel: thermal_sys: Registered thermal governor 'bang_bang'
[    0.180026] kernel: thermal_sys: Registered thermal governor 'step_wise'
[    0.180026] kernel: thermal_sys: Registered thermal governor 'user_space'
[    0.180026] kernel: thermal_sys: Registered thermal governor 'power_allocator'
[    0.180026] kernel: EISA bus registered
[    0.180026] kernel: cpuidle: using governor ladder
[    0.180026] kernel: cpuidle: using governor menu
[    0.180026] kernel: ACPI FADT declares the system doesn't support PCIe ASPM, so disable it
[    0.180026] kernel: acpiphp: ACPI Hot Plug PCI Controller Driver version: 0.5
[    0.180026] kernel: PCI: ECAM [mem 0xf0000000-0xf7ffffff] (base 0xf0000000) for domain 0000 [bus 00-7f]
[    0.180026] kernel: PCI: not using ECAM ([mem 0xf0000000-0xf7ffffff] not reserved)
[    0.180026] kernel: PCI: Using configuration type 1 for base access
[    0.180773] kernel: kprobes: kprobe jump-optimization is enabled. All kprobes are optimized if possible.
[    0.180783] kernel: HugeTLB: registered 1.00 GiB page size, pre-allocated 0 pages
[    0.180783] kernel: HugeTLB: 16380 KiB vmemmap can be freed for a 1.00 GiB page
[    0.180783] kernel: HugeTLB: registered 2.00 MiB page size, pre-allocated 0 pages
[    0.180783] kernel: HugeTLB: 28 KiB vmemmap can be freed for a 2.00 MiB page
[    0.181699] kernel: Demotion targets for Node 0: null
[    0.181916] kernel: ACPI: Added _OSI(Module Device)
[    0.181919] kernel: ACPI: Added _OSI(Processor Device)
[    0.181922] kernel: ACPI: Added _OSI(3.0 _SCP Extensions)
[    0.181924] kernel: ACPI: Added _OSI(Processor Aggregator Device)
[    0.281051] kernel: ACPI: 24 ACPI AML tables successfully acquired and loaded
[    0.287810] kernel: ACPI: [Firmware Bug]: BIOS _OSI(Linux) query ignored
[    0.306706] kernel: ACPI BIOS Error (bug): AE_AML_BUFFER_LIMIT, Field [CAP1] at bit offset/length 64/32 exceeds size of target Buffer (64 bits) (20230628/dsopcode-198)
[    0.306724] kernel: 
[    0.306727] kernel: No Local Variables are initialized for Method [_OSC]
[    0.306729] kernel: 
[    0.306731] kernel: Initialized Arguments for Method [_OSC]:  (4 arguments defined for method invocation)
[    0.306734] kernel:   Arg0:   (____ptrval____) <Obj>           Buffer(16) 6E B0 11 08 27 4A F9 44
[    0.306759] kernel:   Arg1:   (____ptrval____) <Obj>           Integer 0000000000000001
[    0.306768] kernel:   Arg2:   (____ptrval____) <Obj>           Integer 0000000000000002
[    0.306776] kernel:   Arg3:   (____ptrval____) <Obj>           Buffer(8) 01 00 00 00 FF 7E 66 00
[    0.306793] kernel: 
[    0.306797] kernel: ACPI Error: Aborting method \_SB._OSC due to previous error (AE_AML_BUFFER_LIMIT) (20230628/psparse-529)
[    0.308219] kernel: ACPI: Dynamic OEM Table Load:
[    0.308243] kernel: ACPI: SSDT 0xFFFF8CD6C148B800 0003FF (v02 PmRef  Cpu0Cst  00003001 INTL 20160527)
[    0.311865] kernel: ACPI: Dynamic OEM Table Load:
[    0.311887] kernel: ACPI: SSDT 0xFFFF8CD6C1478000 0005AC (v02 PmRef  Cpu0Ist  00003000 INTL 20160527)
[    0.317185] kernel: ACPI: Dynamic OEM Table Load:
[    0.317209] kernel: ACPI: SSDT 0xFFFF8CD6C1F30000 000D14 (v02 PmRef  ApIst    00003000 INTL 20160527)
[    0.322737] kernel: ACPI: Dynamic OEM Table Load:
[    0.322762] kernel: ACPI: SSDT 0xFFFF8CD6C148A800 00030A (v02 PmRef  ApCst    00003000 INTL 20160527)
[    0.333995] kernel: ACPI: _OSC evaluated successfully for all CPUs
[    0.334135] kernel: ACPI: EC: EC started
[    0.334137] kernel: ACPI: EC: interrupt blocked
[    0.356362] kernel: ACPI: EC: EC_CMD/EC_SC=0x66, EC_DATA=0x62
[    0.356369] kernel: ACPI: \_SB_.PCI0.LPCB.EC0_: Boot DSDT EC used to handle transactions
[    0.356372] kernel: ACPI: Interpreter enabled
[    0.356482] kernel: ACPI: PM: (supports S0 S3 S4 S5)
[    0.356484] kernel: ACPI: Using IOAPIC for interrupt routing
[    0.361245] kernel: PCI: ECAM [mem 0xf0000000-0xf7ffffff] (base 0xf0000000) for domain 0000 [bus 00-7f]
[    0.368634] kernel: PCI: ECAM [mem 0xf0000000-0xf7ffffff] reserved as ACPI motherboard resource
[    0.368654] kernel: PCI: Using host bridge windows from ACPI; if necessary, use "pci=nocrs" and report a bug
[    0.368657] kernel: PCI: Ignoring E820 reservations for host bridge windows
[    0.370466] kernel: ACPI: Enabled 9 GPEs in block 00 to 7F
[    0.372153] kernel: ACPI Warning: \_SB._PLD: Return Package type mismatch at index 0 - found Package, expected Buffer (20230628/nspredef-260)
[    0.393984] kernel: ACPI: \_SB_.PCI0.RP04.PXSX.WRST: New power resource
[    0.397851] kernel: ACPI: \_SB_.PCI0.RP07.PXP_: New power resource
[    0.449251] kernel: ACPI: PCI Root Bridge [PCI0] (domain 0000 [bus 00-7e])
[    0.449266] kernel: acpi PNP0A08:00: _OSC: OS supports [ExtendedConfig ASPM ClockPM Segments MSI EDR HPX-Type3]
[    0.449541] kernel: acpi PNP0A08:00: _OSC: platform does not support [PCIeHotplug SHPCHotplug PME AER]
[    0.450043] kernel: acpi PNP0A08:00: _OSC: OS now controls [PCIeCapability LTR DPC]
[    0.450047] kernel: acpi PNP0A08:00: FADT indicates ASPM is unsupported, using BIOS configuration
[    0.455800] kernel: PCI host bridge to bus 0000:00
[    0.455805] kernel: pci_bus 0000:00: root bus resource [io  0x0000-0x0cf7 window]
[    0.455810] kernel: pci_bus 0000:00: root bus resource [io  0x0d00-0xffff window]
[    0.455814] kernel: pci_bus 0000:00: root bus resource [mem 0x000a0000-0x000bffff window]
[    0.455818] kernel: pci_bus 0000:00: root bus resource [mem 0xbe800000-0xefffffff window]
[    0.455822] kernel: pci_bus 0000:00: root bus resource [mem 0x1c00000000-0x1fffffffff window]
[    0.455825] kernel: pci_bus 0000:00: root bus resource [mem 0xfd000000-0xfe7fffff window]
[    0.455830] kernel: pci_bus 0000:00: root bus resource [bus 00-7e]
[    0.455879] kernel: pci 0000:00:00.0: [8086:5914] type 00 class 0x060000 conventional PCI endpoint
[    0.456037] kernel: pci 0000:00:02.0: [8086:5917] type 00 class 0x030000 PCIe Root Complex Integrated Endpoint
[    0.456054] kernel: pci 0000:00:02.0: BAR 0 [mem 0x1ff2000000-0x1ff2ffffff 64bit]
[    0.456066] kernel: pci 0000:00:02.0: BAR 2 [mem 0xc0000000-0xcfffffff 64bit pref]
[    0.456075] kernel: pci 0000:00:02.0: BAR 4 [io  0x3000-0x303f]
[    0.456109] kernel: pci 0000:00:02.0: Video device with shadowed ROM at [mem 0x000c0000-0x000dffff]
[    0.456563] kernel: pci 0000:00:04.0: [8086:1903] type 00 class 0x118000 conventional PCI endpoint
[    0.456583] kernel: pci 0000:00:04.0: BAR 0 [mem 0x1ff3010000-0x1ff3017fff 64bit]
[    0.457278] kernel: pci 0000:00:14.0: [8086:9d2f] type 00 class 0x0c0330 conventional PCI endpoint
[    0.457300] kernel: pci 0000:00:14.0: BAR 0 [mem 0xe6220000-0xe622ffff 64bit]
[    0.457372] kernel: pci 0000:00:14.0: PME# supported from D3hot D3cold
[    0.458941] kernel: pci 0000:00:14.2: [8086:9d31] type 00 class 0x118000 conventional PCI endpoint
[    0.458970] kernel: pci 0000:00:14.2: BAR 0 [mem 0x1ff3020000-0x1ff3020fff 64bit]
[    0.459300] kernel: pci 0000:00:15.0: [8086:9d60] type 00 class 0x118000 conventional PCI endpoint
[    0.459512] kernel: pci 0000:00:15.0: BAR 0 [mem 0x1ff301f000-0x1ff301ffff 64bit]
[    0.461076] kernel: pci 0000:00:15.1: [8086:9d61] type 00 class 0x118000 conventional PCI endpoint
[    0.461288] kernel: pci 0000:00:15.1: BAR 0 [mem 0x1ff301e000-0x1ff301efff 64bit]
[    0.462720] kernel: pci 0000:00:16.0: [8086:9d3a] type 00 class 0x078000 conventional PCI endpoint
[    0.462747] kernel: pci 0000:00:16.0: BAR 0 [mem 0x1ff301d000-0x1ff301dfff 64bit]
[    0.462830] kernel: pci 0000:00:16.0: PME# supported from D3hot
[    0.463972] kernel: pci 0000:00:17.0: [8086:9d03] type 00 class 0x010601 conventional PCI endpoint
[    0.463994] kernel: pci 0000:00:17.0: BAR 0 [mem 0xe6234000-0xe6235fff]
[    0.464008] kernel: pci 0000:00:17.0: BAR 1 [mem 0xe6237000-0xe62370ff]
[    0.464021] kernel: pci 0000:00:17.0: BAR 2 [io  0x3080-0x3087]
[    0.464034] kernel: pci 0000:00:17.0: BAR 3 [io  0x3088-0x308b]
[    0.464047] kernel: pci 0000:00:17.0: BAR 4 [io  0x3060-0x307f]
[    0.464060] kernel: pci 0000:00:17.0: BAR 5 [mem 0xe6236000-0xe62367ff]
[    0.464125] kernel: pci 0000:00:17.0: PME# supported from D3hot
[    0.464835] kernel: pci 0000:00:1c.0: [8086:9d13] type 01 class 0x060400 PCIe Root Port
[    0.464877] kernel: pci 0000:00:1c.0: PCI bridge to [bus 01]
[    0.464888] kernel: pci 0000:00:1c.0:   bridge window [mem 0xe6100000-0xe61fffff]
[    0.464989] kernel: pci 0000:00:1c.0: PME# supported from D0 D3hot D3cold
[    0.465024] kernel: pci 0000:00:1c.0: Intel SPT PCH root port ACS workaround enabled
[    0.466355] kernel: pci 0000:00:1c.4: [8086:9d14] type 01 class 0x060400 PCIe Root Port
[    0.466396] kernel: pci 0000:00:1c.4: PCI bridge to [bus 02-3a]
[    0.466406] kernel: pci 0000:00:1c.4:   bridge window [mem 0xd0000000-0xe60fffff]
[    0.466418] kernel: pci 0000:00:1c.4:   bridge window [mem 0x1fd0000000-0x1ff1ffffff 64bit pref]
[    0.466509] kernel: pci 0000:00:1c.4: PME# supported from D0 D3hot D3cold
[    0.466535] kernel: pci 0000:00:1c.4: Intel SPT PCH root port ACS workaround enabled
[    0.467829] kernel: pci 0000:00:1f.0: [8086:9d4e] type 00 class 0x060100 conventional PCI endpoint
[    0.468539] kernel: pci 0000:00:1f.2: [8086:9d21] type 00 class 0x058000 conventional PCI endpoint
[    0.468558] kernel: pci 0000:00:1f.2: BAR 0 [mem 0xe6230000-0xe6233fff]
[    0.469201] kernel: pci 0000:00:1f.3: [8086:9d71] type 00 class 0x040380 conventional PCI endpoint
[    0.469231] kernel: pci 0000:00:1f.3: BAR 0 [mem 0x1ff3018000-0x1ff301bfff 64bit]
[    0.469266] kernel: pci 0000:00:1f.3: BAR 4 [mem 0x1ff3000000-0x1ff300ffff 64bit]
[    0.469335] kernel: pci 0000:00:1f.3: PME# supported from D3hot D3cold
[    0.471406] kernel: pci 0000:00:1f.4: [8086:9d23] type 00 class 0x0c0500 conventional PCI endpoint
[    0.471463] kernel: pci 0000:00:1f.4: BAR 0 [mem 0x1ff301c000-0x1ff301c0ff 64bit]
[    0.471519] kernel: pci 0000:00:1f.4: BAR 4 [io  0xefa0-0xefbf]
[    0.472186] kernel: pci 0000:00:1f.6: [8086:15d7] type 00 class 0x020000 conventional PCI endpoint
[    0.472213] kernel: pci 0000:00:1f.6: BAR 0 [mem 0xe6200000-0xe621ffff]
[    0.472334] kernel: pci 0000:00:1f.6: PME# supported from D0 D3hot D3cold
[    0.473445] kernel: pci 0000:01:00.0: [8086:24fd] type 00 class 0x028000 PCIe Endpoint
[    0.473775] kernel: pci 0000:01:00.0: BAR 0 [mem 0xe6100000-0xe6101fff 64bit]
[    0.474360] kernel: pci 0000:01:00.0: PME# supported from D0 D3hot D3cold
[    0.476076] kernel: pci 0000:00:1c.0: PCI bridge to [bus 01]
[    0.476216] kernel: pci 0000:00:1c.4: PCI bridge to [bus 02-3a]
[    0.481383] kernel: ACPI: PCI: Interrupt link LNKA configured for IRQ 11
[    0.481527] kernel: ACPI: PCI: Interrupt link LNKB configured for IRQ 10
[    0.481666] kernel: ACPI: PCI: Interrupt link LNKC configured for IRQ 11
[    0.481812] kernel: ACPI: PCI: Interrupt link LNKD configured for IRQ 11
[    0.481952] kernel: ACPI: PCI: Interrupt link LNKE configured for IRQ 11
[    0.482091] kernel: ACPI: PCI: Interrupt link LNKF configured for IRQ 11
[    0.482230] kernel: ACPI: PCI: Interrupt link LNKG configured for IRQ 11
[    0.482369] kernel: ACPI: PCI: Interrupt link LNKH configured for IRQ 11
[    0.484058] kernel: ACPI: EC: interrupt unblocked
[    0.484061] kernel: ACPI: EC: event unblocked
[    0.484070] kernel: ACPI: EC: EC_CMD/EC_SC=0x66, EC_DATA=0x62
[    0.484073] kernel: ACPI: EC: GPE=0x6e
[    0.484076] kernel: ACPI: \_SB_.PCI0.LPCB.EC0_: Boot DSDT EC initialization complete
[    0.484080] kernel: ACPI: \_SB_.PCI0.LPCB.EC0_: EC: Used to handle transactions and events
[    0.484238] kernel: iommu: Default domain type: Translated
[    0.484238] kernel: iommu: DMA domain TLB invalidation policy: lazy mode
[    0.484238] kernel: SCSI subsystem initialized
[    0.484718] kernel: libata version 3.00 loaded.
[    0.484750] kernel: ACPI: bus type USB registered
[    0.484772] kernel: usbcore: registered new interface driver usbfs
[    0.484785] kernel: usbcore: registered new interface driver hub
[    0.484800] kernel: usbcore: registered new device driver usb
[    0.484850] kernel: pps_core: LinuxPPS API ver. 1 registered
[    0.484852] kernel: pps_core: Software ver. 5.3.6 - Copyright 2005-2007 Rodolfo Giometti <giometti@linux.it>
[    0.484857] kernel: PTP clock support registered
[    0.484882] kernel: EDAC MC: Ver: 3.0.0
[    0.486084] kernel: efivars: Registered efivars operations
[    0.486181] kernel: NetLabel: Initializing
[    0.486183] kernel: NetLabel:  domain hash size = 128
[    0.486186] kernel: NetLabel:  protocols = UNLABELED CIPSOv4 CALIPSO
[    0.486229] kernel: NetLabel:  unlabeled traffic allowed by default
[    0.486723] kernel: mctp: management component transport protocol core
[    0.486723] kernel: NET: Registered PF_MCTP protocol family
[    0.486726] kernel: PCI: Using ACPI for IRQ routing
[    0.496427] kernel: PCI: pci_cache_line_size set to 64 bytes
[    0.497031] kernel: e820: reserve RAM buffer [mem 0x00058000-0x0005ffff]
[    0.497035] kernel: e820: reserve RAM buffer [mem 0x0009e000-0x0009ffff]
[    0.497038] kernel: e820: reserve RAM buffer [mem 0x9797e000-0x97ffffff]
[    0.497041] kernel: e820: reserve RAM buffer [mem 0x97cf8000-0x97ffffff]
[    0.497044] kernel: e820: reserve RAM buffer [mem 0xa0f9d018-0xa3ffffff]
[    0.497046] kernel: e820: reserve RAM buffer [mem 0xa5664000-0xa7ffffff]
[    0.497049] kernel: e820: reserve RAM buffer [mem 0xb241a000-0xb3ffffff]
[    0.497051] kernel: e820: reserve RAM buffer [mem 0xb6f9b000-0xb7ffffff]
[    0.497054] kernel: e820: reserve RAM buffer [mem 0x23f800000-0x23fffffff]
[    0.497702] kernel: pci 0000:00:02.0: vgaarb: setting as boot VGA device
[    0.497706] kernel: pci 0000:00:02.0: vgaarb: bridge control possible
[    0.497709] kernel: pci 0000:00:02.0: vgaarb: VGA device added: decodes=io+mem,owns=io+mem,locks=none
[    0.497717] kernel: vgaarb: loaded
[    0.497865] kernel: clocksource: Switched to clocksource tsc-early
[    0.499142] kernel: VFS: Disk quotas dquot_6.6.0
[    0.499170] kernel: VFS: Dquot-cache hash table entries: 512 (order 0, 4096 bytes)
[    0.499392] kernel: AppArmor: AppArmor Filesystem Enabled
[    0.499461] kernel: pnp: PnP ACPI init
[    0.499632] kernel: system 00:00: [mem 0x40000000-0x403fffff] has been reserved
[    0.499914] kernel: system 00:01: [mem 0xfd000000-0xfdabffff] has been reserved
[    0.499919] kernel: system 00:01: [mem 0xfdad0000-0xfdadffff] has been reserved
[    0.499923] kernel: system 00:01: [mem 0xfdb00000-0xfdffffff] has been reserved
[    0.499927] kernel: system 00:01: [mem 0xfe000000-0xfe01ffff] could not be reserved
[    0.499931] kernel: system 00:01: [mem 0xfe03d000-0xfe3fffff] has been reserved
[    0.500698] kernel: system 00:02: [io  0x2000-0x20fe] has been reserved
[    0.501151] kernel: system 00:03: [io  0x0680-0x069f] has been reserved
[    0.501156] kernel: system 00:03: [io  0xffff] has been reserved
[    0.501160] kernel: system 00:03: [io  0xffff] has been reserved
[    0.501163] kernel: system 00:03: [io  0xffff] has been reserved
[    0.501166] kernel: system 00:03: [io  0x1800-0x18fe] has been reserved
[    0.501170] kernel: system 00:03: [io  0x164e-0x164f] has been reserved
[    0.501512] kernel: system 00:04: [io  0x1854-0x1857] has been reserved
[    0.501782] kernel: system 00:07: [io  0x0200-0x027f] has been reserved
[    0.501788] kernel: system 00:07: [mem 0xfedf0000-0xfedfffff] has been reserved
[    0.504805] kernel: system 00:08: [mem 0xfe031000-0xfe031fff] has been reserved
[    0.504811] kernel: system 00:08: [mem 0xfe030008-0xfe030fff] has been reserved
[    0.506270] kernel: system 00:09: [mem 0xfe030000-0xfe030007] has been reserved
[    0.507007] kernel: system 00:0a: [mem 0xfed10000-0xfed17fff] has been reserved
[    0.507012] kernel: system 00:0a: [mem 0xfed18000-0xfed18fff] has been reserved
[    0.507016] kernel: system 00:0a: [mem 0xfed19000-0xfed19fff] has been reserved
[    0.507020] kernel: system 00:0a: [mem 0xf0000000-0xf7ffffff] has been reserved
[    0.507023] kernel: system 00:0a: [mem 0xfed20000-0xfed3ffff] has been reserved
[    0.507027] kernel: system 00:0a: [mem 0xfed90000-0xfed93fff] could not be reserved
[    0.507031] kernel: system 00:0a: [mem 0xfed45000-0xfed8ffff] has been reserved
[    0.507035] kernel: system 00:0a: [mem 0xff000000-0xffffffff] has been reserved
[    0.507039] kernel: system 00:0a: [mem 0xfee00000-0xfeefffff] has been reserved
[    0.507042] kernel: system 00:0a: [mem 0xbe800000-0xbe81ffff] has been reserved
[    0.508191] kernel: pnp: PnP ACPI: found 11 devices
[    0.515396] kernel: clocksource: acpi_pm: mask: 0xffffff max_cycles: 0xffffff, max_idle_ns: 2085701024 ns
[    0.515484] kernel: pci 0000:00:1f.1: [8086:9d20] type 00 class 0x058000 conventional PCI endpoint
[    0.515552] kernel: pci 0000:00:1f.1: BAR 0 [mem 0xfd000000-0xfdffffff 64bit]
[    0.515987] kernel: NET: Registered PF_INET protocol family
[    0.516123] kernel: IP idents hash table entries: 131072 (order: 8, 1048576 bytes, linear)
[    0.548012] kernel: tcp_listen_portaddr_hash hash table entries: 4096 (order: 4, 65536 bytes, linear)
[    0.548049] kernel: Table-perturb hash table entries: 65536 (order: 6, 262144 bytes, linear)
[    0.548093] kernel: TCP established hash table entries: 65536 (order: 7, 524288 bytes, linear)
[    0.548381] kernel: TCP bind hash table entries: 65536 (order: 9, 2097152 bytes, linear)
[    0.548795] kernel: TCP: Hash tables configured (established 65536 bind 65536)
[    0.548912] kernel: MPTCP token hash table entries: 8192 (order: 5, 196608 bytes, linear)
[    0.548961] kernel: UDP hash table entries: 4096 (order: 5, 131072 bytes, linear)
[    0.548997] kernel: UDP-Lite hash table entries: 4096 (order: 5, 131072 bytes, linear)
[    0.549101] kernel: NET: Registered PF_UNIX/PF_LOCAL protocol family
[    0.549116] kernel: NET: Registered PF_XDP protocol family
[    0.549132] kernel: pci 0000:00:1c.4: bridge window [io  0x1000-0x0fff] to [bus 02-3a] add_size 1000
[    0.549149] kernel: pci 0000:00:1c.4: bridge window [io  0x4000-0x4fff]: assigned
[    0.549156] kernel: pci 0000:00:1c.0: PCI bridge to [bus 01]
[    0.549169] kernel: pci 0000:00:1c.0:   bridge window [mem 0xe6100000-0xe61fffff]
[    0.549182] kernel: pci 0000:00:1c.4: PCI bridge to [bus 02-3a]
[    0.549190] kernel: pci 0000:00:1c.4:   bridge window [io  0x4000-0x4fff]
[    0.549212] kernel: pci 0000:00:1c.4:   bridge window [mem 0xd0000000-0xe60fffff]
[    0.549219] kernel: pci 0000:00:1c.4:   bridge window [mem 0x1fd0000000-0x1ff1ffffff 64bit pref]
[    0.549231] kernel: pci_bus 0000:00: resource 4 [io  0x0000-0x0cf7 window]
[    0.549235] kernel: pci_bus 0000:00: resource 5 [io  0x0d00-0xffff window]
[    0.549238] kernel: pci_bus 0000:00: resource 6 [mem 0x000a0000-0x000bffff window]
[    0.549242] kernel: pci_bus 0000:00: resource 7 [mem 0xbe800000-0xefffffff window]
[    0.549245] kernel: pci_bus 0000:00: resource 8 [mem 0x1c00000000-0x1fffffffff window]
[    0.549249] kernel: pci_bus 0000:00: resource 9 [mem 0xfd000000-0xfe7fffff window]
[    0.549252] kernel: pci_bus 0000:01: resource 1 [mem 0xe6100000-0xe61fffff]
[    0.549256] kernel: pci_bus 0000:02: resource 0 [io  0x4000-0x4fff]
[    0.549259] kernel: pci_bus 0000:02: resource 1 [mem 0xd0000000-0xe60fffff]
[    0.549262] kernel: pci_bus 0000:02: resource 2 [mem 0x1fd0000000-0x1ff1ffffff 64bit pref]
[    0.549614] kernel: pci 0000:00:14.0: enabling device (0000 -> 0002)
[    0.550588] kernel: PCI: CLS 0 bytes, default 64
[    0.550618] kernel: DMAR: No ATSR found
[    0.550620] kernel: DMAR: No SATC found
[    0.550622] kernel: DMAR: IOMMU feature fl1gp_support inconsistent
[    0.550625] kernel: DMAR: IOMMU feature pgsel_inv inconsistent
[    0.550627] kernel: DMAR: IOMMU feature nwfs inconsistent
[    0.550629] kernel: DMAR: IOMMU feature pasid inconsistent
[    0.550631] kernel: DMAR: IOMMU feature eafs inconsistent
[    0.550633] kernel: DMAR: IOMMU feature prs inconsistent
[    0.550635] kernel: DMAR: IOMMU feature nest inconsistent
[    0.550636] kernel: DMAR: IOMMU feature mts inconsistent
[    0.550638] kernel: DMAR: IOMMU feature sc_support inconsistent
[    0.550640] kernel: DMAR: IOMMU feature dev_iotlb_support inconsistent
[    0.550642] kernel: DMAR: dmar0: Using Queued invalidation
[    0.550650] kernel: DMAR: dmar1: Using Queued invalidation
[    0.550687] kernel: Trying to unpack rootfs image as initramfs...
[    0.551149] kernel: pci 0000:00:02.0: Adding to iommu group 0
[    0.552008] kernel: pci 0000:00:00.0: Adding to iommu group 1
[    0.552027] kernel: pci 0000:00:04.0: Adding to iommu group 2
[    0.552057] kernel: pci 0000:00:14.0: Adding to iommu group 3
[    0.552074] kernel: pci 0000:00:14.2: Adding to iommu group 3
[    0.552102] kernel: pci 0000:00:15.0: Adding to iommu group 4
[    0.552118] kernel: pci 0000:00:15.1: Adding to iommu group 4
[    0.552140] kernel: pci 0000:00:16.0: Adding to iommu group 5
[    0.552156] kernel: pci 0000:00:17.0: Adding to iommu group 6
[    0.552178] kernel: pci 0000:00:1c.0: Adding to iommu group 7
[    0.552206] kernel: pci 0000:00:1c.4: Adding to iommu group 8
[    0.552255] kernel: pci 0000:00:1f.0: Adding to iommu group 9
[    0.552273] kernel: pci 0000:00:1f.2: Adding to iommu group 9
[    0.552292] kernel: pci 0000:00:1f.3: Adding to iommu group 9
[    0.552309] kernel: pci 0000:00:1f.4: Adding to iommu group 9
[    0.552327] kernel: pci 0000:00:1f.6: Adding to iommu group 9
[    0.552347] kernel: pci 0000:01:00.0: Adding to iommu group 10
[    0.553995] kernel: DMAR: Intel(R) Virtualization Technology for Directed I/O
[    0.554000] kernel: PCI-DMA: Using software bounce buffering for IO (SWIOTLB)
[    0.554002] kernel: software IO TLB: mapped [mem 0x00000000adf7c000-0x00000000b1f7c000] (64MB)
[    0.558414] kernel: platform rtc_cmos: registered platform RTC device (no PNP device found)
[    0.559422] kernel: Initialise system trusted keyrings
[    0.559435] kernel: Key type blacklist registered
[    0.559522] kernel: workingset: timestamp_bits=36 max_order=21 bucket_order=0
[    0.559541] kernel: zbud: loaded
[    0.560023] kernel: squashfs: version 4.0 (2009/01/31) Phillip Lougher
[    0.560217] kernel: fuse: init (API version 7.40)
[    0.560465] kernel: integrity: Platform Keyring initialized
[    0.560470] kernel: integrity: Machine keyring initialized
[    0.585389] kernel: Key type asymmetric registered
[    0.585392] kernel: Asymmetric key parser 'x509' registered
[    0.585423] kernel: Block layer SCSI generic (bsg) driver version 0.4 loaded (major 243)
[    0.585497] kernel: io scheduler mq-deadline registered
[    0.586826] kernel: shpchp: Standard Hot Plug PCI Controller Driver version: 0.4
[    0.588783] kernel: ACPI: AC: AC Adapter [AC] (off-line)
[    0.588904] kernel: input: Sleep Button as /devices/LNXSYSTM:00/LNXSYBUS:00/PNP0C0E:00/input/input0
[    0.588941] kernel: ACPI: button: Sleep Button [SLPB]
[    0.588998] kernel: input: Lid Switch as /devices/LNXSYSTM:00/LNXSYBUS:00/PNP0C0D:00/input/input1
[    0.589028] kernel: ACPI: button: Lid Switch [LID]
[    0.589081] kernel: input: Power Button as /devices/LNXSYSTM:00/LNXSYBUS:00/PNP0C0C:00/input/input2
[    0.589111] kernel: ACPI: button: Power Button [PWRB]
[    0.589172] kernel: input: Power Button as /devices/LNXSYSTM:00/LNXPWRBN:00/input/input3
[    0.589265] kernel: ACPI: button: Power Button [PWRF]
[    0.591399] kernel: thermal LNXTHERM:00: registered as thermal_zone0
[    0.591405] kernel: ACPI: thermal: Thermal Zone [HEPZ] (30 C)
[    0.600122] kernel: thermal LNXTHERM:01: registered as thermal_zone1
[    0.600127] kernel: ACPI: thermal: Thermal Zone [CPUZ] (0 C)
[    0.608065] kernel: thermal LNXTHERM:02: registered as thermal_zone2
[    0.608070] kernel: ACPI: thermal: Thermal Zone [GFXZ] (0 C)
[    0.613398] kernel: thermal LNXTHERM:03: registered as thermal_zone3
[    0.613404] kernel: ACPI: thermal: Thermal Zone [EXTZ] (0 C)
[    0.617751] kernel: thermal LNXTHERM:04: registered as thermal_zone4
[    0.617756] kernel: ACPI: thermal: Thermal Zone [LOCZ] (33 C)
[    0.625314] kernel: thermal LNXTHERM:05: registered as thermal_zone5
[    0.625320] kernel: ACPI: thermal: Thermal Zone [BATZ] (34 C)
[    0.630469] kernel: thermal LNXTHERM:06: registered as thermal_zone6
[    0.630475] kernel: ACPI: thermal: Thermal Zone [CHGZ] (33 C)
[    0.634828] kernel: thermal LNXTHERM:07: registered as thermal_zone7
[    0.634834] kernel: ACPI: thermal: Thermal Zone [PCHZ] (0 C)
[    0.635302] kernel: Serial: 8250/16550 driver, 32 ports, IRQ sharing enabled
[    0.641312] kernel: hpet_acpi_add: no address or irqs in _CRS
[    0.641361] kernel: Linux agpgart interface v0.103
[    0.645809] kernel: tpm_tis IFX0763:00: 2.0 TPM (device-id 0x1B, rev-id 16)
[    0.662247] kernel: ACPI: battery: Slot [BAT0] (battery present)
[    0.665454] kernel: ACPI: bus type drm_connector registered
[    0.670060] kernel: loop: module loaded
[    0.670678] kernel: tun: Universal TUN/TAP device driver, 1.6
[    0.670809] kernel: PPP generic driver version 2.4.2
[    0.671083] kernel: i8042: PNP: PS/2 Controller [PNP0303:PS2K,PNP0f13:PS2M] at 0x60,0x64 irq 1,12
[    0.671623] kernel: i8042: Detected active multiplexing controller, rev 1.1
[    0.671837] kernel: serio: i8042 KBD port at 0x60,0x64 irq 1
[    0.671849] kernel: serio: i8042 AUX0 port at 0x60,0x64 irq 12
[    0.671854] kernel: serio: i8042 AUX1 port at 0x60,0x64 irq 12
[    0.671857] kernel: serio: i8042 AUX2 port at 0x60,0x64 irq 12
[    0.671860] kernel: serio: i8042 AUX3 port at 0x60,0x64 irq 12
[    0.672123] kernel: mousedev: PS/2 mouse device common for all mice
[    0.672655] kernel: rtc_cmos rtc_cmos: RTC can wake from S4
[    0.673546] kernel: rtc_cmos rtc_cmos: registered as rtc0
[    0.673714] kernel: rtc_cmos rtc_cmos: setting system clock to 2024-08-23T21:18:45 UTC (1724447925)
[    0.673786] kernel: rtc_cmos rtc_cmos: alarms up to one month, y3k, 114 bytes nvram
[    0.673810] kernel: i2c_dev: i2c /dev entries driver
[    0.674521] kernel: device-mapper: core: CONFIG_IMA_DISABLE_HTABLE is disabled. Duplicate IMA measurements will not be recorded in the IMA log.
[    0.674541] kernel: device-mapper: uevent: version 1.0.3
[    0.674675] kernel: device-mapper: ioctl: 4.48.0-ioctl (2023-03-01) initialised: dm-devel@lists.linux.dev
[    0.674718] kernel: platform eisa.0: Probing EISA bus 0
[    0.674734] kernel: platform eisa.0: EISA: Cannot allocate resource for mainboard
[    0.674744] kernel: platform eisa.0: Cannot allocate resource for EISA slot 1
[    0.674747] kernel: platform eisa.0: Cannot allocate resource for EISA slot 2
[    0.674750] kernel: platform eisa.0: Cannot allocate resource for EISA slot 3
[    0.674753] kernel: platform eisa.0: Cannot allocate resource for EISA slot 4
[    0.674756] kernel: platform eisa.0: Cannot allocate resource for EISA slot 5
[    0.674758] kernel: platform eisa.0: Cannot allocate resource for EISA slot 6
[    0.674761] kernel: platform eisa.0: Cannot allocate resource for EISA slot 7
[    0.674764] kernel: platform eisa.0: Cannot allocate resource for EISA slot 8
[    0.674766] kernel: platform eisa.0: EISA: Detected 0 cards
[    0.674772] kernel: intel_pstate: Intel P-state driver initializing
[    0.675411] kernel: intel_pstate: HWP enabled
[    0.675617] kernel: ledtrig-cpu: registered to indicate activity on CPUs
[    0.675883] kernel: [drm] Initialized simpledrm 1.0.0 20200625 for simple-framebuffer.0 on minor 0
[    0.676414] kernel: fbcon: Deferring console take-over
[    0.676417] kernel: simple-framebuffer simple-framebuffer.0: [drm] fb0: simpledrmdrmfb frame buffer device
[    0.676534] kernel: drop_monitor: Initializing network drop monitor service
[    0.676694] kernel: NET: Registered PF_INET6 protocol family
[    0.688753] kernel: input: AT Translated Set 2 keyboard as /devices/platform/i8042/serio0/input/input4
[    1.601249] kernel: tsc: Refined TSC clocksource calibration: 1895.998 MHz
[    1.601262] kernel: clocksource: tsc: mask: 0xffffffffffffffff max_cycles: 0x36a8cecc844, max_idle_ns: 881590549475 ns
[    1.601466] kernel: clocksource: Switched to clocksource tsc
[    7.057257] kernel: Freeing initrd memory: 80548K
[    7.064869] kernel: Segment Routing with IPv6
[    7.064889] kernel: In-situ OAM (IOAM) with IPv6
[    7.064924] kernel: NET: Registered PF_PACKET protocol family
[    7.065032] kernel: Key type dns_resolver registered
[    7.066093] kernel: ENERGY_PERF_BIAS: Set to 'normal', was 'performance'
[    7.066468] kernel: microcode: Current revision: 0x000000f6
[    7.066470] kernel: microcode: Updated early from: 0x000000f4
[    7.066925] kernel: IPI shorthand broadcast: enabled
[    7.068922] kernel: sched_clock: Marking stable (7061001329, 7194322)->(7161329338, -93133687)
[    7.069157] kernel: Timer migration: 1 hierarchy levels; 8 children per group; 1 crossnode level
[    7.069598] kernel: registered taskstats version 1
[    7.070558] kernel: Loading compiled-in X.509 certificates
[    7.071140] kernel: Loaded X.509 cert 'Build time autogenerated kernel key: 5946535ab16572dcbd11b65353dd20028c0de356'
[    7.071672] kernel: Loaded X.509 cert 'Canonical Ltd. Live Patch Signing: 14df34d1a87cf37625abec039ef2bf521249b969'
[    7.072094] kernel: Loaded X.509 cert 'Canonical Ltd. Kernel Module Signing: 88f752e560a1e0737e31163a466ad7b70a850c19'
[    7.072096] kernel: blacklist: Loading compiled-in revocation X.509 certificates
[    7.072112] kernel: Loaded X.509 cert 'Canonical Ltd. Secure Boot Signing: 61482aa2830d0ab2ad5af10b7250da9033ddcef0'
[    7.072126] kernel: Loaded X.509 cert 'Canonical Ltd. Secure Boot Signing (2017): 242ade75ac4a15e50d50c84b0d45ff3eae707a03'
[    7.072139] kernel: Loaded X.509 cert 'Canonical Ltd. Secure Boot Signing (ESM 2018): 365188c1d374d6b07c3c8f240f8ef722433d6a8b'
[    7.072152] kernel: Loaded X.509 cert 'Canonical Ltd. Secure Boot Signing (2019): c0746fd6c5da3ae827864651ad66ae47fe24b3e8'
[    7.072165] kernel: Loaded X.509 cert 'Canonical Ltd. Secure Boot Signing (2021 v1): a8d54bbb3825cfb94fa13c9f8a594a195c107b8d'
[    7.072178] kernel: Loaded X.509 cert 'Canonical Ltd. Secure Boot Signing (2021 v2): 4cf046892d6fd3c9a5b03f98d845f90851dc6a8c'
[    7.072198] kernel: Loaded X.509 cert 'Canonical Ltd. Secure Boot Signing (2021 v3): 100437bb6de6e469b581e61cd66bce3ef4ed53af'
[    7.072230] kernel: Loaded X.509 cert 'Canonical Ltd. Secure Boot Signing (Ubuntu Core 2019): c1d57b8f6b743f23ee41f4f7ee292f06eecadfb9'
[    7.076501] kernel: Key type .fscrypt registered
[    7.076503] kernel: Key type fscrypt-provisioning registered
[    7.076561] kernel: Key type trusted registered
[    7.085205] kernel: cryptd: max_cpu_qlen set to 1000
[    7.089985] kernel: AVX2 version of gcm_enc/dec engaged.
[    7.090121] kernel: AES CTR mode by8 optimization enabled
[    7.110686] kernel: Key type encrypted registered
[    7.110695] kernel: AppArmor: AppArmor sha256 policy hashing enabled
[    7.111998] kernel: integrity: Loading X.509 certificate: UEFI:db
[    7.112042] kernel: integrity: Loaded X.509 cert 'HP Inc.: HP UEFI Secure Boot DB 2017: d9c01b50cfcae89d3b05345c163aa76e5dd589e7'
[    7.112044] kernel: integrity: Loading X.509 certificate: UEFI:db
[    7.112072] kernel: integrity: Loaded X.509 cert 'Microsoft Windows Production PCA 2011: a92902398e16c49778cd90f99e4f9ae17c55af53'
[    7.112074] kernel: integrity: Loading X.509 certificate: UEFI:db
[    7.112105] kernel: integrity: Loaded X.509 cert 'Microsoft Corporation UEFI CA 2011: 13adbf4309bd82709c8cd54f316ed522988a1bd4'
[    7.114653] kernel: Loading compiled-in module X.509 certificates
[    7.115385] kernel: Loaded X.509 cert 'Build time autogenerated kernel key: 5946535ab16572dcbd11b65353dd20028c0de356'
[    7.115390] kernel: ima: Allocated hash algorithm: sha256
[    7.157468] kernel: ima: No architecture policies found
[    7.157520] kernel: evm: Initialising EVM extended attributes:
[    7.157522] kernel: evm: security.selinux
[    7.157526] kernel: evm: security.SMACK64
[    7.157529] kernel: evm: security.SMACK64EXEC
[    7.157532] kernel: evm: security.SMACK64TRANSMUTE
[    7.157534] kernel: evm: security.SMACK64MMAP
[    7.157536] kernel: evm: security.apparmor
[    7.157539] kernel: evm: security.ima
[    7.157541] kernel: evm: security.capability
[    7.157543] kernel: evm: HMAC attrs: 0x1
[    7.158437] kernel: PM:   Magic number: 4:242:349
[    7.158498] kernel: platform efivars.0: hash matches
[    7.168082] kernel: RAS: Correctable Errors collector initialized.
[    7.184169] kernel: clk: Disabling unused clocks
[    7.184174] kernel: PM: genpd: Disabling unused power domains
[    7.185684] kernel: Freeing unused decrypted memory: 2028K
[    7.186658] kernel: Freeing unused kernel image (initmem) memory: 5012K
[    7.186776] kernel: Write protecting the kernel read-only data: 36864k
[    7.187582] kernel: Freeing unused kernel image (rodata/data gap) memory: 324K
[    7.232083] kernel: x86/mm: Checked W+X mappings: passed, no W+X pages found.
[    7.232085] kernel: x86/mm: Checking user space page tables
[    7.274576] kernel: x86/mm: Checked W+X mappings: passed, no W+X pages found.
[    7.274581] kernel: Run /init as init process
[    7.274583] kernel:   with arguments:
[    7.274584] kernel:     /init
[    7.274585] kernel:     splash
[    7.274586] kernel:   with environment:
[    7.274587] kernel:     HOME=/
[    7.274588] kernel:     TERM=linux
[    7.648603] kernel: wmi_bus wmi_bus-PNP0C14:00: [Firmware Info]: DF4E63B6-3BBC-4858-9737-C74F82F821F3 has zero instances
[    7.648671] kernel: wmi_bus wmi_bus-PNP0C14:00: [Firmware Info]: 8F1F6436-9F42-42C8-BADC-0E9424F20C9A has zero instances
[    7.678495] kernel: hid: raw HID events driver (C) Jiri Kosina
[    7.682703] kernel: i801_smbus 0000:00:1f.4: enabling device (0000 -> 0003)
[    7.683340] kernel: xhci_hcd 0000:00:14.0: xHCI Host Controller
[    7.683354] kernel: xhci_hcd 0000:00:14.0: new USB bus registered, assigned bus number 1
[    7.683377] kernel: i801_smbus 0000:00:1f.4: SPD Write Disable is set
[    7.683424] kernel: i801_smbus 0000:00:1f.4: SMBus using PCI interrupt
[    7.684659] kernel: xhci_hcd 0000:00:14.0: hcc params 0x200077c1 hci version 0x100 quirks 0x0000000081109810
[    7.686000] kernel: xhci_hcd 0000:00:14.0: xHCI Host Controller
[    7.686010] kernel: xhci_hcd 0000:00:14.0: new USB bus registered, assigned bus number 2
[    7.686022] kernel: xhci_hcd 0000:00:14.0: Host supports USB 3.0 SuperSpeed
[    7.686131] kernel: usb usb1: New USB device found, idVendor=1d6b, idProduct=0002, bcdDevice= 6.09
[    7.686138] kernel: usb usb1: New USB device strings: Mfr=3, Product=2, SerialNumber=1
[    7.686143] kernel: usb usb1: Product: xHCI Host Controller
[    7.686147] kernel: usb usb1: Manufacturer: Linux 6.9.3-76060903-generic xhci-hcd
[    7.686151] kernel: usb usb1: SerialNumber: 0000:00:14.0
[    7.686415] kernel: hub 1-0:1.0: USB hub found
[    7.686450] kernel: hub 1-0:1.0: 12 ports detected
[    7.689397] kernel: e1000e: Intel(R) PRO/1000 Network Driver
[    7.689401] kernel: e1000e: Copyright(c) 1999 - 2015 Intel Corporation.
[    7.689879] kernel: e1000e 0000:00:1f.6: Interrupt Throttling Rate (ints/sec) set to dynamic conservative mode
[    7.695082] kernel: usb usb2: New USB device found, idVendor=1d6b, idProduct=0003, bcdDevice= 6.09
[    7.695088] kernel: usb usb2: New USB device strings: Mfr=3, Product=2, SerialNumber=1
[    7.695092] kernel: usb usb2: Product: xHCI Host Controller
[    7.695095] kernel: usb usb2: Manufacturer: Linux 6.9.3-76060903-generic xhci-hcd
[    7.695098] kernel: usb usb2: SerialNumber: 0000:00:14.0
[    7.695342] kernel: hub 2-0:1.0: USB hub found
[    7.695363] kernel: hub 2-0:1.0: 6 ports detected
[    7.697697] kernel: ahci 0000:00:17.0: version 3.0
[    7.698343] kernel: ahci 0000:00:17.0: AHCI vers 0001.0301, 32 command slots, 6 Gbps, SATA mode
[    7.698350] kernel: ahci 0000:00:17.0: 1/1 ports implemented (port mask 0x4)
[    7.698354] kernel: ahci 0000:00:17.0: flags: 64bit ncq pm led clo only pio slum part deso sadm sds apst 
[    7.700022] kernel: scsi host0: ahci
[    7.700293] kernel: intel-lpss 0000:00:15.0: enabling device (0000 -> 0002)
[    7.700385] kernel: scsi host1: ahci
[    7.700650] kernel: scsi host2: ahci
[    7.700832] kernel: ata1: DUMMY
[    7.700836] kernel: ata2: DUMMY
[    7.700840] kernel: ata3: SATA max UDMA/133 abar m2048@0xe6236000 port 0xe6236200 irq 133 lpm-pol 3
[    7.701127] kernel: idma64 idma64.0: Found Intel integrated DMA 64-bit
[    7.718895] kernel: intel-lpss 0000:00:15.1: enabling device (0000 -> 0002)
[    7.719477] kernel: idma64 idma64.1: Found Intel integrated DMA 64-bit
[    7.869500] kernel: e1000e 0000:00:1f.6 0000:00:1f.6 (uninitialized): registered PHC clock
[    7.931292] kernel: usb 1-7: new full-speed USB device number 2 using xhci_hcd
[    7.933869] kernel: e1000e 0000:00:1f.6 eth0: (PCI Express:2.5GT/s:Width x1) 10:62:e5:9e:ea:af
[    7.933880] kernel: e1000e 0000:00:1f.6 eth0: Intel(R) PRO/1000 Network Connection
[    7.933965] kernel: e1000e 0000:00:1f.6 eth0: MAC: 12, PHY: 12, PBA No: FFFFFF-0FF
[    8.007532] kernel: ata3: SATA link up 6.0 Gbps (SStatus 133 SControl 300)
[    8.009778] kernel: ata3.00: ACPI cmd f5/00:00:00:00:00:e0(SECURITY FREEZE LOCK) filtered out
[    8.009796] kernel: ata3.00: ACPI cmd b1/c1:00:00:00:00:e0(DEVICE CONFIGURATION OVERLAY) filtered out
[    8.009970] kernel: ata3.00: supports DRM functions and may not be fully accessible
[    8.009980] kernel: ata3.00: ATA-9: SAMSUNG MZNTE256HMHP-000L7, EXT28L6Q, max UDMA/133
[    8.010644] kernel: ata3.00: NCQ Send/Recv Log not supported
[    8.010653] kernel: ata3.00: 500118192 sectors, multi 1: LBA48 NCQ (depth 32), AA
[    8.012146] kernel: ata3.00: Features: Trust Dev-Sleep
[    8.012702] kernel: ata3.00: ACPI cmd f5/00:00:00:00:00:e0(SECURITY FREEZE LOCK) filtered out
[    8.012718] kernel: ata3.00: ACPI cmd b1/c1:00:00:00:00:e0(DEVICE CONFIGURATION OVERLAY) filtered out
[    8.012875] kernel: ata3.00: supports DRM functions and may not be fully accessible
[    8.013525] kernel: ata3.00: NCQ Send/Recv Log not supported
[    8.015102] kernel: ata3.00: configured for UDMA/133
[    8.015498] kernel: scsi 2:0:0:0: Direct-Access     ATA      SAMSUNG MZNTE256 8L6Q PQ: 0 ANSI: 5
[    8.016583] kernel: sd 2:0:0:0: Attached scsi generic sg0 type 0
[    8.016668] kernel: sd 2:0:0:0: [sda] 500118192 512-byte logical blocks: (256 GB/238 GiB)
[    8.016781] kernel: sd 2:0:0:0: [sda] Write Protect is off
[    8.016802] kernel: sd 2:0:0:0: [sda] Mode Sense: 00 3a 00 00
[    8.016893] kernel: sd 2:0:0:0: [sda] Write cache: enabled, read cache: enabled, doesn't support DPO or FUA
[    8.017017] kernel: sd 2:0:0:0: [sda] Preferred minimum I/O size 512 bytes
[    8.019983] kernel:  sda: sda1 sda2 sda3 sda4
[    8.021283] kernel: sd 2:0:0:0: [sda] supports TCG Opal
[    8.021295] kernel: sd 2:0:0:0: [sda] Attached SCSI disk
[    8.028723] kernel: e1000e 0000:00:1f.6 enp0s31f6: renamed from eth0
[    8.036769] kernel: input: ELAN25D0:00 04F3:25D4 Touchscreen as /devices/pci0000:00/0000:00:15.0/i2c_designware.0/i2c-1/i2c-ELAN25D0:00/0018:04F3:25D4.0001/input/input11
[    8.037148] kernel: input: ELAN25D0:00 04F3:25D4 as /devices/pci0000:00/0000:00:15.0/i2c_designware.0/i2c-1/i2c-ELAN25D0:00/0018:04F3:25D4.0001/input/input12
[    8.037527] kernel: input: ELAN25D0:00 04F3:25D4 as /devices/pci0000:00/0000:00:15.0/i2c_designware.0/i2c-1/i2c-ELAN25D0:00/0018:04F3:25D4.0001/input/input13
[    8.038008] kernel: hid-generic 0018:04F3:25D4.0001: input,hidraw0: I2C HID v1.00 Device [ELAN25D0:00 04F3:25D4] on i2c-ELAN25D0:00
[    8.039711] kernel: input: ALP0018:00 044E:121B Mouse as /devices/pci0000:00/0000:00:15.1/i2c_designware.1/i2c-2/i2c-ALP0018:00/0018:044E:121B.0002/input/input15
[    8.040083] kernel: input: ALP0018:00 044E:121B Touchpad as /devices/pci0000:00/0000:00:15.1/i2c_designware.1/i2c-2/i2c-ALP0018:00/0018:044E:121B.0002/input/input16
[    8.040528] kernel: input: ALP0018:00 044E:121B as /devices/pci0000:00/0000:00:15.1/i2c_designware.1/i2c-2/i2c-ALP0018:00/0018:044E:121B.0002/input/input17
[    8.040831] kernel: hid-generic 0018:044E:121B.0002: input,hidraw1: I2C HID v1.00 Mouse [ALP0018:00 044E:121B] on i2c-ALP0018:00
[    8.058530] kernel: usb 1-7: New USB device found, idVendor=8087, idProduct=0a2b, bcdDevice= 0.10
[    8.058539] kernel: usb 1-7: New USB device strings: Mfr=0, Product=0, SerialNumber=0
[    8.174260] kernel: usb 1-9: new high-speed USB device number 3 using xhci_hcd
[    8.371732] kernel: usb 1-9: New USB device found, idVendor=04f2, idProduct=b5e7, bcdDevice= 0.18
[    8.371737] kernel: usb 1-9: New USB device strings: Mfr=3, Product=1, SerialNumber=2
[    8.371740] kernel: usb 1-9: Product: HP HD Camera
[    8.371742] kernel: usb 1-9: Manufacturer: Generic
[    8.371744] kernel: usb 1-9: SerialNumber: 0001
[    8.605913] kernel: input: PS/2 Generic Mouse as /devices/platform/i8042/serio2/input/input10
[    8.632318] kernel: i915 0000:00:02.0: [drm] VT-d active for gfx access
[    8.648809] kernel: i915 0000:00:02.0: vgaarb: deactivate vga console
[    8.648868] kernel: i915 0000:00:02.0: [drm] Using Transparent Hugepages
[    8.651969] kernel: i915 0000:00:02.0: vgaarb: VGA decodes changed: olddecodes=io+mem,decodes=io+mem:owns=io+mem
[    8.652948] kernel: i915 0000:00:02.0: [drm] Finished loading DMC firmware i915/kbl_dmc_ver1_04.bin (v1.4)
[    9.010435] kernel: i915 0000:00:02.0: [drm] [ENCODER:102:DDI B/PHY B] is disabled/in DSI mode with an ungated DDI clock, gate it
[    9.010455] kernel: i915 0000:00:02.0: [drm] [ENCODER:118:DDI C/PHY C] is disabled/in DSI mode with an ungated DDI clock, gate it
[    9.562919] kernel: input: AlpsPS/2 ALPS GlidePoint as /devices/platform/i8042/serio3/input/input18
[   10.149423] kernel: [drm] Initialized i915 1.6.0 20230929 for 0000:00:02.0 on minor 1
[   10.159977] kernel: ACPI: video: Video Device [GFX0] (multi-head: yes  rom: no  post: no)
[   10.161546] kernel: input: Video Bus as /devices/LNXSYSTM:00/LNXSYBUS:00/PNP0A08:00/LNXVIDEO:00/input/input20
[   10.182966] kernel: fbcon: i915drmfb (fb0) is primary device
[   10.182976] kernel: fbcon: Deferring console take-over
[   10.182984] kernel: i915 0000:00:02.0: [drm] fb0: i915drmfb frame buffer device
[   10.217116] kernel: i915 0000:00:02.0: [drm] Reducing the compressed framebuffer size. This may lead to less power savings than a non-reduced-size. Try to increase stolen memory size if available in BIOS.
[   11.292655] kernel: system76_acpi: loading out-of-tree module taints kernel.
[   11.292659] kernel: system76_acpi: module verification failed: signature and/or required key missing - tainting kernel
[   11.297098] kernel: system76: Model does not utilize this driver
[   11.338727] kernel: usbcore: registered new interface driver system76-io
[   11.384242] kernel: raid6: avx2x4   gen() 23131 MB/s
[   11.401234] kernel: raid6: avx2x2   gen() 26742 MB/s
[   11.418234] kernel: raid6: avx2x1   gen() 25728 MB/s
[   11.418236] kernel: raid6: using algorithm avx2x2 gen() 26742 MB/s
[   11.435256] kernel: raid6: .... xor() 16581 MB/s, rmw enabled
[   11.435258] kernel: raid6: using avx2x2 recovery algorithm
[   11.436610] kernel: xor: automatically using best checksumming function   avx       
[   11.437940] kernel: async_tx: api initialized (async)
[   11.686677] kernel: EXT4-fs (sda3): mounted filesystem d047bce4-63ac-4071-b369-ee7b521891b8 ro with ordered data mode. Quota mode: none.
[   11.957808] systemd[1]: Inserted module 'autofs4'
[   11.994951] systemd[1]: Successfully credited entropy passed from boot loader.
[   11.999068] systemd[1]: systemd 249.11-0ubuntu3.11pop0~1704473387~22.04~3ce38bf running in system mode (+PAM +AUDIT +SELINUX +APPARMOR +IMA +SMACK +SECCOMP +GCRYPT +GNUTLS +OPENSSL +ACL +BLKID +CURL +ELFUTILS +FIDO2 +IDN2 -IDN +IPTC +KMOD +LIBCRYPTSETUP +LIBFDISK +PCRE2 -PWQUALITY -P11KIT -QRENCODE +BZIP2 +LZ4 +XZ +ZLIB +ZSTD -XKBCOMMON +UTMP +SYSVINIT default-hierarchy=unified)
[   11.999293] systemd[1]: Detected architecture x86-64.
[   11.999969] systemd[1]: Hostname set to <pop-os>.
[   12.207193] kernel: block sda: the capability attribute has been deprecated.
[   12.270566] systemd[1]: Configuration file /run/systemd/system/netplan-ovs-cleanup.service is marked world-inaccessible. This has no effect as configuration data is accessible via APIs without restrictions. Proceeding anyway.
[   12.331722] systemd[1]: Queued start job for default target Graphical Interface.
[   12.347952] systemd[1]: Created slice Slice /system/modprobe.
[   12.348429] systemd[1]: Created slice Cryptsetup Units Slice.
[   12.348625] systemd[1]: Created slice User and Session Slice.
[   12.348710] systemd[1]: Started Forward Password Requests to Wall Directory Watch.
[   12.348900] systemd[1]: Set up automount Arbitrary Executable File Formats File System Automount Point.
[   12.348971] systemd[1]: Reached target User and Group Name Lookups.
[   12.348991] systemd[1]: Reached target Remote File Systems.
[   12.349003] systemd[1]: Reached target Slice Units.
[   12.349024] systemd[1]: Reached target System Time Set.
[   12.349060] systemd[1]: Reached target Local Verity Protected Volumes.
[   12.349139] systemd[1]: Listening on Device-mapper event daemon FIFOs.
[   12.349287] systemd[1]: Listening on LVM2 poll daemon socket.
[   12.349398] systemd[1]: Listening on Syslog Socket.
[   12.349487] systemd[1]: Listening on fsck to fsckd communication Socket.
[   12.349542] systemd[1]: Listening on initctl Compatibility Named Pipe.
[   12.349746] systemd[1]: Listening on Journal Audit Socket.
[   12.349837] systemd[1]: Listening on Journal Socket (/dev/log).
[   12.349958] systemd[1]: Listening on Journal Socket.
[   12.350313] systemd[1]: Listening on udev Control Socket.
[   12.350412] systemd[1]: Listening on udev Kernel Socket.
[   12.351172] systemd[1]: Mounting Huge Pages File System...
[   12.352365] systemd[1]: Mounting POSIX Message Queue File System...
[   12.353576] systemd[1]: Mounting Kernel Debug File System...
[   12.354889] systemd[1]: Mounting Kernel Trace File System...
[   12.357429] systemd[1]: Starting Journal Service...
[   12.357711] systemd[1]: Finished Availability of block devices.
[   12.359192] systemd[1]: Starting Set the console keyboard layout...
[   12.360547] systemd[1]: Starting Create List of Static Device Nodes...
[   12.361799] systemd[1]: Starting Monitoring of LVM2 mirrors, snapshots etc. using dmeventd or progress polling...
[   12.363285] systemd[1]: Starting Load Kernel Module configfs...
[   12.365070] systemd[1]: Starting Load Kernel Module drm...
[   12.366853] systemd[1]: Starting Load Kernel Module efi_pstore...
[   12.368989] systemd[1]: Starting Load Kernel Module fuse...
[   12.369425] systemd[1]: Condition check resulted in File System Check on Root Device being skipped.
[   12.372157] systemd[1]: Starting Load Kernel Modules...
[   12.373850] systemd[1]: Starting Remount Root and Kernel File Systems...
[   12.374272] kernel: pstore: Using crash dump compression: deflate
[   12.381365] systemd[1]: Starting Coldplug All udev Devices...
[   12.397022] systemd[1]: Mounted Huge Pages File System.
[   12.397314] systemd[1]: Mounted POSIX Message Queue File System.
[   12.397560] systemd[1]: Mounted Kernel Debug File System.
[   12.398241] systemd[1]: Mounted Kernel Trace File System.
[   12.410275] systemd[1]: Finished Create List of Static Device Nodes.
[   12.427834] systemd[1]: modprobe@configfs.service: Deactivated successfully.
[   12.440888] systemd[1]: Finished Load Kernel Module configfs.
[   12.441931] systemd[1]: modprobe@drm.service: Deactivated successfully.
[   12.444058] systemd[1]: Finished Load Kernel Module drm.
[   12.446023] systemd[1]: modprobe@fuse.service: Deactivated successfully.
[   12.446514] systemd[1]: Finished Load Kernel Module fuse.
[   12.469986] kernel: EXT4-fs (sda3): re-mounted d047bce4-63ac-4071-b369-ee7b521891b8 r/w. Quota mode: none.
[   12.476191] kernel: pstore: Registered efi_pstore as persistent store backend
[   12.482404] systemd[1]: Mounting FUSE Control File System...
[   12.484025] systemd[1]: Mounting Kernel Configuration File System...
[   12.484626] kernel: lp: driver loaded but no devices found
[   12.488855] systemd[1]: modprobe@efi_pstore.service: Deactivated successfully.
[   12.489263] systemd[1]: Finished Load Kernel Module efi_pstore.
[   12.489831] systemd[1]: Finished Remount Root and Kernel File Systems.
[   12.490081] systemd[1]: Mounted FUSE Control File System.
[   12.490261] systemd[1]: Mounted Kernel Configuration File System.
[   12.490419] systemd[1]: Condition check resulted in Platform Persistent Storage Archival being skipped.
[   12.490755] kernel: ppdev: user-space parallel port driver
[   12.491716] systemd[1]: Starting Load/Save Random Seed...
[   12.493177] systemd[1]: Starting Create System Users...
[   12.499472] systemd[1]: Finished Monitoring of LVM2 mirrors, snapshots etc. using dmeventd or progress polling.
[   12.507849] systemd[1]: Finished Load/Save Random Seed.
[   12.508115] systemd[1]: Condition check resulted in First Boot Complete being skipped.
[   12.518255] kernel: io scheduler kyber registered
[   12.521191] systemd[1]: Finished Load Kernel Modules.
[   12.522947] systemd[1]: Starting Apply Kernel Variables...
[   12.525388] systemd[1]: Finished Create System Users.
[   12.527594] systemd[1]: Starting Create Static Device Nodes in /dev...
[   12.536421] systemd[1]: Started Journal Service.
[   12.793555] kernel: input: Wireless hotkeys as /devices/virtual/input/input21
[   12.830942] kernel: Consider using thermal netlink events interface
[   12.945261] kernel: mei_me 0000:00:16.0: enabling device (0004 -> 0006)
[   12.978838] kernel: iTCO_vendor_support: vendor-support=0
[   13.061386] kernel: mc: Linux media interface: v0.10
[   13.071951] kernel: iTCO_wdt iTCO_wdt: Found a Intel PCH TCO device (Version=4, TCOBASE=0x0400)
[   13.074744] kernel: iTCO_wdt iTCO_wdt: initialized. heartbeat=30 sec (nowayout=0)
[   13.081634] kernel: cfg80211: Loading compiled-in X.509 certificates for regulatory database
[   13.081654] kernel: proc_thermal 0000:00:04.0: enabling device (0000 -> 0002)
[   13.082280] kernel: Loaded X.509 cert 'sforshee: 00b28ddf47aef9cea7'
[   13.082643] kernel: Loaded X.509 cert 'wens: 61c038651aabdcf94bd0ac7ff06c7248db18c600'
[   13.098724] kernel: intel_rapl_common: Found RAPL domain package
[   13.109937] kernel: input: ELAN25D0:00 04F3:25D4 as /devices/pci0000:00/0000:00:15.0/i2c_designware.0/i2c-1/i2c-ELAN25D0:00/0018:04F3:25D4.0001/input/input22
[   13.115630] kernel: input: ELAN25D0:00 04F3:25D4 UNKNOWN as /devices/pci0000:00/0000:00:15.0/i2c_designware.0/i2c-1/i2c-ELAN25D0:00/0018:04F3:25D4.0001/input/input23
[   13.139635] kernel: videodev: Linux video capture interface: v2.00
[   13.143588] kernel: input: ELAN25D0:00 04F3:25D4 UNKNOWN as /devices/pci0000:00/0000:00:15.0/i2c_designware.0/i2c-1/i2c-ELAN25D0:00/0018:04F3:25D4.0001/input/input24
[   13.143790] kernel: hid-multitouch 0018:04F3:25D4.0001: input,hidraw0: I2C HID v1.00 Device [ELAN25D0:00 04F3:25D4] on i2c-ELAN25D0:00
[   13.175424] kernel: Bluetooth: Core ver 2.22
[   13.175455] kernel: NET: Registered PF_BLUETOOTH protocol family
[   13.175458] kernel: Bluetooth: HCI device and connection manager initialized
[   13.175465] kernel: Bluetooth: HCI socket layer initialized
[   13.175468] kernel: Bluetooth: L2CAP socket layer initialized
[   13.175475] kernel: Bluetooth: SCO socket layer initialized
[   13.192133] kernel: Intel(R) Wireless WiFi driver for Linux
[   13.192626] kernel: iwlwifi 0000:01:00.0: enabling device (0000 -> 0002)
[   13.193378] kernel: io scheduler bfq registered
[   13.198172] kernel: iwlwifi 0000:01:00.0: Detected crf-id 0xbadcafe, cnv-id 0x10 wfpm id 0x80000000
[   13.198433] kernel: iwlwifi 0000:01:00.0: PCI dev 24fd/0010, rev=0x230, rfid=0xd55555d5
[   13.205711] kernel: hp_wmi: query 0x4 returned error 0x5
[   13.209940] kernel: RAPL PMU: API unit is 2^-32 Joules, 3 fixed counters, 655360 ms ovfl timer
[   13.209948] kernel: RAPL PMU: hw unit of domain pp0-core 2^-14 Joules
[   13.209950] kernel: RAPL PMU: hw unit of domain package 2^-14 Joules
[   13.209951] kernel: RAPL PMU: hw unit of domain pp1-gpu 2^-14 Joules
[   13.230575] kernel: iwlwifi 0000:01:00.0: loaded firmware version 36.ca7b901d.0 8265-36.ucode op_mode iwlmvm
[   13.247804] kernel: input: HP WMI hotkeys as /devices/virtual/input/input26
[   13.251981] kernel: usbcore: registered new interface driver btusb
[   13.253848] kernel: Bluetooth: hci0: Bootloader revision 0.0 build 26 week 38 2015
[   13.254835] kernel: Bluetooth: hci0: Device revision is 16
[   13.254844] kernel: Bluetooth: hci0: Secure boot is enabled
[   13.254847] kernel: Bluetooth: hci0: OTP lock is enabled
[   13.254849] kernel: Bluetooth: hci0: API lock is enabled
[   13.254851] kernel: Bluetooth: hci0: Debug lock is disabled
[   13.254853] kernel: Bluetooth: hci0: Minimum firmware build 1 week 10 2014
[   13.262305] kernel: Bluetooth: hci0: Found device firmware: intel/ibt-12-16.sfi
[   13.313409] kernel: usb 1-9: Found UVC 1.50 device HP HD Camera (04f2:b5e7)
[   13.353853] kernel: usb 1-9: Found UVC 1.50 device HP HD Camera (04f2:b5e7)
[   13.359999] kernel: usbcore: registered new interface driver uvcvideo
[   13.390048] kernel: intel_rapl_common: Found RAPL domain package
[   13.390055] kernel: intel_rapl_common: Found RAPL domain core
[   13.390059] kernel: intel_rapl_common: Found RAPL domain uncore
[   13.436323] kernel: input: ALP0018:00 044E:121B Mouse as /devices/pci0000:00/0000:00:15.1/i2c_designware.1/i2c-2/i2c-ALP0018:00/0018:044E:121B.0002/input/input27
[   13.448360] kernel: input: ALP0018:00 044E:121B Touchpad as /devices/pci0000:00/0000:00:15.1/i2c_designware.1/i2c-2/i2c-ALP0018:00/0018:044E:121B.0002/input/input28
[   13.483249] kernel: audit: type=1400 audit(1724447938.307:2): apparmor="STATUS" operation="profile_load" profile="unconfined" name="lsb_release" pid=528 comm="apparmor_parser"
[   13.487886] kernel: audit: type=1400 audit(1724447938.312:3): apparmor="STATUS" operation="profile_load" profile="unconfined" name="nvidia_modprobe" pid=529 comm="apparmor_parser"
[   13.487899] kernel: audit: type=1400 audit(1724447938.312:4): apparmor="STATUS" operation="profile_load" profile="unconfined" name="nvidia_modprobe//kmod" pid=529 comm="apparmor_parser"
[   13.489248] kernel: audit: type=1400 audit(1724447938.314:5): apparmor="STATUS" operation="profile_load" profile="unconfined" name="/usr/bin/man" pid=532 comm="apparmor_parser"
[   13.489258] kernel: audit: type=1400 audit(1724447938.314:6): apparmor="STATUS" operation="profile_load" profile="unconfined" name="man_filter" pid=532 comm="apparmor_parser"
[   13.489264] kernel: audit: type=1400 audit(1724447938.314:7): apparmor="STATUS" operation="profile_load" profile="unconfined" name="man_groff" pid=532 comm="apparmor_parser"
[   13.490204] kernel: audit: type=1400 audit(1724447938.314:8): apparmor="STATUS" operation="profile_load" profile="unconfined" name="libreoffice-oosplash" pid=534 comm="apparmor_parser"
[   13.499202] kernel: audit: type=1400 audit(1724447938.323:9): apparmor="STATUS" operation="profile_load" profile="unconfined" name="libreoffice-xpdfimport" pid=538 comm="apparmor_parser"
[   13.499494] kernel: audit: type=1400 audit(1724447938.324:10): apparmor="STATUS" operation="profile_load" profile="unconfined" name="libreoffice-senddoc" pid=535 comm="apparmor_parser"
[   13.503558] kernel: audit: type=1400 audit(1724447938.327:11): apparmor="STATUS" operation="profile_load" profile="unconfined" name="tcpdump" pid=533 comm="apparmor_parser"
[   13.526517] kernel: input: ALP0018:00 044E:121B UNKNOWN as /devices/pci0000:00/0000:00:15.1/i2c_designware.1/i2c-2/i2c-ALP0018:00/0018:044E:121B.0002/input/input29
[   13.527906] kernel: hid-multitouch 0018:044E:121B.0002: input,hidraw1: I2C HID v1.00 Mouse [ALP0018:00 044E:121B] on i2c-ALP0018:00
[   13.566906] kernel: mei_hdcp 0000:00:16.0-b638ab7e-94e2-4ea2-a552-d1c54b627f04: bound 0000:00:02.0 (ops i915_hdcp_ops [i915])
[   13.633662] kernel: iwlwifi 0000:01:00.0: Detected Intel(R) Dual Band Wireless AC 8265, REV=0x230
[   13.633830] kernel: thermal thermal_zone14: failed to read out thermal zone (-61)
[   13.634678] kernel: intel_tcc_cooling: Programmable TCC Offset detected
[   13.673204] kernel: intel_pmc_core intel_pmc_core.0:  initialized
[   13.677749] kernel: Adding 4193784k swap on /dev/mapper/cryptswap.  Priority:-2 extents:1 across:4193784k SS
[   13.679930] kernel: snd_hda_intel 0000:00:1f.3: DSP detected with PCI class/subclass/prog-if info 0x040380
[   13.679964] kernel: snd_hda_intel 0000:00:1f.3: enabling device (0000 -> 0002)
[   13.681241] kernel: snd_hda_intel 0000:00:1f.3: bound 0000:00:02.0 (ops i915_audio_component_bind_ops [i915])
[   13.700271] kernel: iwlwifi 0000:01:00.0: base HW address: 38:de:ad:2b:82:48, OTP minor version: 0x4
[   13.733831] kernel: snd_hda_codec_conexant hdaudioC0D0: CX8200: BIOS auto-probing.
[   13.734774] kernel: snd_hda_codec_conexant hdaudioC0D0: vmaster hook already present before cdev!
[   13.738228] kernel: snd_hda_codec_conexant hdaudioC0D0: autoconfig for CX8200: line_outs=1 (0x16/0x0/0x0/0x0/0x0) type:line
[   13.738240] kernel: snd_hda_codec_conexant hdaudioC0D0:    speaker_outs=1 (0x17/0x0/0x0/0x0/0x0)
[   13.738246] kernel: snd_hda_codec_conexant hdaudioC0D0:    hp_outs=1 (0x1d/0x0/0x0/0x0/0x0)
[   13.738250] kernel: snd_hda_codec_conexant hdaudioC0D0:    mono: mono_out=0x0
[   13.738254] kernel: snd_hda_codec_conexant hdaudioC0D0:    inputs:
[   13.738257] kernel: snd_hda_codec_conexant hdaudioC0D0:      Mic=0x19
[   13.738261] kernel: snd_hda_codec_conexant hdaudioC0D0:      Internal Mic=0x1a
[   13.738265] kernel: snd_hda_codec_conexant hdaudioC0D0:      Line=0x18
[   13.775576] kernel: input: HDA Intel PCH Mic as /devices/pci0000:00/0000:00:1f.3/sound/card0/input30
[   13.775706] kernel: input: HDA Intel PCH Line as /devices/pci0000:00/0000:00:1f.3/sound/card0/input31
[   13.775865] kernel: input: HDA Intel PCH Dock Line Out as /devices/pci0000:00/0000:00:1f.3/sound/card0/input32
[   13.775971] kernel: input: HDA Intel PCH Headphone as /devices/pci0000:00/0000:00:1f.3/sound/card0/input33
[   13.776063] kernel: input: HDA Intel PCH HDMI/DP,pcm=3 as /devices/pci0000:00/0000:00:1f.3/sound/card0/input34
[   13.776149] kernel: input: HDA Intel PCH HDMI/DP,pcm=7 as /devices/pci0000:00/0000:00:1f.3/sound/card0/input35
[   13.776401] kernel: input: HDA Intel PCH HDMI/DP,pcm=8 as /devices/pci0000:00/0000:00:1f.3/sound/card0/input36
[   13.776923] kernel: ieee80211 phy0: Selected rate control algorithm 'iwl-mvm-rs'
[   13.783762] kernel: iwlwifi 0000:01:00.0 wlp1s0: renamed from wlan0
[   13.927716] kernel: zram: Added device: zram0
[   14.077595] kernel: Bluetooth: BNEP (Ethernet Emulation) ver 1.3
[   14.077604] kernel: Bluetooth: BNEP filters: protocol multicast
[   14.077612] kernel: Bluetooth: BNEP socket layer initialized
[   14.186064] kernel: zram0: detected capacity change from 0 to 15945728
[   14.204916] kernel: Adding 7972860k swap on /dev/zram0.  Priority:1000 extents:1 across:7972860k SS
[   14.793956] kernel: iwlwifi 0000:01:00.0: Registered PHC clock: iwlwifi-PTP, with index: 1
[   14.944038] kernel: Bluetooth: hci0: Waiting for firmware download to complete
[   14.944849] kernel: Bluetooth: hci0: Firmware loaded in 1643102 usecs
[   14.944980] kernel: Bluetooth: hci0: Waiting for device to boot
[   14.957833] kernel: Bluetooth: hci0: Device booted in 12639 usecs
[   14.957844] kernel: Bluetooth: hci0: Malformed MSFT vendor event: 0x02
[   14.963816] kernel: Bluetooth: hci0: Found Intel DDC parameters: intel/ibt-12-16.ddc
[   14.967078] kernel: Bluetooth: hci0: Applying Intel DDC parameters completed
[   14.968144] kernel: Bluetooth: hci0: Firmware revision 0.1 build 19 week 44 2021
[   14.970062] kernel: Bluetooth: hci0: Reading supported features failed (-16)
[   14.970066] kernel: Bluetooth: hci0: Error reading debug features
[   14.970068] kernel: Bluetooth: hci0: HCI LE Coded PHY feature bit is set, but its usage is not supported.
[   15.030149] kernel: Bluetooth: MGMT ver 1.22
[   15.035706] kernel: NET: Registered PF_ALG protocol family
[   16.269339] kernel: Bluetooth: RFCOMM TTY layer initialized
[   16.269355] kernel: Bluetooth: RFCOMM socket layer initialized
[   16.269362] kernel: Bluetooth: RFCOMM ver 1.11
[   18.310633] kernel: wlp1s0: authenticate with 34:36:54:dc:7d:c7 (local address=38:de:ad:2b:82:48)
[   18.311977] kernel: wlp1s0: send auth to 34:36:54:dc:7d:c7 (try 1/3)
[   18.319833] kernel: wlp1s0: authenticated
[   18.321248] kernel: wlp1s0: associate with 34:36:54:dc:7d:c7 (try 1/3)
[   18.325530] kernel: wlp1s0: RX AssocResp from 34:36:54:dc:7d:c7 (capab=0xc31 status=0 aid=2)
[   18.333119] kernel: wlp1s0: associated
[   18.907795] kernel: rfkill: input handler disabled
