Aug 18 13:24:26 pop-os kernel: [    0.000000] Linux version 6.8.0-76060800daily20240311-generic (jenkins@warp.pop-os.org) (x86_64-linux-gnu-gcc-12 (Ubuntu 12.3.0-1ubuntu1~22.04) 12.3.0, GNU ld (GNU Binutils for Ubuntu) 2.38) #202403110203~1715181801~22.04~aba43ee SMP PREEMPT_DYNAMIC Wed M
Aug 18 13:24:26 pop-os kernel: [    0.000000] Command line: initrd=\EFI\Pop_OS-d047bce4-63ac-4071-b369-ee7b521891b8\initrd.img root=UUID=d047bce4-63ac-4071-b369-ee7b521891b8 ro quiet loglevel=0 systemd.show_status=false splash
Aug 18 13:24:26 pop-os kernel: [    0.000000] KERNEL supported cpus:
Aug 18 13:24:26 pop-os kernel: [    0.000000]   Intel GenuineIntel
Aug 18 13:24:26 pop-os kernel: [    0.000000]   AMD AuthenticAMD
Aug 18 13:24:26 pop-os kernel: [    0.000000]   Hygon HygonGenuine
Aug 18 13:24:26 pop-os kernel: [    0.000000]   Centaur CentaurHauls
Aug 18 13:24:26 pop-os kernel: [    0.000000]   zhaoxin   Shanghai  
Aug 18 13:24:26 pop-os kernel: [    0.000000] BIOS-provided physical RAM map:
Aug 18 13:24:26 pop-os kernel: [    0.000000] BIOS-e820: [mem 0x0000000000000000-0x0000000000057fff] usable
Aug 18 13:24:26 pop-os kernel: [    0.000000] BIOS-e820: [mem 0x0000000000058000-0x0000000000058fff] reserved
Aug 18 13:24:26 pop-os kernel: [    0.000000] BIOS-e820: [mem 0x0000000000059000-0x000000000009dfff] usable
Aug 18 13:24:26 pop-os kernel: [    0.000000] BIOS-e820: [mem 0x000000000009e000-0x000000000009efff] reserved
Aug 18 13:24:26 pop-os kernel: [    0.000000] BIOS-e820: [mem 0x000000000009f000-0x000000000009ffff] usable
Aug 18 13:24:26 pop-os kernel: [    0.000000] BIOS-e820: [mem 0x00000000000a0000-0x00000000000fffff] reserved
Aug 18 13:24:26 pop-os kernel: [    0.000000] BIOS-e820: [mem 0x0000000000100000-0x000000003fffffff] usable
Aug 18 13:24:26 pop-os kernel: [    0.000000] BIOS-e820: [mem 0x0000000040000000-0x00000000403fffff] reserved
Aug 18 13:24:26 pop-os kernel: [    0.000000] BIOS-e820: [mem 0x0000000040400000-0x000000009797dfff] usable
Aug 18 13:24:26 pop-os kernel: [    0.000000] BIOS-e820: [mem 0x000000009797e000-0x000000009797efff] reserved
Aug 18 13:24:26 pop-os kernel: [    0.000000] BIOS-e820: [mem 0x000000009797f000-0x0000000097cf7fff] usable
Aug 18 13:24:26 pop-os kernel: [    0.000000] BIOS-e820: [mem 0x0000000097cf8000-0x0000000097cf8fff] reserved
Aug 18 13:24:26 pop-os kernel: [    0.000000] BIOS-e820: [mem 0x0000000097cf9000-0x00000000a5663fff] usable
Aug 18 13:24:26 pop-os kernel: [    0.000000] BIOS-e820: [mem 0x00000000a5664000-0x00000000a5664fff] ACPI NVS
Aug 18 13:24:26 pop-os kernel: [    0.000000] BIOS-e820: [mem 0x00000000a5665000-0x00000000a5665fff] reserved
Aug 18 13:24:26 pop-os kernel: [    0.000000] BIOS-e820: [mem 0x00000000a5666000-0x00000000b6f9afff] usable
Aug 18 13:24:26 pop-os kernel: [    0.000000] BIOS-e820: [mem 0x00000000b6f9b000-0x00000000b7d7efff] reserved
Aug 18 13:24:26 pop-os kernel: [    0.000000] BIOS-e820: [mem 0x00000000b7d7f000-0x00000000b7f7efff] ACPI NVS
Aug 18 13:24:26 pop-os kernel: [    0.000000] BIOS-e820: [mem 0x00000000b7f7f000-0x00000000b7ffefff] ACPI data
Aug 18 13:24:26 pop-os kernel: [    0.000000] BIOS-e820: [mem 0x00000000b7fff000-0x00000000b7ffffff] usable
Aug 18 13:24:26 pop-os kernel: [    0.000000] BIOS-e820: [mem 0x00000000b8000000-0x00000000be7fffff] reserved
Aug 18 13:24:26 pop-os kernel: [    0.000000] BIOS-e820: [mem 0x00000000f0000000-0x00000000f7ffffff] reserved
Aug 18 13:24:26 pop-os kernel: [    0.000000] BIOS-e820: [mem 0x00000000fe010000-0x00000000fe010fff] reserved
Aug 18 13:24:26 pop-os kernel: [    0.000000] BIOS-e820: [mem 0x0000000100000000-0x000000023f7fffff] usable
Aug 18 13:24:26 pop-os kernel: [    0.000000] NX (Execute Disable) protection: active
Aug 18 13:24:26 pop-os kernel: [    0.000000] APIC: Static calls initialized
Aug 18 13:24:26 pop-os kernel: [    0.000000] e820: update [mem 0xa0fd6018-0xa0fe6057] usable ==> usable
Aug 18 13:24:26 pop-os kernel: [    0.000000] e820: update [mem 0xa0fd6018-0xa0fe6057] usable ==> usable
Aug 18 13:24:26 pop-os kernel: [    0.000000] extended physical RAM map:
Aug 18 13:24:26 pop-os kernel: [    0.000000] reserve setup_data: [mem 0x0000000000000000-0x0000000000057fff] usable
Aug 18 13:24:26 pop-os kernel: [    0.000000] reserve setup_data: [mem 0x0000000000058000-0x0000000000058fff] reserved
Aug 18 13:24:26 pop-os kernel: [    0.000000] reserve setup_data: [mem 0x0000000000059000-0x000000000009dfff] usable
Aug 18 13:24:26 pop-os kernel: [    0.000000] reserve setup_data: [mem 0x000000000009e000-0x000000000009efff] reserved
Aug 18 13:24:26 pop-os kernel: [    0.000000] reserve setup_data: [mem 0x000000000009f000-0x000000000009ffff] usable
Aug 18 13:24:26 pop-os kernel: [    0.000000] reserve setup_data: [mem 0x00000000000a0000-0x00000000000fffff] reserved
Aug 18 13:24:26 pop-os kernel: [    0.000000] reserve setup_data: [mem 0x0000000000100000-0x000000003fffffff] usable
Aug 18 13:24:26 pop-os kernel: [    0.000000] reserve setup_data: [mem 0x0000000040000000-0x00000000403fffff] reserved
Aug 18 13:24:26 pop-os kernel: [    0.000000] reserve setup_data: [mem 0x0000000040400000-0x000000009797dfff] usable
Aug 18 13:24:26 pop-os kernel: [    0.000000] reserve setup_data: [mem 0x000000009797e000-0x000000009797efff] reserved
Aug 18 13:24:26 pop-os kernel: [    0.000000] reserve setup_data: [mem 0x000000009797f000-0x0000000097cf7fff] usable
Aug 18 13:24:26 pop-os kernel: [    0.000000] reserve setup_data: [mem 0x0000000097cf8000-0x0000000097cf8fff] reserved
Aug 18 13:24:26 pop-os kernel: [    0.000000] reserve setup_data: [mem 0x0000000097cf9000-0x00000000a0fd6017] usable
Aug 18 13:24:26 pop-os kernel: [    0.000000] reserve setup_data: [mem 0x00000000a0fd6018-0x00000000a0fe6057] usable
Aug 18 13:24:26 pop-os kernel: [    0.000000] reserve setup_data: [mem 0x00000000a0fe6058-0x00000000a5663fff] usable
Aug 18 13:24:26 pop-os kernel: [    0.000000] reserve setup_data: [mem 0x00000000a5664000-0x00000000a5664fff] ACPI NVS
Aug 18 13:24:26 pop-os kernel: [    0.000000] reserve setup_data: [mem 0x00000000a5665000-0x00000000a5665fff] reserved
Aug 18 13:24:26 pop-os kernel: [    0.000000] reserve setup_data: [mem 0x00000000a5666000-0x00000000b6f9afff] usable
Aug 18 13:24:26 pop-os kernel: [    0.000000] reserve setup_data: [mem 0x00000000b6f9b000-0x00000000b7d7efff] reserved
Aug 18 13:24:26 pop-os kernel: [    0.000000] reserve setup_data: [mem 0x00000000b7d7f000-0x00000000b7f7efff] ACPI NVS
Aug 18 13:24:26 pop-os kernel: [    0.000000] reserve setup_data: [mem 0x00000000b7f7f000-0x00000000b7ffefff] ACPI data
Aug 18 13:24:26 pop-os kernel: [    0.000000] reserve setup_data: [mem 0x00000000b7fff000-0x00000000b7ffffff] usable
Aug 18 13:24:26 pop-os kernel: [    0.000000] reserve setup_data: [mem 0x00000000b8000000-0x00000000be7fffff] reserved
Aug 18 13:24:26 pop-os kernel: [    0.000000] reserve setup_data: [mem 0x00000000f0000000-0x00000000f7ffffff] reserved
Aug 18 13:24:26 pop-os kernel: [    0.000000] reserve setup_data: [mem 0x00000000fe010000-0x00000000fe010fff] reserved
Aug 18 13:24:26 pop-os kernel: [    0.000000] reserve setup_data: [mem 0x0000000100000000-0x000000023f7fffff] usable
Aug 18 13:24:26 pop-os kernel: [    0.000000] efi: EFI v2.5 by HP
Aug 18 13:24:26 pop-os kernel: [    0.000000] efi: ACPI=0xb7ffe000 ACPI 2.0=0xb7ffe014 SMBIOS=0xb7765000 SMBIOS 3.0=0xb7763000 ESRT=0xb7777c98 MEMATTR=0xb35c8018 INITRD=0xa575ac98 RNG=0xb7faa018 
Aug 18 13:24:26 pop-os kernel: [    0.000000] random: crng init done
Aug 18 13:24:26 pop-os kernel: [    0.000000] efi: Remove mem58: MMIO range=[0xf0000000-0xf7ffffff] (128MB) from e820 map
Aug 18 13:24:26 pop-os kernel: [    0.000000] e820: remove [mem 0xf0000000-0xf7ffffff] reserved
Aug 18 13:24:26 pop-os kernel: [    0.000000] efi: Not removing mem59: MMIO range=[0xfe010000-0xfe010fff] (4KB) from e820 map
Aug 18 13:24:26 pop-os kernel: [    0.000000] SMBIOS 3.1.0 present.
Aug 18 13:24:26 pop-os kernel: [    0.000000] DMI: HP HP EliteBook 830 G5/83B3, BIOS Q78 Ver. 01.28.00 04/15/2024
Aug 18 13:24:26 pop-os kernel: [    0.000000] tsc: Detected 1900.000 MHz processor
Aug 18 13:24:26 pop-os kernel: [    0.000000] tsc: Detected 1899.950 MHz TSC
Aug 18 13:24:26 pop-os kernel: [    0.001676] e820: update [mem 0x00000000-0x00000fff] usable ==> reserved
Aug 18 13:24:26 pop-os kernel: [    0.001682] e820: remove [mem 0x000a0000-0x000fffff] usable
Aug 18 13:24:26 pop-os kernel: [    0.001702] last_pfn = 0x23f800 max_arch_pfn = 0x400000000
Aug 18 13:24:26 pop-os kernel: [    0.001710] MTRR map: 5 entries (3 fixed + 2 variable; max 23), built from 10 variable MTRRs
Aug 18 13:24:26 pop-os kernel: [    0.001714] x86/PAT: Configuration [0-7]: WB  WC  UC- UC  WB  WP  UC- WT  
Aug 18 13:24:26 pop-os kernel: [    0.002608] last_pfn = 0xb8000 max_arch_pfn = 0x400000000
Aug 18 13:24:26 pop-os kernel: [    0.016702] esrt: Reserving ESRT space from 0x00000000b7777c98 to 0x00000000b7777cd0.
Aug 18 13:24:26 pop-os kernel: [    0.016719] Using GB pages for direct mapping
Aug 18 13:24:26 pop-os kernel: [    0.018481] Secure boot disabled
Aug 18 13:24:26 pop-os kernel: [    0.018483] RAMDISK: [mem 0x9b9cf000-0xa075cfff]
Aug 18 13:24:26 pop-os kernel: [    0.018492] ACPI: Early table checksum verification disabled
Aug 18 13:24:26 pop-os kernel: [    0.018498] ACPI: RSDP 0x00000000B7FFE014 000024 (v02 HPQOEM)
Aug 18 13:24:26 pop-os kernel: [    0.018506] ACPI: XSDT 0x00000000B7F8D228 00016C (v01 HPQOEM SLIC-BPC 00000000      01000013)
Aug 18 13:24:26 pop-os kernel: [    0.018517] ACPI: FACP 0x00000000B7FD8000 00010C (v05 HPQOEM SLIC-BPC 00000000 HP   00000001)
Aug 18 13:24:26 pop-os kernel: [    0.018528] ACPI: DSDT 0x00000000B7FB2000 022576 (v02 HPQOEM 83B3     00000000 INTL 20160527)
Aug 18 13:24:26 pop-os kernel: [    0.018535] ACPI: FACS 0x00000000B7F64000 000040
Aug 18 13:24:26 pop-os kernel: [    0.018541] ACPI: SSDT 0x00000000B7FFC000 00012A (v02 HP     ShmTable 00000001 INTL 20160527)
Aug 18 13:24:26 pop-os kernel: [    0.018547] ACPI: RTMA 0x00000000B7FFB000 00009E (v01 HP     _HBMART_ 00001000 HP   00000001)
Aug 18 13:24:26 pop-os kernel: [    0.018554] ACPI: SSDT 0x00000000B7FE6000 0145E8 (v02 AcpiRe PLT_RTD3 00001000 INTL 20160527)
Aug 18 13:24:26 pop-os kernel: [    0.018561] ACPI: SSDT 0x00000000B7FE5000 000F25 (v02 HP     UcsiAcpi 00000001 INTL 20160527)
Aug 18 13:24:26 pop-os kernel: [    0.018567] ACPI: SSDT 0x00000000B7FE4000 0000FB (v02 HP     UcsiCntr 00000001 INTL 20160527)
Aug 18 13:24:26 pop-os kernel: [    0.018574] ACPI: UEFI 0x00000000B7F75000 000042 (v01 HPQOEM EDK2     00000002      01000013)
Aug 18 13:24:26 pop-os kernel: [    0.018580] ACPI: OEML 0x00000000B7FE3000 000028 (v03 HPQOEM EDK2     00000002      01000013)
Aug 18 13:24:26 pop-os kernel: [    0.018587] ACPI: SSDT 0x00000000B7FE2000 0003C8 (v02 HPQOEM Tpm2Tabl 00001000 INTL 20160527)
Aug 18 13:24:26 pop-os kernel: [    0.018593] ACPI: TPM2 0x00000000B7FE1000 000034 (v03 HPQOEM EDK2     00000002      01000013)
Aug 18 13:24:26 pop-os kernel: [    0.018600] ACPI: SSDT 0x00000000B7FDD000 0032D6 (v02 SaSsdt SaSsdt   00003000 INTL 20160527)
Aug 18 13:24:26 pop-os kernel: [    0.018606] ACPI: MSDM 0x00000000B7FDB000 000055 (v03 HPQOEM SLIC-BPC 00000000 HP   00000001)
Aug 18 13:24:26 pop-os kernel: [    0.018613] ACPI: SLIC 0x00000000B7FDA000 000176 (v01 HPQOEM SLIC-BPC 00000001 HP   00000001)
Aug 18 13:24:26 pop-os kernel: [    0.018620] ACPI: WSMT 0x00000000B7FD9000 000028 (v01 HPQOEM 83B3     00000001 HP   00000001)
Aug 18 13:24:26 pop-os kernel: [    0.018626] ACPI: HPET 0x00000000B7FD7000 000038 (v01 HPQOEM 83B3     00000001 HP   00000001)
Aug 18 13:24:26 pop-os kernel: [    0.018632] ACPI: APIC 0x00000000B7FD6000 00012C (v03 HPQOEM 83B3     00000001 HP   00000001)
Aug 18 13:24:26 pop-os kernel: [    0.018639] ACPI: MCFG 0x00000000B7FD5000 00003C (v01 HPQOEM 83B3     00000001 HP   00000001)
Aug 18 13:24:26 pop-os kernel: [    0.018645] ACPI: SSDT 0x00000000B7FB1000 0001BC (v02 HPQOEM Sata0Ide 00001000 INTL 20160527)
Aug 18 13:24:26 pop-os kernel: [    0.018652] ACPI: SSDT 0x00000000B7FB0000 000734 (v01 HPQOEM PtidDevc 00001000 INTL 20160527)
Aug 18 13:24:26 pop-os kernel: [    0.018658] ACPI: SSDT 0x00000000B7FAB000 00417C (v02 DptfTa DptfTabl 00001000 INTL 20160527)
Aug 18 13:24:26 pop-os kernel: [    0.018665] ACPI: SSDT 0x00000000B7FA5000 004163 (v02 GddvDu GddvDumm 00001000 INTL 20160527)
Aug 18 13:24:26 pop-os kernel: [    0.018672] ACPI: SSDT 0x00000000B7FA3000 0017AE (v02 CpuRef CpuSsdt  00003000 INTL 20160527)
Aug 18 13:24:26 pop-os kernel: [    0.018678] ACPI: SSDT 0x00000000B7FFD000 0009CF (v02 CtdpB  CtdpB    00001000 INTL 20160527)
Aug 18 13:24:26 pop-os kernel: [    0.018685] ACPI: SSDT 0x00000000B7FA2000 000141 (v02 INTEL  HdaDsp   00000000 INTL 20160527)
Aug 18 13:24:26 pop-os kernel: [    0.018691] ACPI: SSDT 0x00000000B7FA1000 00029F (v02 INTEL  sensrhub 00000000 INTL 20160527)
Aug 18 13:24:26 pop-os kernel: [    0.018698] ACPI: SSDT 0x00000000B7FA0000 000346 (v01 INTEL  EInkApp  00000000 INTL 20160527)
Aug 18 13:24:26 pop-os kernel: [    0.018704] ACPI: SSDT 0x00000000B7F9F000 000358 (v02 INTEL  AMLY4ISH 00000000 INTL 20160527)
Aug 18 13:24:26 pop-os kernel: [    0.018711] ACPI: SSDT 0x00000000B7F9E000 0003C8 (v02 INTEL  Wwan     00000001 INTL 20160527)
Aug 18 13:24:26 pop-os kernel: [    0.018717] ACPI: DBGP 0x00000000B7F9D000 000034 (v01 INTEL           00000002 MSFT 0000005F)
Aug 18 13:24:26 pop-os kernel: [    0.018724] ACPI: DBG2 0x00000000B7F9C000 000054 (v00 INTEL           00000002 MSFT 0000005F)
Aug 18 13:24:26 pop-os kernel: [    0.018730] ACPI: DMAR 0x00000000B7F9B000 0000A8 (v01 INTEL  KBL      00000001 INTL 00000001)
Aug 18 13:24:26 pop-os kernel: [    0.018737] ACPI: SSDT 0x00000000B7F96000 004BF2 (v02 HP     HPTBT    00001000 INTL 20160527)
Aug 18 13:24:26 pop-os kernel: [    0.018743] ACPI: NHLT 0x00000000B7F95000 00002D (v00 INTEL  KBL      00000002      01000013)
Aug 18 13:24:26 pop-os kernel: [    0.018750] ACPI: SSDT 0x00000000B7F94000 00010E (v01 HP     HPSANIMD 00001000 INTL 20160527)
Aug 18 13:24:26 pop-os kernel: [    0.018757] ACPI: SSDT 0x00000000B7F93000 000D26 (v01 HP     HPINNBWL 00001000 INTL 20160527)
Aug 18 13:24:26 pop-os kernel: [    0.018763] ACPI: SSDT 0x00000000B7F92000 000032 (v01 HP     HPCONDEV 00001000 INTL 20160527)
Aug 18 13:24:26 pop-os kernel: [    0.018769] ACPI: SSDT 0x00000000B7F91000 000069 (v01 HP     HPCAHWID 00001000 INTL 20160527)
Aug 18 13:24:26 pop-os kernel: [    0.018776] ACPI: ASF! 0x00000000B7F90000 0000A0 (v32 HPQOEM  UYA     00000001 TFSM 000F4240)
Aug 18 13:24:26 pop-os kernel: [    0.018783] ACPI: FPDT 0x00000000B7F8F000 000044 (v01 HPQOEM EDK2     00000002      01000013)
Aug 18 13:24:26 pop-os kernel: [    0.018789] ACPI: BGRT 0x00000000B7F8E000 000038 (v01 HPQOEM EDK2     00000002      01000013)
Aug 18 13:24:26 pop-os kernel: [    0.018795] ACPI: SSDT 0x00000000B7FDC000 0002F9 (v02 HP     PwrCtlEv 00000001 INTL 20160527)
Aug 18 13:24:26 pop-os kernel: [    0.018801] ACPI: Reserving FACP table memory at [mem 0xb7fd8000-0xb7fd810b]
Aug 18 13:24:26 pop-os kernel: [    0.018804] ACPI: Reserving DSDT table memory at [mem 0xb7fb2000-0xb7fd4575]
Aug 18 13:24:26 pop-os kernel: [    0.018806] ACPI: Reserving FACS table memory at [mem 0xb7f64000-0xb7f6403f]
Aug 18 13:24:26 pop-os kernel: [    0.018807] ACPI: Reserving SSDT table memory at [mem 0xb7ffc000-0xb7ffc129]
Aug 18 13:24:26 pop-os kernel: [    0.018809] ACPI: Reserving RTMA table memory at [mem 0xb7ffb000-0xb7ffb09d]
Aug 18 13:24:26 pop-os kernel: [    0.018810] ACPI: Reserving SSDT table memory at [mem 0xb7fe6000-0xb7ffa5e7]
Aug 18 13:24:26 pop-os kernel: [    0.018812] ACPI: Reserving SSDT table memory at [mem 0xb7fe5000-0xb7fe5f24]
Aug 18 13:24:26 pop-os kernel: [    0.018814] ACPI: Reserving SSDT table memory at [mem 0xb7fe4000-0xb7fe40fa]
Aug 18 13:24:26 pop-os kernel: [    0.018815] ACPI: Reserving UEFI table memory at [mem 0xb7f75000-0xb7f75041]
Aug 18 13:24:26 pop-os kernel: [    0.018817] ACPI: Reserving OEML table memory at [mem 0xb7fe3000-0xb7fe3027]
Aug 18 13:24:26 pop-os kernel: [    0.018818] ACPI: Reserving SSDT table memory at [mem 0xb7fe2000-0xb7fe23c7]
Aug 18 13:24:26 pop-os kernel: [    0.018820] ACPI: Reserving TPM2 table memory at [mem 0xb7fe1000-0xb7fe1033]
Aug 18 13:24:26 pop-os kernel: [    0.018821] ACPI: Reserving SSDT table memory at [mem 0xb7fdd000-0xb7fe02d5]
Aug 18 13:24:26 pop-os kernel: [    0.018823] ACPI: Reserving MSDM table memory at [mem 0xb7fdb000-0xb7fdb054]
Aug 18 13:24:26 pop-os kernel: [    0.018825] ACPI: Reserving SLIC table memory at [mem 0xb7fda000-0xb7fda175]
Aug 18 13:24:26 pop-os kernel: [    0.018826] ACPI: Reserving WSMT table memory at [mem 0xb7fd9000-0xb7fd9027]
Aug 18 13:24:26 pop-os kernel: [    0.018828] ACPI: Reserving HPET table memory at [mem 0xb7fd7000-0xb7fd7037]
Aug 18 13:24:26 pop-os kernel: [    0.018829] ACPI: Reserving APIC table memory at [mem 0xb7fd6000-0xb7fd612b]
Aug 18 13:24:26 pop-os kernel: [    0.018831] ACPI: Reserving MCFG table memory at [mem 0xb7fd5000-0xb7fd503b]
Aug 18 13:24:26 pop-os kernel: [    0.018833] ACPI: Reserving SSDT table memory at [mem 0xb7fb1000-0xb7fb11bb]
Aug 18 13:24:26 pop-os kernel: [    0.018834] ACPI: Reserving SSDT table memory at [mem 0xb7fb0000-0xb7fb0733]
Aug 18 13:24:26 pop-os kernel: [    0.018836] ACPI: Reserving SSDT table memory at [mem 0xb7fab000-0xb7faf17b]
Aug 18 13:24:26 pop-os kernel: [    0.018838] ACPI: Reserving SSDT table memory at [mem 0xb7fa5000-0xb7fa9162]
Aug 18 13:24:26 pop-os kernel: [    0.018839] ACPI: Reserving SSDT table memory at [mem 0xb7fa3000-0xb7fa47ad]
Aug 18 13:24:26 pop-os kernel: [    0.018841] ACPI: Reserving SSDT table memory at [mem 0xb7ffd000-0xb7ffd9ce]
Aug 18 13:24:26 pop-os kernel: [    0.018842] ACPI: Reserving SSDT table memory at [mem 0xb7fa2000-0xb7fa2140]
Aug 18 13:24:26 pop-os kernel: [    0.018844] ACPI: Reserving SSDT table memory at [mem 0xb7fa1000-0xb7fa129e]
Aug 18 13:24:26 pop-os kernel: [    0.018845] ACPI: Reserving SSDT table memory at [mem 0xb7fa0000-0xb7fa0345]
Aug 18 13:24:26 pop-os kernel: [    0.018847] ACPI: Reserving SSDT table memory at [mem 0xb7f9f000-0xb7f9f357]
Aug 18 13:24:26 pop-os kernel: [    0.018849] ACPI: Reserving SSDT table memory at [mem 0xb7f9e000-0xb7f9e3c7]
Aug 18 13:24:26 pop-os kernel: [    0.018850] ACPI: Reserving DBGP table memory at [mem 0xb7f9d000-0xb7f9d033]
Aug 18 13:24:26 pop-os kernel: [    0.018852] ACPI: Reserving DBG2 table memory at [mem 0xb7f9c000-0xb7f9c053]
Aug 18 13:24:26 pop-os kernel: [    0.018853] ACPI: Reserving DMAR table memory at [mem 0xb7f9b000-0xb7f9b0a7]
Aug 18 13:24:26 pop-os kernel: [    0.018855] ACPI: Reserving SSDT table memory at [mem 0xb7f96000-0xb7f9abf1]
Aug 18 13:24:26 pop-os kernel: [    0.018857] ACPI: Reserving NHLT table memory at [mem 0xb7f95000-0xb7f9502c]
Aug 18 13:24:26 pop-os kernel: [    0.018858] ACPI: Reserving SSDT table memory at [mem 0xb7f94000-0xb7f9410d]
Aug 18 13:24:26 pop-os kernel: [    0.018860] ACPI: Reserving SSDT table memory at [mem 0xb7f93000-0xb7f93d25]
Aug 18 13:24:26 pop-os kernel: [    0.018861] ACPI: Reserving SSDT table memory at [mem 0xb7f92000-0xb7f92031]
Aug 18 13:24:26 pop-os kernel: [    0.018863] ACPI: Reserving SSDT table memory at [mem 0xb7f91000-0xb7f91068]
Aug 18 13:24:26 pop-os kernel: [    0.018865] ACPI: Reserving ASF! table memory at [mem 0xb7f90000-0xb7f9009f]
Aug 18 13:24:26 pop-os kernel: [    0.018866] ACPI: Reserving FPDT table memory at [mem 0xb7f8f000-0xb7f8f043]
Aug 18 13:24:26 pop-os kernel: [    0.018868] ACPI: Reserving BGRT table memory at [mem 0xb7f8e000-0xb7f8e037]
Aug 18 13:24:26 pop-os kernel: [    0.018870] ACPI: Reserving SSDT table memory at [mem 0xb7fdc000-0xb7fdc2f8]
Aug 18 13:24:26 pop-os kernel: [    0.019259] No NUMA configuration found
Aug 18 13:24:26 pop-os kernel: [    0.019261] Faking a node at [mem 0x0000000000000000-0x000000023f7fffff]
Aug 18 13:24:26 pop-os kernel: [    0.019281] NODE_DATA(0) allocated [mem 0x23f7d5000-0x23f7fffff]
Aug 18 13:24:26 pop-os kernel: [    0.019647] Zone ranges:
Aug 18 13:24:26 pop-os kernel: [    0.019648]   DMA      [mem 0x0000000000001000-0x0000000000ffffff]
Aug 18 13:24:26 pop-os kernel: [    0.019652]   DMA32    [mem 0x0000000001000000-0x00000000ffffffff]
Aug 18 13:24:26 pop-os kernel: [    0.019656]   Normal   [mem 0x0000000100000000-0x000000023f7fffff]
Aug 18 13:24:26 pop-os kernel: [    0.019658]   Device   empty
Aug 18 13:24:26 pop-os kernel: [    0.019660] Movable zone start for each node
Aug 18 13:24:26 pop-os kernel: [    0.019664] Early memory node ranges
Aug 18 13:24:26 pop-os kernel: [    0.019665]   node   0: [mem 0x0000000000001000-0x0000000000057fff]
Aug 18 13:24:26 pop-os kernel: [    0.019668]   node   0: [mem 0x0000000000059000-0x000000000009dfff]
Aug 18 13:24:26 pop-os kernel: [    0.019669]   node   0: [mem 0x000000000009f000-0x000000000009ffff]
Aug 18 13:24:26 pop-os kernel: [    0.019671]   node   0: [mem 0x0000000000100000-0x000000003fffffff]
Aug 18 13:24:26 pop-os kernel: [    0.019673]   node   0: [mem 0x0000000040400000-0x000000009797dfff]
Aug 18 13:24:26 pop-os kernel: [    0.019675]   node   0: [mem 0x000000009797f000-0x0000000097cf7fff]
Aug 18 13:24:26 pop-os kernel: [    0.019676]   node   0: [mem 0x0000000097cf9000-0x00000000a5663fff]
Aug 18 13:24:26 pop-os kernel: [    0.019678]   node   0: [mem 0x00000000a5666000-0x00000000b6f9afff]
Aug 18 13:24:26 pop-os kernel: [    0.019679]   node   0: [mem 0x00000000b7fff000-0x00000000b7ffffff]
Aug 18 13:24:26 pop-os kernel: [    0.019681]   node   0: [mem 0x0000000100000000-0x000000023f7fffff]
Aug 18 13:24:26 pop-os kernel: [    0.019684] Initmem setup node 0 [mem 0x0000000000001000-0x000000023f7fffff]
Aug 18 13:24:26 pop-os kernel: [    0.019692] On node 0, zone DMA: 1 pages in unavailable ranges
Aug 18 13:24:26 pop-os kernel: [    0.019695] On node 0, zone DMA: 1 pages in unavailable ranges
Aug 18 13:24:26 pop-os kernel: [    0.019696] On node 0, zone DMA: 1 pages in unavailable ranges
Aug 18 13:24:26 pop-os kernel: [    0.019738] On node 0, zone DMA: 96 pages in unavailable ranges
Aug 18 13:24:26 pop-os kernel: [    0.028761] On node 0, zone DMA32: 1024 pages in unavailable ranges
Aug 18 13:24:26 pop-os kernel: [    0.028776] On node 0, zone DMA32: 1 pages in unavailable ranges
Aug 18 13:24:26 pop-os kernel: [    0.029577] On node 0, zone DMA32: 1 pages in unavailable ranges
Aug 18 13:24:26 pop-os kernel: [    0.030644] On node 0, zone DMA32: 2 pages in unavailable ranges
Aug 18 13:24:26 pop-os kernel: [    0.030717] On node 0, zone DMA32: 4196 pages in unavailable ranges
Aug 18 13:24:26 pop-os kernel: [    0.050180] On node 0, zone Normal: 2048 pages in unavailable ranges
Aug 18 13:24:26 pop-os kernel: [    0.050196] Reserving Intel graphics memory at [mem 0xbc800000-0xbe7fffff]
Aug 18 13:24:26 pop-os kernel: [    0.050758] ACPI: PM-Timer IO Port: 0x1808
Aug 18 13:24:26 pop-os kernel: [    0.050774] ACPI: LAPIC_NMI (acpi_id[0x01] high edge lint[0x1])
Aug 18 13:24:26 pop-os kernel: [    0.050777] ACPI: LAPIC_NMI (acpi_id[0x02] high edge lint[0x1])
Aug 18 13:24:26 pop-os kernel: [    0.050778] ACPI: LAPIC_NMI (acpi_id[0x03] high edge lint[0x1])
Aug 18 13:24:26 pop-os kernel: [    0.050780] ACPI: LAPIC_NMI (acpi_id[0x04] high edge lint[0x1])
Aug 18 13:24:26 pop-os kernel: [    0.050781] ACPI: LAPIC_NMI (acpi_id[0x05] high edge lint[0x1])
Aug 18 13:24:26 pop-os kernel: [    0.050783] ACPI: LAPIC_NMI (acpi_id[0x06] high edge lint[0x1])
Aug 18 13:24:26 pop-os kernel: [    0.050784] ACPI: LAPIC_NMI (acpi_id[0x07] high edge lint[0x1])
Aug 18 13:24:26 pop-os kernel: [    0.050786] ACPI: LAPIC_NMI (acpi_id[0x08] high edge lint[0x1])
Aug 18 13:24:26 pop-os kernel: [    0.050787] ACPI: LAPIC_NMI (acpi_id[0x09] high edge lint[0x1])
Aug 18 13:24:26 pop-os kernel: [    0.050789] ACPI: LAPIC_NMI (acpi_id[0x0a] high edge lint[0x1])
Aug 18 13:24:26 pop-os kernel: [    0.050790] ACPI: LAPIC_NMI (acpi_id[0x0b] high edge lint[0x1])
Aug 18 13:24:26 pop-os kernel: [    0.050792] ACPI: LAPIC_NMI (acpi_id[0x0c] high edge lint[0x1])
Aug 18 13:24:26 pop-os kernel: [    0.050793] ACPI: LAPIC_NMI (acpi_id[0x0d] high edge lint[0x1])
Aug 18 13:24:26 pop-os kernel: [    0.050795] ACPI: LAPIC_NMI (acpi_id[0x0e] high edge lint[0x1])
Aug 18 13:24:26 pop-os kernel: [    0.050796] ACPI: LAPIC_NMI (acpi_id[0x0f] high edge lint[0x1])
Aug 18 13:24:26 pop-os kernel: [    0.050797] ACPI: LAPIC_NMI (acpi_id[0x10] high edge lint[0x1])
Aug 18 13:24:26 pop-os kernel: [    0.050830] IOAPIC[0]: apic_id 2, version 32, address 0xfec00000, GSI 0-119
Aug 18 13:24:26 pop-os kernel: [    0.050836] ACPI: INT_SRC_OVR (bus 0 bus_irq 0 global_irq 2 dfl dfl)
Aug 18 13:24:26 pop-os kernel: [    0.050839] ACPI: INT_SRC_OVR (bus 0 bus_irq 9 global_irq 9 high level)
Aug 18 13:24:26 pop-os kernel: [    0.050848] ACPI: Using ACPI (MADT) for SMP configuration information
Aug 18 13:24:26 pop-os kernel: [    0.050851] ACPI: HPET id: 0x8086a201 base: 0xfed00000
Aug 18 13:24:26 pop-os kernel: [    0.050863] e820: update [mem 0xb242c000-0xb2454fff] usable ==> reserved
Aug 18 13:24:26 pop-os kernel: [    0.050890] TSC deadline timer available
Aug 18 13:24:26 pop-os kernel: [    0.050891] smpboot: Allowing 8 CPUs, 0 hotplug CPUs
Aug 18 13:24:26 pop-os kernel: [    0.050933] PM: hibernation: Registered nosave memory: [mem 0x00000000-0x00000fff]
Aug 18 13:24:26 pop-os kernel: [    0.050938] PM: hibernation: Registered nosave memory: [mem 0x00058000-0x00058fff]
Aug 18 13:24:26 pop-os kernel: [    0.050941] PM: hibernation: Registered nosave memory: [mem 0x0009e000-0x0009efff]
Aug 18 13:24:26 pop-os kernel: [    0.050945] PM: hibernation: Registered nosave memory: [mem 0x000a0000-0x000fffff]
Aug 18 13:24:26 pop-os kernel: [    0.050948] PM: hibernation: Registered nosave memory: [mem 0x40000000-0x403fffff]
Aug 18 13:24:26 pop-os kernel: [    0.050952] PM: hibernation: Registered nosave memory: [mem 0x9797e000-0x9797efff]
Aug 18 13:24:26 pop-os kernel: [    0.050955] PM: hibernation: Registered nosave memory: [mem 0x97cf8000-0x97cf8fff]
Aug 18 13:24:26 pop-os kernel: [    0.050958] PM: hibernation: Registered nosave memory: [mem 0xa0fd6000-0xa0fd6fff]
Aug 18 13:24:26 pop-os kernel: [    0.050962] PM: hibernation: Registered nosave memory: [mem 0xa0fe6000-0xa0fe6fff]
Aug 18 13:24:26 pop-os kernel: [    0.050965] PM: hibernation: Registered nosave memory: [mem 0xa5664000-0xa5664fff]
Aug 18 13:24:26 pop-os kernel: [    0.050967] PM: hibernation: Registered nosave memory: [mem 0xa5665000-0xa5665fff]
Aug 18 13:24:26 pop-os kernel: [    0.050970] PM: hibernation: Registered nosave memory: [mem 0xb242c000-0xb2454fff]
Aug 18 13:24:26 pop-os kernel: [    0.050974] PM: hibernation: Registered nosave memory: [mem 0xb6f9b000-0xb7d7efff]
Aug 18 13:24:26 pop-os kernel: [    0.050975] PM: hibernation: Registered nosave memory: [mem 0xb7d7f000-0xb7f7efff]
Aug 18 13:24:26 pop-os kernel: [    0.050977] PM: hibernation: Registered nosave memory: [mem 0xb7f7f000-0xb7ffefff]
Aug 18 13:24:26 pop-os kernel: [    0.050980] PM: hibernation: Registered nosave memory: [mem 0xb8000000-0xbe7fffff]
Aug 18 13:24:26 pop-os kernel: [    0.050982] PM: hibernation: Registered nosave memory: [mem 0xbe800000-0xfe00ffff]
Aug 18 13:24:26 pop-os kernel: [    0.050983] PM: hibernation: Registered nosave memory: [mem 0xfe010000-0xfe010fff]
Aug 18 13:24:26 pop-os kernel: [    0.050985] PM: hibernation: Registered nosave memory: [mem 0xfe011000-0xffffffff]
Aug 18 13:24:26 pop-os kernel: [    0.050987] [mem 0xbe800000-0xfe00ffff] available for PCI devices
Aug 18 13:24:26 pop-os kernel: [    0.050990] Booting paravirtualized kernel on bare hardware
Aug 18 13:24:26 pop-os kernel: [    0.050993] clocksource: refined-jiffies: mask: 0xffffffff max_cycles: 0xffffffff, max_idle_ns: 7645519600211568 ns
Aug 18 13:24:26 pop-os kernel: [    0.051007] setup_percpu: NR_CPUS:8192 nr_cpumask_bits:8 nr_cpu_ids:8 nr_node_ids:1
Aug 18 13:24:26 pop-os kernel: [    0.052401] percpu: Embedded 86 pages/cpu s229376 r8192 d114688 u524288
Aug 18 13:24:26 pop-os kernel: [    0.052416] pcpu-alloc: s229376 r8192 d114688 u524288 alloc=1*2097152
Aug 18 13:24:26 pop-os kernel: [    0.052420] pcpu-alloc: [0] 0 1 2 3 [0] 4 5 6 7 
Aug 18 13:24:26 pop-os kernel: [    0.052468] Kernel command line: initrd=\EFI\Pop_OS-d047bce4-63ac-4071-b369-ee7b521891b8\initrd.img root=UUID=d047bce4-63ac-4071-b369-ee7b521891b8 ro quiet loglevel=0 systemd.show_status=false splash
Aug 18 13:24:26 pop-os kernel: [    0.052657] Unknown kernel command line parameters "splash", will be passed to user space.
Aug 18 13:24:26 pop-os kernel: [    0.054635] Dentry cache hash table entries: 1048576 (order: 11, 8388608 bytes, linear)
Aug 18 13:24:26 pop-os kernel: [    0.055620] Inode-cache hash table entries: 524288 (order: 10, 4194304 bytes, linear)
Aug 18 13:24:26 pop-os kernel: [    0.055873] Fallback order for Node 0: 0 
Aug 18 13:24:26 pop-os kernel: [    0.055878] Built 1 zonelists, mobility grouping on.  Total pages: 2023689
Aug 18 13:24:26 pop-os kernel: [    0.055880] Policy zone: Normal
Aug 18 13:24:26 pop-os kernel: [    0.055889] mem auto-init: stack:all(zero), heap alloc:on, heap free:off
Aug 18 13:24:26 pop-os kernel: [    0.055903] software IO TLB: area num 8.
Aug 18 13:24:26 pop-os kernel: [    0.128113] Memory: 7785500K/8228052K available (20480K kernel code, 4429K rwdata, 13784K rodata, 4940K init, 4788K bss, 442292K reserved, 0K cma-reserved)
Aug 18 13:24:26 pop-os kernel: [    0.129939] SLUB: HWalign=64, Order=0-3, MinObjects=0, CPUs=8, Nodes=1
Aug 18 13:24:26 pop-os kernel: [    0.129961] Kernel/User page tables isolation: enabled
Aug 18 13:24:26 pop-os kernel: [    0.130020] ftrace: allocating 57534 entries in 225 pages
Aug 18 13:24:26 pop-os kernel: [    0.147018] ftrace: allocated 225 pages with 4 groups
Aug 18 13:24:26 pop-os kernel: [    0.148438] Dynamic Preempt: voluntary
Aug 18 13:24:26 pop-os kernel: [    0.148563] rcu: Preemptible hierarchical RCU implementation.
Aug 18 13:24:26 pop-os kernel: [    0.148564] rcu: 	RCU restricting CPUs from NR_CPUS=8192 to nr_cpu_ids=8.
Aug 18 13:24:26 pop-os kernel: [    0.148567] 	Trampoline variant of Tasks RCU enabled.
Aug 18 13:24:26 pop-os kernel: [    0.148568] 	Rude variant of Tasks RCU enabled.
Aug 18 13:24:26 pop-os kernel: [    0.148569] 	Tracing variant of Tasks RCU enabled.
Aug 18 13:24:26 pop-os kernel: [    0.148570] rcu: RCU calculated value of scheduler-enlistment delay is 25 jiffies.
Aug 18 13:24:26 pop-os kernel: [    0.148571] rcu: Adjusting geometry for rcu_fanout_leaf=16, nr_cpu_ids=8
Aug 18 13:24:26 pop-os kernel: [    0.154014] NR_IRQS: 524544, nr_irqs: 2048, preallocated irqs: 16
Aug 18 13:24:26 pop-os kernel: [    0.154315] rcu: srcu_init: Setting srcu_struct sizes based on contention.
Aug 18 13:24:26 pop-os kernel: [    0.154545] Console: colour dummy device 80x25
Aug 18 13:24:26 pop-os kernel: [    0.154549] printk: legacy console [tty0] enabled
Aug 18 13:24:26 pop-os kernel: [    0.154654] ACPI: Core revision 20230628
Aug 18 13:24:26 pop-os kernel: [    0.155247] hpet: HPET dysfunctional in PC10. Force disabled.
Aug 18 13:24:26 pop-os kernel: [    0.155250] APIC: Switch to symmetric I/O mode setup
Aug 18 13:24:26 pop-os kernel: [    0.155253] DMAR: Host address width 39
Aug 18 13:24:26 pop-os kernel: [    0.155255] DMAR: DRHD base: 0x000000fed90000 flags: 0x0
Aug 18 13:24:26 pop-os kernel: [    0.155274] DMAR: dmar0: reg_base_addr fed90000 ver 1:0 cap 1c0000c40660462 ecap 19e2ff0505e
Aug 18 13:24:26 pop-os kernel: [    0.155279] DMAR: DRHD base: 0x000000fed91000 flags: 0x1
Aug 18 13:24:26 pop-os kernel: [    0.155287] DMAR: dmar1: reg_base_addr fed91000 ver 1:0 cap d2008c40660462 ecap f050da
Aug 18 13:24:26 pop-os kernel: [    0.155291] DMAR: RMRR base: 0x000000b7c4b000 end: 0x000000b7c6afff
Aug 18 13:24:26 pop-os kernel: [    0.155294] DMAR: RMRR base: 0x000000bc000000 end: 0x000000be7fffff
Aug 18 13:24:26 pop-os kernel: [    0.155297] DMAR-IR: IOAPIC id 2 under DRHD base  0xfed91000 IOMMU 1
Aug 18 13:24:26 pop-os kernel: [    0.155300] DMAR-IR: HPET id 0 under DRHD base 0xfed91000
Aug 18 13:24:26 pop-os kernel: [    0.155302] DMAR-IR: Queued invalidation will be enabled to support x2apic and Intr-remapping.
Aug 18 13:24:26 pop-os kernel: [    0.157498] DMAR-IR: Enabled IRQ remapping in x2apic mode
Aug 18 13:24:26 pop-os kernel: [    0.157501] x2apic enabled
Aug 18 13:24:26 pop-os kernel: [    0.157623] APIC: Switched APIC routing to: cluster x2apic
Aug 18 13:24:26 pop-os kernel: [    0.161562] clocksource: tsc-early: mask: 0xffffffffffffffff max_cycles: 0x36c5f9386c6, max_idle_ns: 881590416379 ns
Aug 18 13:24:26 pop-os kernel: [    0.161573] Calibrating delay loop (skipped), value calculated using timer frequency.. 3799.90 BogoMIPS (lpj=7599800)
Aug 18 13:24:26 pop-os kernel: [    0.161614] x86/cpu: SGX disabled by BIOS.
Aug 18 13:24:26 pop-os kernel: [    0.161623] CPU0: Thermal monitoring enabled (TM1)
Aug 18 13:24:26 pop-os kernel: [    0.161707] process: using mwait in idle threads
Aug 18 13:24:26 pop-os kernel: [    0.161713] Last level iTLB entries: 4KB 64, 2MB 8, 4MB 8
Aug 18 13:24:26 pop-os kernel: [    0.161715] Last level dTLB entries: 4KB 64, 2MB 0, 4MB 0, 1GB 4
Aug 18 13:24:26 pop-os kernel: [    0.161723] Spectre V1 : Mitigation: usercopy/swapgs barriers and __user pointer sanitization
Aug 18 13:24:26 pop-os kernel: [    0.161728] Spectre V2 : Mitigation: IBRS
Aug 18 13:24:26 pop-os kernel: [    0.161729] Spectre V2 : Spectre v2 / SpectreRSB mitigation: Filling RSB on context switch
Aug 18 13:24:26 pop-os kernel: [    0.161731] Spectre V2 : Spectre v2 / SpectreRSB : Filling RSB on VMEXIT
Aug 18 13:24:26 pop-os kernel: [    0.161733] RETBleed: Mitigation: IBRS
Aug 18 13:24:26 pop-os kernel: [    0.161736] Spectre V2 : mitigation: Enabling conditional Indirect Branch Prediction Barrier
Aug 18 13:24:26 pop-os kernel: [    0.161739] Spectre V2 : User space: Mitigation: STIBP via prctl
Aug 18 13:24:26 pop-os kernel: [    0.161742] Speculative Store Bypass: Mitigation: Speculative Store Bypass disabled via prctl
Aug 18 13:24:26 pop-os kernel: [    0.161754] MDS: Mitigation: Clear CPU buffers
Aug 18 13:24:26 pop-os kernel: [    0.161756] TAA: Mitigation: TSX disabled
Aug 18 13:24:26 pop-os kernel: [    0.161758] MMIO Stale Data: Mitigation: Clear CPU buffers
Aug 18 13:24:26 pop-os kernel: [    0.161767] SRBDS: Mitigation: Microcode
Aug 18 13:24:26 pop-os kernel: [    0.161779] GDS: Mitigation: Microcode
Aug 18 13:24:26 pop-os kernel: [    0.161790] x86/fpu: Supporting XSAVE feature 0x001: 'x87 floating point registers'
Aug 18 13:24:26 pop-os kernel: [    0.161793] x86/fpu: Supporting XSAVE feature 0x002: 'SSE registers'
Aug 18 13:24:26 pop-os kernel: [    0.161796] x86/fpu: Supporting XSAVE feature 0x004: 'AVX registers'
Aug 18 13:24:26 pop-os kernel: [    0.161798] x86/fpu: Supporting XSAVE feature 0x008: 'MPX bounds registers'
Aug 18 13:24:26 pop-os kernel: [    0.161801] x86/fpu: Supporting XSAVE feature 0x010: 'MPX CSR'
Aug 18 13:24:26 pop-os kernel: [    0.161804] x86/fpu: xstate_offset[2]:  576, xstate_sizes[2]:  256
Aug 18 13:24:26 pop-os kernel: [    0.161808] x86/fpu: xstate_offset[3]:  832, xstate_sizes[3]:   64
Aug 18 13:24:26 pop-os kernel: [    0.161811] x86/fpu: xstate_offset[4]:  896, xstate_sizes[4]:   64
Aug 18 13:24:26 pop-os kernel: [    0.161814] x86/fpu: Enabled xstate features 0x1f, context size is 960 bytes, using 'compacted' format.
Aug 18 13:24:26 pop-os kernel: [    0.165568] Freeing SMP alternatives memory: 44K
Aug 18 13:24:26 pop-os kernel: [    0.165568] pid_max: default: 32768 minimum: 301
Aug 18 13:24:26 pop-os kernel: [    0.165568] LSM: initializing lsm=lockdown,capability,landlock,yama,apparmor,integrity
Aug 18 13:24:26 pop-os kernel: [    0.165568] landlock: Up and running.
Aug 18 13:24:26 pop-os kernel: [    0.165568] Yama: becoming mindful.
Aug 18 13:24:26 pop-os kernel: [    0.165568] AppArmor: AppArmor initialized
Aug 18 13:24:26 pop-os kernel: [    0.165568] Mount-cache hash table entries: 16384 (order: 5, 131072 bytes, linear)
Aug 18 13:24:26 pop-os kernel: [    0.165568] Mountpoint-cache hash table entries: 16384 (order: 5, 131072 bytes, linear)
Aug 18 13:24:26 pop-os kernel: [    0.165568] smpboot: CPU0: Intel(R) Core(TM) i5-8350U CPU @ 1.70GHz (family: 0x6, model: 0x8e, stepping: 0xa)
Aug 18 13:24:26 pop-os kernel: [    0.165568] RCU Tasks: Setting shift to 3 and lim to 1 rcu_task_cb_adjust=1.
Aug 18 13:24:26 pop-os kernel: [    0.165568] RCU Tasks Rude: Setting shift to 3 and lim to 1 rcu_task_cb_adjust=1.
Aug 18 13:24:26 pop-os kernel: [    0.165568] RCU Tasks Trace: Setting shift to 3 and lim to 1 rcu_task_cb_adjust=1.
Aug 18 13:24:26 pop-os kernel: [    0.165568] Performance Events: PEBS fmt3+, Skylake events, 32-deep LBR, full-width counters, Intel PMU driver.
Aug 18 13:24:26 pop-os kernel: [    0.165568] ... version:                4
Aug 18 13:24:26 pop-os kernel: [    0.165568] ... bit width:              48
Aug 18 13:24:26 pop-os kernel: [    0.165568] ... generic registers:      4
Aug 18 13:24:26 pop-os kernel: [    0.165568] ... value mask:             0000ffffffffffff
Aug 18 13:24:26 pop-os kernel: [    0.165568] ... max period:             00007fffffffffff
Aug 18 13:24:26 pop-os kernel: [    0.165568] ... fixed-purpose events:   3
Aug 18 13:24:26 pop-os kernel: [    0.165568] ... event mask:             000000070000000f
Aug 18 13:24:26 pop-os kernel: [    0.165568] signal: max sigframe size: 2032
Aug 18 13:24:26 pop-os kernel: [    0.165568] Estimated ratio of average max frequency by base frequency (times 1024): 1940
Aug 18 13:24:26 pop-os kernel: [    0.165568] rcu: Hierarchical SRCU implementation.
Aug 18 13:24:26 pop-os kernel: [    0.165568] rcu: 	Max phase no-delay instances is 1000.
Aug 18 13:24:26 pop-os kernel: [    0.165568] NMI watchdog: Enabled. Permanently consumes one hw-PMU counter.
Aug 18 13:24:26 pop-os kernel: [    0.165568] smp: Bringing up secondary CPUs ...
Aug 18 13:24:26 pop-os kernel: [    0.165568] smpboot: x86: Booting SMP configuration:
Aug 18 13:24:26 pop-os kernel: [    0.165568] .... node  #0, CPUs:      #1 #2 #3 #4 #5 #6 #7
Aug 18 13:24:26 pop-os kernel: [    0.167041] MDS CPU bug present and SMT on, data leak possible. See https://www.kernel.org/doc/html/latest/admin-guide/hw-vuln/mds.html for more details.
Aug 18 13:24:26 pop-os kernel: [    0.167041] MMIO Stale Data CPU bug present and SMT on, data leak possible. See https://www.kernel.org/doc/html/latest/admin-guide/hw-vuln/processor_mmio_stale_data.html for more details.
Aug 18 13:24:26 pop-os kernel: [    0.167041] smp: Brought up 1 node, 8 CPUs
Aug 18 13:24:26 pop-os kernel: [    0.167041] smpboot: Max logical packages: 1
Aug 18 13:24:26 pop-os kernel: [    0.167041] smpboot: Total of 8 processors activated (30399.20 BogoMIPS)
Aug 18 13:24:26 pop-os kernel: [    0.170046] devtmpfs: initialized
Aug 18 13:24:26 pop-os kernel: [    0.170046] x86/mm: Memory block size: 128MB
Aug 18 13:24:26 pop-os kernel: [    0.171784] ACPI: PM: Registering ACPI NVS region [mem 0xa5664000-0xa5664fff] (4096 bytes)
Aug 18 13:24:26 pop-os kernel: [    0.171784] ACPI: PM: Registering ACPI NVS region [mem 0xb7d7f000-0xb7f7efff] (2097152 bytes)
Aug 18 13:24:26 pop-os kernel: [    0.171784] clocksource: jiffies: mask: 0xffffffff max_cycles: 0xffffffff, max_idle_ns: 7645041785100000 ns
Aug 18 13:24:26 pop-os kernel: [    0.171784] futex hash table entries: 2048 (order: 5, 131072 bytes, linear)
Aug 18 13:24:26 pop-os kernel: [    0.171784] pinctrl core: initialized pinctrl subsystem
Aug 18 13:24:26 pop-os kernel: [    0.171784] PM: RTC time: 13:24:06, date: 2024-08-18
Aug 18 13:24:26 pop-os kernel: [    0.174067] NET: Registered PF_NETLINK/PF_ROUTE protocol family
Aug 18 13:24:26 pop-os kernel: [    0.174524] DMA: preallocated 1024 KiB GFP_KERNEL pool for atomic allocations
Aug 18 13:24:26 pop-os kernel: [    0.174632] DMA: preallocated 1024 KiB GFP_KERNEL|GFP_DMA pool for atomic allocations
Aug 18 13:24:26 pop-os kernel: [    0.174739] DMA: preallocated 1024 KiB GFP_KERNEL|GFP_DMA32 pool for atomic allocations
Aug 18 13:24:26 pop-os kernel: [    0.174766] audit: initializing netlink subsys (disabled)
Aug 18 13:24:26 pop-os kernel: [    0.174791] audit: type=2000 audit(1723987446.012:1): state=initialized audit_enabled=0 res=1
Aug 18 13:24:26 pop-os kernel: [    0.174791] thermal_sys: Registered thermal governor 'fair_share'
Aug 18 13:24:26 pop-os kernel: [    0.174791] thermal_sys: Registered thermal governor 'bang_bang'
Aug 18 13:24:26 pop-os kernel: [    0.174791] thermal_sys: Registered thermal governor 'step_wise'
Aug 18 13:24:26 pop-os kernel: [    0.174791] thermal_sys: Registered thermal governor 'user_space'
Aug 18 13:24:26 pop-os kernel: [    0.174791] thermal_sys: Registered thermal governor 'power_allocator'
Aug 18 13:24:26 pop-os kernel: [    0.174791] EISA bus registered
Aug 18 13:24:26 pop-os kernel: [    0.174791] cpuidle: using governor ladder
Aug 18 13:24:26 pop-os kernel: [    0.174791] cpuidle: using governor menu
Aug 18 13:24:26 pop-os kernel: [    0.174791] ACPI FADT declares the system doesn't support PCIe ASPM, so disable it
Aug 18 13:24:26 pop-os kernel: [    0.174791] acpiphp: ACPI Hot Plug PCI Controller Driver version: 0.5
Aug 18 13:24:26 pop-os kernel: [    0.174791] PCI: ECAM [mem 0xf0000000-0xf7ffffff] (base 0xf0000000) for domain 0000 [bus 00-7f]
Aug 18 13:24:26 pop-os kernel: [    0.174791] PCI: not using ECAM ([mem 0xf0000000-0xf7ffffff] not reserved)
Aug 18 13:24:26 pop-os kernel: [    0.174791] PCI: Using configuration type 1 for base access
Aug 18 13:24:26 pop-os kernel: [    0.174791] kprobes: kprobe jump-optimization is enabled. All kprobes are optimized if possible.
Aug 18 13:24:26 pop-os kernel: [    0.174791] HugeTLB: registered 1.00 GiB page size, pre-allocated 0 pages
Aug 18 13:24:26 pop-os kernel: [    0.174791] HugeTLB: 16380 KiB vmemmap can be freed for a 1.00 GiB page
Aug 18 13:24:26 pop-os kernel: [    0.174791] HugeTLB: registered 2.00 MiB page size, pre-allocated 0 pages
Aug 18 13:24:26 pop-os kernel: [    0.174791] HugeTLB: 28 KiB vmemmap can be freed for a 2.00 MiB page
Aug 18 13:24:26 pop-os kernel: [    0.174791] ACPI: Added _OSI(Module Device)
Aug 18 13:24:26 pop-os kernel: [    0.174791] ACPI: Added _OSI(Processor Device)
Aug 18 13:24:26 pop-os kernel: [    0.174791] ACPI: Added _OSI(3.0 _SCP Extensions)
Aug 18 13:24:26 pop-os kernel: [    0.174791] ACPI: Added _OSI(Processor Aggregator Device)
Aug 18 13:24:26 pop-os kernel: [    0.275349] ACPI: 24 ACPI AML tables successfully acquired and loaded
Aug 18 13:24:26 pop-os kernel: [    0.282101] ACPI: [Firmware Bug]: BIOS _OSI(Linux) query ignored
Aug 18 13:24:26 pop-os kernel: [    0.299527] ACPI BIOS Error (bug): AE_AML_BUFFER_LIMIT, Field [CAP1] at bit offset/length 64/32 exceeds size of target Buffer (64 bits) (20230628/dsopcode-198)
Aug 18 13:24:26 pop-os kernel: [    0.299527] 
Aug 18 13:24:26 pop-os kernel: [    0.299527] No Local Variables are initialized for Method [_OSC]
Aug 18 13:24:26 pop-os kernel: [    0.299527] 
Aug 18 13:24:26 pop-os kernel: [    0.299527] Initialized Arguments for Method [_OSC]:  (4 arguments defined for method invocation)
Aug 18 13:24:26 pop-os kernel: [    0.299527]   Arg0:   (____ptrval____) <Obj>           Buffer(16) 6E B0 11 08 27 4A F9 44
Aug 18 13:24:26 pop-os kernel: [    0.299527]   Arg1:   (____ptrval____) <Obj>           Integer 0000000000000001
Aug 18 13:24:26 pop-os kernel: [    0.299527]   Arg2:   (____ptrval____) <Obj>           Integer 0000000000000002
Aug 18 13:24:26 pop-os kernel: [    0.299527]   Arg3:   (____ptrval____) <Obj>           Buffer(8) 01 00 00 00 FF 70 64 00
Aug 18 13:24:26 pop-os kernel: [    0.299527] 
Aug 18 13:24:26 pop-os kernel: [    0.299527] ACPI Error: Aborting method \_SB._OSC due to previous error (AE_AML_BUFFER_LIMIT) (20230628/psparse-529)
Aug 18 13:24:26 pop-os kernel: [    0.299527] ACPI: Dynamic OEM Table Load:
Aug 18 13:24:26 pop-os kernel: [    0.299527] ACPI: SSDT 0xFFFF8D0A41C82400 0003FF (v02 PmRef  Cpu0Cst  00003001 INTL 20160527)
Aug 18 13:24:26 pop-os kernel: [    0.304734] ACPI: Dynamic OEM Table Load:
Aug 18 13:24:26 pop-os kernel: [    0.304755] ACPI: SSDT 0xFFFF8D0A41C8F000 0005AC (v02 PmRef  Cpu0Ist  00003000 INTL 20160527)
Aug 18 13:24:26 pop-os kernel: [    0.310003] ACPI: Dynamic OEM Table Load:
Aug 18 13:24:26 pop-os kernel: [    0.310038] ACPI: SSDT 0xFFFF8D0A41C96000 000D14 (v02 PmRef  ApIst    00003000 INTL 20160527)
Aug 18 13:24:26 pop-os kernel: [    0.315523] ACPI: Dynamic OEM Table Load:
Aug 18 13:24:26 pop-os kernel: [    0.315543] ACPI: SSDT 0xFFFF8D0A41C81C00 00030A (v02 PmRef  ApCst    00003000 INTL 20160527)
Aug 18 13:24:26 pop-os kernel: [    0.327098] ACPI: _OSC evaluated successfully for all CPUs
Aug 18 13:24:26 pop-os kernel: [    0.327239] ACPI: EC: EC started
Aug 18 13:24:26 pop-os kernel: [    0.327241] ACPI: EC: interrupt blocked
Aug 18 13:24:26 pop-os kernel: [    0.350573] ACPI: EC: EC_CMD/EC_SC=0x66, EC_DATA=0x62
Aug 18 13:24:26 pop-os kernel: [    0.350579] ACPI: \_SB_.PCI0.LPCB.EC0_: Boot DSDT EC used to handle transactions
Aug 18 13:24:26 pop-os kernel: [    0.350582] ACPI: Interpreter enabled
Aug 18 13:24:26 pop-os kernel: [    0.350685] ACPI: PM: (supports S0 S3 S4 S5)
Aug 18 13:24:26 pop-os kernel: [    0.350688] ACPI: Using IOAPIC for interrupt routing
Aug 18 13:24:26 pop-os kernel: [    0.355424] PCI: ECAM [mem 0xf0000000-0xf7ffffff] (base 0xf0000000) for domain 0000 [bus 00-7f]
Aug 18 13:24:26 pop-os kernel: [    0.362618] PCI: ECAM [mem 0xf0000000-0xf7ffffff] reserved as ACPI motherboard resource
Aug 18 13:24:26 pop-os kernel: [    0.362637] PCI: Using host bridge windows from ACPI; if necessary, use "pci=nocrs" and report a bug
Aug 18 13:24:26 pop-os kernel: [    0.362640] PCI: Ignoring E820 reservations for host bridge windows
Aug 18 13:24:26 pop-os kernel: [    0.364423] ACPI: Enabled 9 GPEs in block 00 to 7F
Aug 18 13:24:26 pop-os kernel: [    0.366074] ACPI Warning: \_SB._PLD: Return Package type mismatch at index 0 - found Package, expected Buffer (20230628/nspredef-260)
Aug 18 13:24:26 pop-os kernel: [    0.387677] ACPI: \_SB_.PCI0.RP04.PXSX.WRST: New power resource
Aug 18 13:24:26 pop-os kernel: [    0.391513] ACPI: \_SB_.PCI0.RP07.PXP_: New power resource
Aug 18 13:24:26 pop-os kernel: [    0.442225] ACPI: PCI Root Bridge [PCI0] (domain 0000 [bus 00-7e])
Aug 18 13:24:26 pop-os kernel: [    0.442240] acpi PNP0A08:00: _OSC: OS supports [ExtendedConfig ASPM ClockPM Segments MSI EDR HPX-Type3]
Aug 18 13:24:26 pop-os kernel: [    0.442514] acpi PNP0A08:00: _OSC: platform does not support [PCIeHotplug SHPCHotplug PME AER]
Aug 18 13:24:26 pop-os kernel: [    0.443004] acpi PNP0A08:00: _OSC: OS now controls [PCIeCapability LTR DPC]
Aug 18 13:24:26 pop-os kernel: [    0.443008] acpi PNP0A08:00: FADT indicates ASPM is unsupported, using BIOS configuration
Aug 18 13:24:26 pop-os kernel: [    0.448614] PCI host bridge to bus 0000:00
Aug 18 13:24:26 pop-os kernel: [    0.448619] pci_bus 0000:00: root bus resource [io  0x0000-0x0cf7 window]
Aug 18 13:24:26 pop-os kernel: [    0.448624] pci_bus 0000:00: root bus resource [io  0x0d00-0xffff window]
Aug 18 13:24:26 pop-os kernel: [    0.448628] pci_bus 0000:00: root bus resource [mem 0x000a0000-0x000bffff window]
Aug 18 13:24:26 pop-os kernel: [    0.448631] pci_bus 0000:00: root bus resource [mem 0xbe800000-0xefffffff window]
Aug 18 13:24:26 pop-os kernel: [    0.448635] pci_bus 0000:00: root bus resource [mem 0x1c00000000-0x1fffffffff window]
Aug 18 13:24:26 pop-os kernel: [    0.448638] pci_bus 0000:00: root bus resource [mem 0xfd000000-0xfe7fffff window]
Aug 18 13:24:26 pop-os kernel: [    0.448642] pci_bus 0000:00: root bus resource [bus 00-7e]
Aug 18 13:24:26 pop-os kernel: [    0.448690] pci 0000:00:00.0: [8086:5914] type 00 class 0x060000 conventional PCI endpoint
Aug 18 13:24:26 pop-os kernel: [    0.448848] pci 0000:00:02.0: [8086:5917] type 00 class 0x030000 PCIe Root Complex Integrated Endpoint
Aug 18 13:24:26 pop-os kernel: [    0.448865] pci 0000:00:02.0: BAR 0 [mem 0x1ff2000000-0x1ff2ffffff 64bit]
Aug 18 13:24:26 pop-os kernel: [    0.448877] pci 0000:00:02.0: BAR 2 [mem 0xc0000000-0xcfffffff 64bit pref]
Aug 18 13:24:26 pop-os kernel: [    0.448885] pci 0000:00:02.0: BAR 4 [io  0x3000-0x303f]
Aug 18 13:24:26 pop-os kernel: [    0.448917] pci 0000:00:02.0: Video device with shadowed ROM at [mem 0x000c0000-0x000dffff]
Aug 18 13:24:26 pop-os kernel: [    0.449361] pci 0000:00:04.0: [8086:1903] type 00 class 0x118000 conventional PCI endpoint
Aug 18 13:24:26 pop-os kernel: [    0.449381] pci 0000:00:04.0: BAR 0 [mem 0x1ff3010000-0x1ff3017fff 64bit]
Aug 18 13:24:26 pop-os kernel: [    0.450068] pci 0000:00:14.0: [8086:9d2f] type 00 class 0x0c0330 conventional PCI endpoint
Aug 18 13:24:26 pop-os kernel: [    0.450092] pci 0000:00:14.0: BAR 0 [mem 0xe6220000-0xe622ffff 64bit]
Aug 18 13:24:26 pop-os kernel: [    0.450163] pci 0000:00:14.0: PME# supported from D3hot D3cold
Aug 18 13:24:26 pop-os kernel: [    0.451736] pci 0000:00:14.2: [8086:9d31] type 00 class 0x118000 conventional PCI endpoint
Aug 18 13:24:26 pop-os kernel: [    0.451761] pci 0000:00:14.2: BAR 0 [mem 0x1ff3020000-0x1ff3020fff 64bit]
Aug 18 13:24:26 pop-os kernel: [    0.452081] pci 0000:00:15.0: [8086:9d60] type 00 class 0x118000 conventional PCI endpoint
Aug 18 13:24:26 pop-os kernel: [    0.452292] pci 0000:00:15.0: BAR 0 [mem 0x1ff301f000-0x1ff301ffff 64bit]
Aug 18 13:24:26 pop-os kernel: [    0.453843] pci 0000:00:15.1: [8086:9d61] type 00 class 0x118000 conventional PCI endpoint
Aug 18 13:24:26 pop-os kernel: [    0.454055] pci 0000:00:15.1: BAR 0 [mem 0x1ff301e000-0x1ff301efff 64bit]
Aug 18 13:24:26 pop-os kernel: [    0.455479] pci 0000:00:16.0: [8086:9d3a] type 00 class 0x078000 conventional PCI endpoint
Aug 18 13:24:26 pop-os kernel: [    0.455502] pci 0000:00:16.0: BAR 0 [mem 0x1ff301d000-0x1ff301dfff 64bit]
Aug 18 13:24:26 pop-os kernel: [    0.455587] pci 0000:00:16.0: PME# supported from D3hot
Aug 18 13:24:26 pop-os kernel: [    0.456700] pci 0000:00:17.0: [8086:9d03] type 00 class 0x010601 conventional PCI endpoint
Aug 18 13:24:26 pop-os kernel: [    0.456723] pci 0000:00:17.0: BAR 0 [mem 0xe6234000-0xe6235fff]
Aug 18 13:24:26 pop-os kernel: [    0.456736] pci 0000:00:17.0: BAR 1 [mem 0xe6237000-0xe62370ff]
Aug 18 13:24:26 pop-os kernel: [    0.456749] pci 0000:00:17.0: BAR 2 [io  0x3080-0x3087]
Aug 18 13:24:26 pop-os kernel: [    0.456763] pci 0000:00:17.0: BAR 3 [io  0x3088-0x308b]
Aug 18 13:24:26 pop-os kernel: [    0.456775] pci 0000:00:17.0: BAR 4 [io  0x3060-0x307f]
Aug 18 13:24:26 pop-os kernel: [    0.456788] pci 0000:00:17.0: BAR 5 [mem 0xe6236000-0xe62367ff]
Aug 18 13:24:26 pop-os kernel: [    0.456852] pci 0000:00:17.0: PME# supported from D3hot
Aug 18 13:24:26 pop-os kernel: [    0.457545] pci 0000:00:1c.0: [8086:9d13] type 01 class 0x060400 PCIe Root Port
Aug 18 13:24:26 pop-os kernel: [    0.457580] pci 0000:00:1c.0: PCI bridge to [bus 01]
Aug 18 13:24:26 pop-os kernel: [    0.457589] pci 0000:00:1c.0:   bridge window [mem 0xe6100000-0xe61fffff]
Aug 18 13:24:26 pop-os kernel: [    0.457690] pci 0000:00:1c.0: PME# supported from D0 D3hot D3cold
Aug 18 13:24:26 pop-os kernel: [    0.457717] pci 0000:00:1c.0: Intel SPT PCH root port ACS workaround enabled
Aug 18 13:24:26 pop-os kernel: [    0.459037] pci 0000:00:1c.4: [8086:9d14] type 01 class 0x060400 PCIe Root Port
Aug 18 13:24:26 pop-os kernel: [    0.459078] pci 0000:00:1c.4: PCI bridge to [bus 02-3a]
Aug 18 13:24:26 pop-os kernel: [    0.459089] pci 0000:00:1c.4:   bridge window [mem 0xd0000000-0xe60fffff]
Aug 18 13:24:26 pop-os kernel: [    0.459104] pci 0000:00:1c.4:   bridge window [mem 0x1fd0000000-0x1ff1ffffff 64bit pref]
Aug 18 13:24:26 pop-os kernel: [    0.459194] pci 0000:00:1c.4: PME# supported from D0 D3hot D3cold
Aug 18 13:24:26 pop-os kernel: [    0.459218] pci 0000:00:1c.4: Intel SPT PCH root port ACS workaround enabled
Aug 18 13:24:26 pop-os kernel: [    0.460498] pci 0000:00:1f.0: [8086:9d4e] type 00 class 0x060100 conventional PCI endpoint
Aug 18 13:24:26 pop-os kernel: [    0.461183] pci 0000:00:1f.2: [8086:9d21] type 00 class 0x058000 conventional PCI endpoint
Aug 18 13:24:26 pop-os kernel: [    0.461200] pci 0000:00:1f.2: BAR 0 [mem 0xe6230000-0xe6233fff]
Aug 18 13:24:26 pop-os kernel: [    0.461840] pci 0000:00:1f.3: [8086:9d71] type 00 class 0x040380 conventional PCI endpoint
Aug 18 13:24:26 pop-os kernel: [    0.461867] pci 0000:00:1f.3: BAR 0 [mem 0x1ff3018000-0x1ff301bfff 64bit]
Aug 18 13:24:26 pop-os kernel: [    0.461899] pci 0000:00:1f.3: BAR 4 [mem 0x1ff3000000-0x1ff300ffff 64bit]
Aug 18 13:24:26 pop-os kernel: [    0.461967] pci 0000:00:1f.3: PME# supported from D3hot D3cold
Aug 18 13:24:26 pop-os kernel: [    0.464001] pci 0000:00:1f.4: [8086:9d23] type 00 class 0x0c0500 conventional PCI endpoint
Aug 18 13:24:26 pop-os kernel: [    0.464059] pci 0000:00:1f.4: BAR 0 [mem 0x1ff301c000-0x1ff301c0ff 64bit]
Aug 18 13:24:26 pop-os kernel: [    0.464114] pci 0000:00:1f.4: BAR 4 [io  0xefa0-0xefbf]
Aug 18 13:24:26 pop-os kernel: [    0.464755] pci 0000:00:1f.6: [8086:15d7] type 00 class 0x020000 conventional PCI endpoint
Aug 18 13:24:26 pop-os kernel: [    0.464779] pci 0000:00:1f.6: BAR 0 [mem 0xe6200000-0xe621ffff]
Aug 18 13:24:26 pop-os kernel: [    0.464896] pci 0000:00:1f.6: PME# supported from D0 D3hot D3cold
Aug 18 13:24:26 pop-os kernel: [    0.466226] pci 0000:01:00.0: [8086:24fd] type 00 class 0x028000 PCIe Endpoint
Aug 18 13:24:26 pop-os kernel: [    0.466317] pci 0000:01:00.0: BAR 0 [mem 0xe6100000-0xe6101fff 64bit]
Aug 18 13:24:26 pop-os kernel: [    0.466885] pci 0000:01:00.0: PME# supported from D0 D3hot D3cold
Aug 18 13:24:26 pop-os kernel: [    0.468359] pci 0000:00:1c.0: PCI bridge to [bus 01]
Aug 18 13:24:26 pop-os kernel: [    0.468504] pci 0000:00:1c.4: PCI bridge to [bus 02-3a]
Aug 18 13:24:26 pop-os kernel: [    0.473634] ACPI: PCI: Interrupt link LNKA configured for IRQ 11
Aug 18 13:24:26 pop-os kernel: [    0.473779] ACPI: PCI: Interrupt link LNKB configured for IRQ 10
Aug 18 13:24:26 pop-os kernel: [    0.473919] ACPI: PCI: Interrupt link LNKC configured for IRQ 11
Aug 18 13:24:26 pop-os kernel: [    0.474055] ACPI: PCI: Interrupt link LNKD configured for IRQ 11
Aug 18 13:24:26 pop-os kernel: [    0.474193] ACPI: PCI: Interrupt link LNKE configured for IRQ 11
Aug 18 13:24:26 pop-os kernel: [    0.474331] ACPI: PCI: Interrupt link LNKF configured for IRQ 11
Aug 18 13:24:26 pop-os kernel: [    0.474468] ACPI: PCI: Interrupt link LNKG configured for IRQ 11
Aug 18 13:24:26 pop-os kernel: [    0.474606] ACPI: PCI: Interrupt link LNKH configured for IRQ 11
Aug 18 13:24:26 pop-os kernel: [    0.476293] ACPI: EC: interrupt unblocked
Aug 18 13:24:26 pop-os kernel: [    0.476296] ACPI: EC: event unblocked
Aug 18 13:24:26 pop-os kernel: [    0.476304] ACPI: EC: EC_CMD/EC_SC=0x66, EC_DATA=0x62
Aug 18 13:24:26 pop-os kernel: [    0.476307] ACPI: EC: GPE=0x6e
Aug 18 13:24:26 pop-os kernel: [    0.476310] ACPI: \_SB_.PCI0.LPCB.EC0_: Boot DSDT EC initialization complete
Aug 18 13:24:26 pop-os kernel: [    0.476315] ACPI: \_SB_.PCI0.LPCB.EC0_: EC: Used to handle transactions and events
Aug 18 13:24:26 pop-os kernel: [    0.476457] iommu: Default domain type: Translated
Aug 18 13:24:26 pop-os kernel: [    0.476457] iommu: DMA domain TLB invalidation policy: lazy mode
Aug 18 13:24:26 pop-os kernel: [    0.476457] SCSI subsystem initialized
Aug 18 13:24:26 pop-os kernel: [    0.476457] libata version 3.00 loaded.
Aug 18 13:24:26 pop-os kernel: [    0.476457] ACPI: bus type USB registered
Aug 18 13:24:26 pop-os kernel: [    0.476457] usbcore: registered new interface driver usbfs
Aug 18 13:24:26 pop-os kernel: [    0.476457] usbcore: registered new interface driver hub
Aug 18 13:24:26 pop-os kernel: [    0.476457] usbcore: registered new device driver usb
Aug 18 13:24:26 pop-os kernel: [    0.476457] pps_core: LinuxPPS API ver. 1 registered
Aug 18 13:24:26 pop-os kernel: [    0.476457] pps_core: Software ver. 5.3.6 - Copyright 2005-2007 Rodolfo Giometti <giometti@linux.it>
Aug 18 13:24:26 pop-os kernel: [    0.476457] PTP clock support registered
Aug 18 13:24:26 pop-os kernel: [    0.476457] EDAC MC: Ver: 3.0.0
Aug 18 13:24:26 pop-os kernel: [    0.477956] efivars: Registered efivars operations
Aug 18 13:24:26 pop-os kernel: [    0.478041] NetLabel: Initializing
Aug 18 13:24:26 pop-os kernel: [    0.478044] NetLabel:  domain hash size = 128
Aug 18 13:24:26 pop-os kernel: [    0.478046] NetLabel:  protocols = UNLABELED CIPSOv4 CALIPSO
Aug 18 13:24:26 pop-os kernel: [    0.478081] NetLabel:  unlabeled traffic allowed by default
Aug 18 13:24:26 pop-os kernel: [    0.478117] mctp: management component transport protocol core
Aug 18 13:24:26 pop-os kernel: [    0.478117] NET: Registered PF_MCTP protocol family
Aug 18 13:24:26 pop-os kernel: [    0.478117] PCI: Using ACPI for IRQ routing
Aug 18 13:24:26 pop-os kernel: [    0.488762] PCI: pci_cache_line_size set to 64 bytes
Aug 18 13:24:26 pop-os kernel: [    0.489425] e820: reserve RAM buffer [mem 0x00058000-0x0005ffff]
Aug 18 13:24:26 pop-os kernel: [    0.489430] e820: reserve RAM buffer [mem 0x0009e000-0x0009ffff]
Aug 18 13:24:26 pop-os kernel: [    0.489432] e820: reserve RAM buffer [mem 0x9797e000-0x97ffffff]
Aug 18 13:24:26 pop-os kernel: [    0.489435] e820: reserve RAM buffer [mem 0x97cf8000-0x97ffffff]
Aug 18 13:24:26 pop-os kernel: [    0.489438] e820: reserve RAM buffer [mem 0xa0fd6018-0xa3ffffff]
Aug 18 13:24:26 pop-os kernel: [    0.489440] e820: reserve RAM buffer [mem 0xa5664000-0xa7ffffff]
Aug 18 13:24:26 pop-os kernel: [    0.489442] e820: reserve RAM buffer [mem 0xb242c000-0xb3ffffff]
Aug 18 13:24:26 pop-os kernel: [    0.489445] e820: reserve RAM buffer [mem 0xb6f9b000-0xb7ffffff]
Aug 18 13:24:26 pop-os kernel: [    0.489447] e820: reserve RAM buffer [mem 0x23f800000-0x23fffffff]
Aug 18 13:24:26 pop-os kernel: [    0.489583] pci 0000:00:02.0: vgaarb: setting as boot VGA device
Aug 18 13:24:26 pop-os kernel: [    0.489587] pci 0000:00:02.0: vgaarb: bridge control possible
Aug 18 13:24:26 pop-os kernel: [    0.489590] pci 0000:00:02.0: vgaarb: VGA device added: decodes=io+mem,owns=io+mem,locks=none
Aug 18 13:24:26 pop-os kernel: [    0.489598] vgaarb: loaded
Aug 18 13:24:26 pop-os kernel: [    0.489735] clocksource: Switched to clocksource tsc-early
Aug 18 13:24:26 pop-os kernel: [    0.491093] VFS: Disk quotas dquot_6.6.0
Aug 18 13:24:26 pop-os kernel: [    0.491119] VFS: Dquot-cache hash table entries: 512 (order 0, 4096 bytes)
Aug 18 13:24:26 pop-os kernel: [    0.491325] AppArmor: AppArmor Filesystem Enabled
Aug 18 13:24:26 pop-os kernel: [    0.491384] pnp: PnP ACPI init
Aug 18 13:24:26 pop-os kernel: [    0.491543] system 00:00: [mem 0x40000000-0x403fffff] has been reserved
Aug 18 13:24:26 pop-os kernel: [    0.491824] system 00:01: [mem 0xfd000000-0xfdabffff] has been reserved
Aug 18 13:24:26 pop-os kernel: [    0.491830] system 00:01: [mem 0xfdad0000-0xfdadffff] has been reserved
Aug 18 13:24:26 pop-os kernel: [    0.491834] system 00:01: [mem 0xfdb00000-0xfdffffff] has been reserved
Aug 18 13:24:26 pop-os kernel: [    0.491838] system 00:01: [mem 0xfe000000-0xfe01ffff] could not be reserved
Aug 18 13:24:26 pop-os kernel: [    0.491842] system 00:01: [mem 0xfe03d000-0xfe3fffff] has been reserved
Aug 18 13:24:26 pop-os kernel: [    0.492573] system 00:02: [io  0x2000-0x20fe] has been reserved
Aug 18 13:24:26 pop-os kernel: [    0.493024] system 00:03: [io  0x0680-0x069f] has been reserved
Aug 18 13:24:26 pop-os kernel: [    0.493029] system 00:03: [io  0xffff] has been reserved
Aug 18 13:24:26 pop-os kernel: [    0.493033] system 00:03: [io  0xffff] has been reserved
Aug 18 13:24:26 pop-os kernel: [    0.493036] system 00:03: [io  0xffff] has been reserved
Aug 18 13:24:26 pop-os kernel: [    0.493039] system 00:03: [io  0x1800-0x18fe] has been reserved
Aug 18 13:24:26 pop-os kernel: [    0.493043] system 00:03: [io  0x164e-0x164f] has been reserved
Aug 18 13:24:26 pop-os kernel: [    0.493389] system 00:04: [io  0x1854-0x1857] has been reserved
Aug 18 13:24:26 pop-os kernel: [    0.493502] system 00:07: [io  0x0200-0x027f] has been reserved
Aug 18 13:24:26 pop-os kernel: [    0.493508] system 00:07: [mem 0xfedf0000-0xfedfffff] has been reserved
Aug 18 13:24:26 pop-os kernel: [    0.496465] system 00:08: [mem 0xfe031000-0xfe031fff] has been reserved
Aug 18 13:24:26 pop-os kernel: [    0.496471] system 00:08: [mem 0xfe030008-0xfe030fff] has been reserved
Aug 18 13:24:26 pop-os kernel: [    0.497876] system 00:09: [mem 0xfe030000-0xfe030007] has been reserved
Aug 18 13:24:26 pop-os kernel: [    0.498598] system 00:0a: [mem 0xfed10000-0xfed17fff] has been reserved
Aug 18 13:24:26 pop-os kernel: [    0.498603] system 00:0a: [mem 0xfed18000-0xfed18fff] has been reserved
Aug 18 13:24:26 pop-os kernel: [    0.498607] system 00:0a: [mem 0xfed19000-0xfed19fff] has been reserved
Aug 18 13:24:26 pop-os kernel: [    0.498611] system 00:0a: [mem 0xf0000000-0xf7ffffff] has been reserved
Aug 18 13:24:26 pop-os kernel: [    0.498614] system 00:0a: [mem 0xfed20000-0xfed3ffff] has been reserved
Aug 18 13:24:26 pop-os kernel: [    0.498618] system 00:0a: [mem 0xfed90000-0xfed93fff] could not be reserved
Aug 18 13:24:26 pop-os kernel: [    0.498622] system 00:0a: [mem 0xfed45000-0xfed8ffff] has been reserved
Aug 18 13:24:26 pop-os kernel: [    0.498625] system 00:0a: [mem 0xff000000-0xffffffff] has been reserved
Aug 18 13:24:26 pop-os kernel: [    0.498629] system 00:0a: [mem 0xfee00000-0xfeefffff] has been reserved
Aug 18 13:24:26 pop-os kernel: [    0.498632] system 00:0a: [mem 0xbe800000-0xbe81ffff] has been reserved
Aug 18 13:24:26 pop-os kernel: [    0.499782] pnp: PnP ACPI: found 11 devices
Aug 18 13:24:26 pop-os kernel: [    0.506740] clocksource: acpi_pm: mask: 0xffffff max_cycles: 0xffffff, max_idle_ns: 2085701024 ns
Aug 18 13:24:26 pop-os kernel: [    0.506808] pci 0000:00:1f.1: [8086:9d20] type 00 class 0x058000 conventional PCI endpoint
Aug 18 13:24:26 pop-os kernel: [    0.506875] pci 0000:00:1f.1: BAR 0 [mem 0xfd000000-0xfdffffff 64bit]
Aug 18 13:24:26 pop-os kernel: [    0.507329] NET: Registered PF_INET protocol family
Aug 18 13:24:26 pop-os kernel: [    0.507470] IP idents hash table entries: 131072 (order: 8, 1048576 bytes, linear)
Aug 18 13:24:26 pop-os kernel: [    0.540886] tcp_listen_portaddr_hash hash table entries: 4096 (order: 4, 65536 bytes, linear)
Aug 18 13:24:26 pop-os kernel: [    0.540929] Table-perturb hash table entries: 65536 (order: 6, 262144 bytes, linear)
Aug 18 13:24:26 pop-os kernel: [    0.540985] TCP established hash table entries: 65536 (order: 7, 524288 bytes, linear)
Aug 18 13:24:26 pop-os kernel: [    0.541309] TCP bind hash table entries: 65536 (order: 9, 2097152 bytes, linear)
Aug 18 13:24:26 pop-os kernel: [    0.541723] TCP: Hash tables configured (established 65536 bind 65536)
Aug 18 13:24:26 pop-os kernel: [    0.541846] MPTCP token hash table entries: 8192 (order: 5, 196608 bytes, linear)
Aug 18 13:24:26 pop-os kernel: [    0.541895] UDP hash table entries: 4096 (order: 5, 131072 bytes, linear)
Aug 18 13:24:26 pop-os kernel: [    0.541932] UDP-Lite hash table entries: 4096 (order: 5, 131072 bytes, linear)
Aug 18 13:24:26 pop-os kernel: [    0.542026] NET: Registered PF_UNIX/PF_LOCAL protocol family
Aug 18 13:24:26 pop-os kernel: [    0.542039] NET: Registered PF_XDP protocol family
Aug 18 13:24:26 pop-os kernel: [    0.542055] pci 0000:00:1c.4: bridge window [io  0x1000-0x0fff] to [bus 02-3a] add_size 1000
Aug 18 13:24:26 pop-os kernel: [    0.542073] pci 0000:00:1c.4: bridge window [io  0x4000-0x4fff]: assigned
Aug 18 13:24:26 pop-os kernel: [    0.542080] pci 0000:00:1c.0: PCI bridge to [bus 01]
Aug 18 13:24:26 pop-os kernel: [    0.542093] pci 0000:00:1c.0:   bridge window [mem 0xe6100000-0xe61fffff]
Aug 18 13:24:26 pop-os kernel: [    0.542106] pci 0000:00:1c.4: PCI bridge to [bus 02-3a]
Aug 18 13:24:26 pop-os kernel: [    0.542114] pci 0000:00:1c.4:   bridge window [io  0x4000-0x4fff]
Aug 18 13:24:26 pop-os kernel: [    0.542122] pci 0000:00:1c.4:   bridge window [mem 0xd0000000-0xe60fffff]
Aug 18 13:24:26 pop-os kernel: [    0.542130] pci 0000:00:1c.4:   bridge window [mem 0x1fd0000000-0x1ff1ffffff 64bit pref]
Aug 18 13:24:26 pop-os kernel: [    0.542141] pci_bus 0000:00: resource 4 [io  0x0000-0x0cf7 window]
Aug 18 13:24:26 pop-os kernel: [    0.542145] pci_bus 0000:00: resource 5 [io  0x0d00-0xffff window]
Aug 18 13:24:26 pop-os kernel: [    0.542149] pci_bus 0000:00: resource 6 [mem 0x000a0000-0x000bffff window]
Aug 18 13:24:26 pop-os kernel: [    0.542152] pci_bus 0000:00: resource 7 [mem 0xbe800000-0xefffffff window]
Aug 18 13:24:26 pop-os kernel: [    0.542155] pci_bus 0000:00: resource 8 [mem 0x1c00000000-0x1fffffffff window]
Aug 18 13:24:26 pop-os kernel: [    0.542159] pci_bus 0000:00: resource 9 [mem 0xfd000000-0xfe7fffff window]
Aug 18 13:24:26 pop-os kernel: [    0.542162] pci_bus 0000:01: resource 1 [mem 0xe6100000-0xe61fffff]
Aug 18 13:24:26 pop-os kernel: [    0.542166] pci_bus 0000:02: resource 0 [io  0x4000-0x4fff]
Aug 18 13:24:26 pop-os kernel: [    0.542169] pci_bus 0000:02: resource 1 [mem 0xd0000000-0xe60fffff]
Aug 18 13:24:26 pop-os kernel: [    0.542172] pci_bus 0000:02: resource 2 [mem 0x1fd0000000-0x1ff1ffffff 64bit pref]
Aug 18 13:24:26 pop-os kernel: [    0.542525] pci 0000:00:14.0: enabling device (0000 -> 0002)
Aug 18 13:24:26 pop-os kernel: [    0.543493] PCI: CLS 0 bytes, default 64
Aug 18 13:24:26 pop-os kernel: [    0.543542] DMAR: No ATSR found
Aug 18 13:24:26 pop-os kernel: [    0.543544] DMAR: No SATC found
Aug 18 13:24:26 pop-os kernel: [    0.543547] DMAR: IOMMU feature fl1gp_support inconsistent
Aug 18 13:24:26 pop-os kernel: [    0.543550] DMAR: IOMMU feature pgsel_inv inconsistent
Aug 18 13:24:26 pop-os kernel: [    0.543552] DMAR: IOMMU feature nwfs inconsistent
Aug 18 13:24:26 pop-os kernel: [    0.543554] DMAR: IOMMU feature pasid inconsistent
Aug 18 13:24:26 pop-os kernel: [    0.543557] DMAR: IOMMU feature eafs inconsistent
Aug 18 13:24:26 pop-os kernel: [    0.543559] DMAR: IOMMU feature prs inconsistent
Aug 18 13:24:26 pop-os kernel: [    0.543561] DMAR: IOMMU feature nest inconsistent
Aug 18 13:24:26 pop-os kernel: [    0.543563] DMAR: IOMMU feature mts inconsistent
Aug 18 13:24:26 pop-os kernel: [    0.543565] DMAR: IOMMU feature sc_support inconsistent
Aug 18 13:24:26 pop-os kernel: [    0.543567] DMAR: IOMMU feature dev_iotlb_support inconsistent
Aug 18 13:24:26 pop-os kernel: [    0.543570] DMAR: dmar0: Using Queued invalidation
Aug 18 13:24:26 pop-os kernel: [    0.543579] DMAR: dmar1: Using Queued invalidation
Aug 18 13:24:26 pop-os kernel: [    0.543620] Trying to unpack rootfs image as initramfs...
Aug 18 13:24:26 pop-os kernel: [    0.544060] pci 0000:00:02.0: Adding to iommu group 0
Aug 18 13:24:26 pop-os kernel: [    0.545090] pci 0000:00:00.0: Adding to iommu group 1
Aug 18 13:24:26 pop-os kernel: [    0.545120] pci 0000:00:04.0: Adding to iommu group 2
Aug 18 13:24:26 pop-os kernel: [    0.545157] pci 0000:00:14.0: Adding to iommu group 3
Aug 18 13:24:26 pop-os kernel: [    0.545177] pci 0000:00:14.2: Adding to iommu group 3
Aug 18 13:24:26 pop-os kernel: [    0.545213] pci 0000:00:15.0: Adding to iommu group 4
Aug 18 13:24:26 pop-os kernel: [    0.545233] pci 0000:00:15.1: Adding to iommu group 4
Aug 18 13:24:26 pop-os kernel: [    0.545264] pci 0000:00:16.0: Adding to iommu group 5
Aug 18 13:24:26 pop-os kernel: [    0.545285] pci 0000:00:17.0: Adding to iommu group 6
Aug 18 13:24:26 pop-os kernel: [    0.545311] pci 0000:00:1c.0: Adding to iommu group 7
Aug 18 13:24:26 pop-os kernel: [    0.545340] pci 0000:00:1c.4: Adding to iommu group 8
Aug 18 13:24:26 pop-os kernel: [    0.545400] pci 0000:00:1f.0: Adding to iommu group 9
Aug 18 13:24:26 pop-os kernel: [    0.545423] pci 0000:00:1f.2: Adding to iommu group 9
Aug 18 13:24:26 pop-os kernel: [    0.545445] pci 0000:00:1f.3: Adding to iommu group 9
Aug 18 13:24:26 pop-os kernel: [    0.545467] pci 0000:00:1f.4: Adding to iommu group 9
Aug 18 13:24:26 pop-os kernel: [    0.545489] pci 0000:00:1f.6: Adding to iommu group 9
Aug 18 13:24:26 pop-os kernel: [    0.545515] pci 0000:01:00.0: Adding to iommu group 10
Aug 18 13:24:26 pop-os kernel: [    0.547494] DMAR: Intel(R) Virtualization Technology for Directed I/O
Aug 18 13:24:26 pop-os kernel: [    0.547500] PCI-DMA: Using software bounce buffering for IO (SWIOTLB)
Aug 18 13:24:26 pop-os kernel: [    0.547502] software IO TLB: mapped [mem 0x00000000adf7c000-0x00000000b1f7c000] (64MB)
Aug 18 13:24:26 pop-os kernel: [    0.548052] platform rtc_cmos: registered platform RTC device (no PNP device found)
Aug 18 13:24:26 pop-os kernel: [    0.549275] Initialise system trusted keyrings
Aug 18 13:24:26 pop-os kernel: [    0.549293] Key type blacklist registered
Aug 18 13:24:26 pop-os kernel: [    0.549370] workingset: timestamp_bits=36 max_order=21 bucket_order=0
Aug 18 13:24:26 pop-os kernel: [    0.549395] zbud: loaded
Aug 18 13:24:26 pop-os kernel: [    0.549991] squashfs: version 4.0 (2009/01/31) Phillip Lougher
Aug 18 13:24:26 pop-os kernel: [    0.550197] fuse: init (API version 7.39)
Aug 18 13:24:26 pop-os kernel: [    0.550463] integrity: Platform Keyring initialized
Aug 18 13:24:26 pop-os kernel: [    0.550469] integrity: Machine keyring initialized
Aug 18 13:24:26 pop-os kernel: [    0.590915] Key type asymmetric registered
Aug 18 13:24:26 pop-os kernel: [    0.590923] Asymmetric key parser 'x509' registered
Aug 18 13:24:26 pop-os kernel: [    0.590970] Block layer SCSI generic (bsg) driver version 0.4 loaded (major 243)
Aug 18 13:24:26 pop-os kernel: [    0.591069] io scheduler mq-deadline registered
Aug 18 13:24:26 pop-os kernel: [    0.596770] shpchp: Standard Hot Plug PCI Controller Driver version: 0.4
Aug 18 13:24:26 pop-os kernel: [    0.598850] ACPI: AC: AC Adapter [AC] (off-line)
Aug 18 13:24:26 pop-os kernel: [    0.599017] input: Sleep Button as /devices/LNXSYSTM:00/LNXSYBUS:00/PNP0C0E:00/input/input0
Aug 18 13:24:26 pop-os kernel: [    0.599071] ACPI: button: Sleep Button [SLPB]
Aug 18 13:24:26 pop-os kernel: [    0.599169] input: Lid Switch as /devices/LNXSYSTM:00/LNXSYBUS:00/PNP0C0D:00/input/input1
Aug 18 13:24:26 pop-os kernel: [    0.599217] ACPI: button: Lid Switch [LID]
Aug 18 13:24:26 pop-os kernel: [    0.599297] input: Power Button as /devices/LNXSYSTM:00/LNXSYBUS:00/PNP0C0C:00/input/input2
Aug 18 13:24:26 pop-os kernel: [    0.599346] ACPI: button: Power Button [PWRB]
Aug 18 13:24:26 pop-os kernel: [    0.599434] input: Power Button as /devices/LNXSYSTM:00/LNXPWRBN:00/input/input3
Aug 18 13:24:26 pop-os kernel: [    0.599805] ACPI: button: Power Button [PWRF]
Aug 18 13:24:26 pop-os kernel: [    0.602078] thermal LNXTHERM:00: registered as thermal_zone0
Aug 18 13:24:26 pop-os kernel: [    0.602083] ACPI: thermal: Thermal Zone [HEPZ] (30 C)
Aug 18 13:24:26 pop-os kernel: [    0.610339] thermal LNXTHERM:01: registered as thermal_zone1
Aug 18 13:24:26 pop-os kernel: [    0.610344] ACPI: thermal: Thermal Zone [CPUZ] (27 C)
Aug 18 13:24:26 pop-os kernel: [    0.619077] thermal LNXTHERM:02: registered as thermal_zone2
Aug 18 13:24:26 pop-os kernel: [    0.619082] ACPI: thermal: Thermal Zone [GFXZ] (0 C)
Aug 18 13:24:26 pop-os kernel: [    0.624961] thermal LNXTHERM:03: registered as thermal_zone3
Aug 18 13:24:26 pop-os kernel: [    0.624966] ACPI: thermal: Thermal Zone [EXTZ] (0 C)
Aug 18 13:24:26 pop-os kernel: [    0.630499] thermal LNXTHERM:04: registered as thermal_zone4
Aug 18 13:24:26 pop-os kernel: [    0.630504] ACPI: thermal: Thermal Zone [LOCZ] (43 C)
Aug 18 13:24:26 pop-os kernel: [    0.639586] thermal LNXTHERM:05: registered as thermal_zone5
Aug 18 13:24:26 pop-os kernel: [    0.639592] ACPI: thermal: Thermal Zone [BATZ] (36 C)
Aug 18 13:24:26 pop-os kernel: [    0.645432] thermal LNXTHERM:06: registered as thermal_zone6
Aug 18 13:24:26 pop-os kernel: [    0.645437] ACPI: thermal: Thermal Zone [CHGZ] (38 C)
Aug 18 13:24:26 pop-os kernel: [    0.651232] thermal LNXTHERM:07: registered as thermal_zone7
Aug 18 13:24:26 pop-os kernel: [    0.651238] ACPI: thermal: Thermal Zone [PCHZ] (0 C)
Aug 18 13:24:26 pop-os kernel: [    0.651714] Serial: 8250/16550 driver, 32 ports, IRQ sharing enabled
Aug 18 13:24:26 pop-os kernel: [    0.657465] hpet_acpi_add: no address or irqs in _CRS
Aug 18 13:24:26 pop-os kernel: [    0.657508] Linux agpgart interface v0.103
Aug 18 13:24:26 pop-os kernel: [    0.661951] tpm_tis IFX0763:00: 2.0 TPM (device-id 0x1B, rev-id 16)
Aug 18 13:24:26 pop-os kernel: [    0.677696] ACPI: battery: Slot [BAT0] (battery present)
Aug 18 13:24:26 pop-os kernel: [    0.683591] ACPI: bus type drm_connector registered
Aug 18 13:24:26 pop-os kernel: [    0.687863] loop: module loaded
Aug 18 13:24:26 pop-os kernel: [    0.688494] tun: Universal TUN/TAP device driver, 1.6
Aug 18 13:24:26 pop-os kernel: [    0.688619] PPP generic driver version 2.4.2
Aug 18 13:24:26 pop-os kernel: [    0.688884] i8042: PNP: PS/2 Controller [PNP0303:PS2K,PNP0f13:PS2M] at 0x60,0x64 irq 1,12
Aug 18 13:24:26 pop-os kernel: [    0.689431] i8042: Detected active multiplexing controller, rev 1.1
Aug 18 13:24:26 pop-os kernel: [    0.689691] serio: i8042 KBD port at 0x60,0x64 irq 1
Aug 18 13:24:26 pop-os kernel: [    0.689700] serio: i8042 AUX0 port at 0x60,0x64 irq 12
Aug 18 13:24:26 pop-os kernel: [    0.689704] serio: i8042 AUX1 port at 0x60,0x64 irq 12
Aug 18 13:24:26 pop-os kernel: [    0.689707] serio: i8042 AUX2 port at 0x60,0x64 irq 12
Aug 18 13:24:26 pop-os kernel: [    0.689710] serio: i8042 AUX3 port at 0x60,0x64 irq 12
Aug 18 13:24:26 pop-os kernel: [    0.690038] mousedev: PS/2 mouse device common for all mice
Aug 18 13:24:26 pop-os kernel: [    0.690663] rtc_cmos rtc_cmos: RTC can wake from S4
Aug 18 13:24:26 pop-os kernel: [    0.691492] rtc_cmos rtc_cmos: registered as rtc0
Aug 18 13:24:26 pop-os kernel: [    0.691633] rtc_cmos rtc_cmos: setting system clock to 2024-08-18T13:24:07 UTC (1723987447)
Aug 18 13:24:26 pop-os kernel: [    0.691700] rtc_cmos rtc_cmos: alarms up to one month, y3k, 114 bytes nvram
Aug 18 13:24:26 pop-os kernel: [    0.691723] i2c_dev: i2c /dev entries driver
Aug 18 13:24:26 pop-os kernel: [    0.692322] device-mapper: core: CONFIG_IMA_DISABLE_HTABLE is disabled. Duplicate IMA measurements will not be recorded in the IMA log.
Aug 18 13:24:26 pop-os kernel: [    0.692345] device-mapper: uevent: version 1.0.3
Aug 18 13:24:26 pop-os kernel: [    0.692493] device-mapper: ioctl: 4.48.0-ioctl (2023-03-01) initialised: dm-devel@redhat.com
Aug 18 13:24:26 pop-os kernel: [    0.692535] platform eisa.0: Probing EISA bus 0
Aug 18 13:24:26 pop-os kernel: [    0.692544] platform eisa.0: EISA: Cannot allocate resource for mainboard
Aug 18 13:24:26 pop-os kernel: [    0.692548] platform eisa.0: Cannot allocate resource for EISA slot 1
Aug 18 13:24:26 pop-os kernel: [    0.692551] platform eisa.0: Cannot allocate resource for EISA slot 2
Aug 18 13:24:26 pop-os kernel: [    0.692554] platform eisa.0: Cannot allocate resource for EISA slot 3
Aug 18 13:24:26 pop-os kernel: [    0.692556] platform eisa.0: Cannot allocate resource for EISA slot 4
Aug 18 13:24:26 pop-os kernel: [    0.692559] platform eisa.0: Cannot allocate resource for EISA slot 5
Aug 18 13:24:26 pop-os kernel: [    0.692562] platform eisa.0: Cannot allocate resource for EISA slot 6
Aug 18 13:24:26 pop-os kernel: [    0.692564] platform eisa.0: Cannot allocate resource for EISA slot 7
Aug 18 13:24:26 pop-os kernel: [    0.692567] platform eisa.0: Cannot allocate resource for EISA slot 8
Aug 18 13:24:26 pop-os kernel: [    0.692569] platform eisa.0: EISA: Detected 0 cards
Aug 18 13:24:26 pop-os kernel: [    0.692575] intel_pstate: Intel P-state driver initializing
Aug 18 13:24:26 pop-os kernel: [    0.693340] intel_pstate: HWP enabled
Aug 18 13:24:26 pop-os kernel: [    0.693630] ledtrig-cpu: registered to indicate activity on CPUs
Aug 18 13:24:26 pop-os kernel: [    0.693866] [drm] Initialized simpledrm 1.0.0 20200625 for simple-framebuffer.0 on minor 0
Aug 18 13:24:26 pop-os kernel: [    0.694286] fbcon: Deferring console take-over
Aug 18 13:24:26 pop-os kernel: [    0.694289] simple-framebuffer simple-framebuffer.0: [drm] fb0: simpledrmdrmfb frame buffer device
Aug 18 13:24:26 pop-os kernel: [    0.694383] drop_monitor: Initializing network drop monitor service
Aug 18 13:24:26 pop-os kernel: [    0.694527] NET: Registered PF_INET6 protocol family
Aug 18 13:24:26 pop-os kernel: [    0.709928] input: AT Translated Set 2 keyboard as /devices/platform/i8042/serio0/input/input4
Aug 18 13:24:26 pop-os kernel: [    1.567189] tsc: Refined TSC clocksource calibration: 1895.998 MHz
Aug 18 13:24:26 pop-os kernel: [    1.567200] clocksource: tsc: mask: 0xffffffffffffffff max_cycles: 0x36a8cecc844, max_idle_ns: 881590549475 ns
Aug 18 13:24:26 pop-os kernel: [    1.567295] clocksource: Switched to clocksource tsc
Aug 18 13:24:26 pop-os kernel: [    6.582342] Freeing initrd memory: 79416K
Aug 18 13:24:26 pop-os kernel: [    6.589927] Segment Routing with IPv6
Aug 18 13:24:26 pop-os kernel: [    6.589948] In-situ OAM (IOAM) with IPv6
Aug 18 13:24:26 pop-os kernel: [    6.589994] NET: Registered PF_PACKET protocol family
Aug 18 13:24:26 pop-os kernel: [    6.590213] Key type dns_resolver registered
Aug 18 13:24:26 pop-os kernel: [    6.591514] ENERGY_PERF_BIAS: Set to 'normal', was 'performance'
Aug 18 13:24:26 pop-os kernel: [    6.592062] microcode: Current revision: 0x000000f4
Aug 18 13:24:26 pop-os kernel: [    6.592581] IPI shorthand broadcast: enabled
Aug 18 13:24:26 pop-os kernel: [    6.594313] sched_clock: Marking stable (6585446429, 7120814)->(6685883025, -93315782)
Aug 18 13:24:26 pop-os kernel: [    6.594629] registered taskstats version 1
Aug 18 13:24:26 pop-os kernel: [    6.595425] Loading compiled-in X.509 certificates
Aug 18 13:24:26 pop-os kernel: [    6.596066] Loaded X.509 cert 'Build time autogenerated kernel key: 021a5df59a2dcfce35f557c6bdcd47f96b75dc82'
Aug 18 13:24:26 pop-os kernel: [    6.596513] Loaded X.509 cert 'Canonical Ltd. Live Patch Signing: 14df34d1a87cf37625abec039ef2bf521249b969'
Aug 18 13:24:26 pop-os kernel: [    6.596955] Loaded X.509 cert 'Canonical Ltd. Kernel Module Signing: 88f752e560a1e0737e31163a466ad7b70a850c19'
Aug 18 13:24:26 pop-os kernel: [    6.596956] blacklist: Loading compiled-in revocation X.509 certificates
Aug 18 13:24:26 pop-os kernel: [    6.596974] Loaded X.509 cert 'Canonical Ltd. Secure Boot Signing: 61482aa2830d0ab2ad5af10b7250da9033ddcef0'
Aug 18 13:24:26 pop-os kernel: [    6.596988] Loaded X.509 cert 'Canonical Ltd. Secure Boot Signing (2017): 242ade75ac4a15e50d50c84b0d45ff3eae707a03'
Aug 18 13:24:26 pop-os kernel: [    6.597001] Loaded X.509 cert 'Canonical Ltd. Secure Boot Signing (ESM 2018): 365188c1d374d6b07c3c8f240f8ef722433d6a8b'
Aug 18 13:24:26 pop-os kernel: [    6.597014] Loaded X.509 cert 'Canonical Ltd. Secure Boot Signing (2019): c0746fd6c5da3ae827864651ad66ae47fe24b3e8'
Aug 18 13:24:26 pop-os kernel: [    6.597027] Loaded X.509 cert 'Canonical Ltd. Secure Boot Signing (2021 v1): a8d54bbb3825cfb94fa13c9f8a594a195c107b8d'
Aug 18 13:24:26 pop-os kernel: [    6.597040] Loaded X.509 cert 'Canonical Ltd. Secure Boot Signing (2021 v2): 4cf046892d6fd3c9a5b03f98d845f90851dc6a8c'
Aug 18 13:24:26 pop-os kernel: [    6.597054] Loaded X.509 cert 'Canonical Ltd. Secure Boot Signing (2021 v3): 100437bb6de6e469b581e61cd66bce3ef4ed53af'
Aug 18 13:24:26 pop-os kernel: [    6.597067] Loaded X.509 cert 'Canonical Ltd. Secure Boot Signing (Ubuntu Core 2019): c1d57b8f6b743f23ee41f4f7ee292f06eecadfb9'
Aug 18 13:24:26 pop-os kernel: [    6.601045] Key type .fscrypt registered
Aug 18 13:24:26 pop-os kernel: [    6.601048] Key type fscrypt-provisioning registered
Aug 18 13:24:26 pop-os kernel: [    6.601102] Key type trusted registered
Aug 18 13:24:26 pop-os kernel: [    6.610818] cryptd: max_cpu_qlen set to 1000
Aug 18 13:24:26 pop-os kernel: [    6.614742] AVX2 version of gcm_enc/dec engaged.
Aug 18 13:24:26 pop-os kernel: [    6.614833] AES CTR mode by8 optimization enabled
Aug 18 13:24:26 pop-os kernel: [    6.633629] Key type encrypted registered
Aug 18 13:24:26 pop-os kernel: [    6.633637] AppArmor: AppArmor sha256 policy hashing enabled
Aug 18 13:24:26 pop-os kernel: [    6.634991] integrity: Loading X.509 certificate: UEFI:db
Aug 18 13:24:26 pop-os kernel: [    6.635058] integrity: Loaded X.509 cert 'HP Inc.: HP UEFI Secure Boot DB 2017: d9c01b50cfcae89d3b05345c163aa76e5dd589e7'
Aug 18 13:24:26 pop-os kernel: [    6.635060] integrity: Loading X.509 certificate: UEFI:db
Aug 18 13:24:26 pop-os kernel: [    6.635092] integrity: Loaded X.509 cert 'Microsoft Windows Production PCA 2011: a92902398e16c49778cd90f99e4f9ae17c55af53'
Aug 18 13:24:26 pop-os kernel: [    6.635094] integrity: Loading X.509 certificate: UEFI:db
Aug 18 13:24:26 pop-os kernel: [    6.635129] integrity: Loaded X.509 cert 'Microsoft Corporation UEFI CA 2011: 13adbf4309bd82709c8cd54f316ed522988a1bd4'
Aug 18 13:24:26 pop-os kernel: [    6.637032] Loading compiled-in module X.509 certificates
Aug 18 13:24:26 pop-os kernel: [    6.637667] Loaded X.509 cert 'Build time autogenerated kernel key: 021a5df59a2dcfce35f557c6bdcd47f96b75dc82'
Aug 18 13:24:26 pop-os kernel: [    6.637671] ima: Allocated hash algorithm: sha256
Aug 18 13:24:26 pop-os kernel: [    6.677753] ima: No architecture policies found
Aug 18 13:24:26 pop-os kernel: [    6.677792] evm: Initialising EVM extended attributes:
Aug 18 13:24:26 pop-os kernel: [    6.677795] evm: security.selinux
Aug 18 13:24:26 pop-os kernel: [    6.677798] evm: security.SMACK64
Aug 18 13:24:26 pop-os kernel: [    6.677801] evm: security.SMACK64EXEC
Aug 18 13:24:26 pop-os kernel: [    6.677803] evm: security.SMACK64TRANSMUTE
Aug 18 13:24:26 pop-os kernel: [    6.677806] evm: security.SMACK64MMAP
Aug 18 13:24:26 pop-os kernel: [    6.677808] evm: security.apparmor
Aug 18 13:24:26 pop-os kernel: [    6.677810] evm: security.ima
Aug 18 13:24:26 pop-os kernel: [    6.677813] evm: security.capability
Aug 18 13:24:26 pop-os kernel: [    6.677815] evm: HMAC attrs: 0x1
Aug 18 13:24:26 pop-os kernel: [    6.678676] PM:   Magic number: 4:119:433
Aug 18 13:24:26 pop-os kernel: [    6.695071] RAS: Correctable Errors collector initialized.
Aug 18 13:24:26 pop-os kernel: [    6.695285] clk: Disabling unused clocks
Aug 18 13:24:26 pop-os kernel: [    6.699384] Freeing unused decrypted memory: 2028K
Aug 18 13:24:26 pop-os kernel: [    6.701178] Freeing unused kernel image (initmem) memory: 4940K
Aug 18 13:24:26 pop-os kernel: [    6.711469] Write protecting the kernel read-only data: 34816k
Aug 18 13:24:26 pop-os kernel: [    6.712586] Freeing unused kernel image (rodata/data gap) memory: 552K
Aug 18 13:24:26 pop-os kernel: [    6.775387] x86/mm: Checked W+X mappings: passed, no W+X pages found.
Aug 18 13:24:26 pop-os kernel: [    6.775389] x86/mm: Checking user space page tables
Aug 18 13:24:26 pop-os kernel: [    6.819725] x86/mm: Checked W+X mappings: passed, no W+X pages found.
Aug 18 13:24:26 pop-os kernel: [    6.819730] Run /init as init process
Aug 18 13:24:26 pop-os kernel: [    6.819731]   with arguments:
Aug 18 13:24:26 pop-os kernel: [    6.819732]     /init
Aug 18 13:24:26 pop-os kernel: [    6.819733]     splash
Aug 18 13:24:26 pop-os kernel: [    6.819734]   with environment:
Aug 18 13:24:26 pop-os kernel: [    6.819735]     HOME=/
Aug 18 13:24:26 pop-os kernel: [    6.819736]     TERM=linux
Aug 18 13:24:26 pop-os kernel: [    7.181849] wmi_bus wmi_bus-PNP0C14:00: [Firmware Info]: DF4E63B6-3BBC-4858-9737-C74F82F821F3 has zero instances
Aug 18 13:24:26 pop-os kernel: [    7.181923] wmi_bus wmi_bus-PNP0C14:00: [Firmware Info]: 8F1F6436-9F42-42C8-BADC-0E9424F20C9A has zero instances
Aug 18 13:24:26 pop-os kernel: [    7.202513] hid: raw HID events driver (C) Jiri Kosina
Aug 18 13:24:26 pop-os kernel: [    7.210813] xhci_hcd 0000:00:14.0: xHCI Host Controller
Aug 18 13:24:26 pop-os kernel: [    7.210830] xhci_hcd 0000:00:14.0: new USB bus registered, assigned bus number 1
Aug 18 13:24:26 pop-os kernel: [    7.212131] xhci_hcd 0000:00:14.0: hcc params 0x200077c1 hci version 0x100 quirks 0x0000000081109810
Aug 18 13:24:26 pop-os kernel: [    7.212924] i801_smbus 0000:00:1f.4: enabling device (0000 -> 0003)
Aug 18 13:24:26 pop-os kernel: [    7.212966] ahci 0000:00:17.0: version 3.0
Aug 18 13:24:26 pop-os kernel: [    7.215060] i801_smbus 0000:00:1f.4: SPD Write Disable is set
Aug 18 13:24:26 pop-os kernel: [    7.215111] i801_smbus 0000:00:1f.4: SMBus using PCI interrupt
Aug 18 13:24:26 pop-os kernel: [    7.215177] xhci_hcd 0000:00:14.0: xHCI Host Controller
Aug 18 13:24:26 pop-os kernel: [    7.215185] xhci_hcd 0000:00:14.0: new USB bus registered, assigned bus number 2
Aug 18 13:24:26 pop-os kernel: [    7.215191] xhci_hcd 0000:00:14.0: Host supports USB 3.0 SuperSpeed
Aug 18 13:24:26 pop-os kernel: [    7.215267] usb usb1: New USB device found, idVendor=1d6b, idProduct=0002, bcdDevice= 6.08
Aug 18 13:24:26 pop-os kernel: [    7.215272] usb usb1: New USB device strings: Mfr=3, Product=2, SerialNumber=1
Aug 18 13:24:26 pop-os kernel: [    7.215274] usb usb1: Product: xHCI Host Controller
Aug 18 13:24:26 pop-os kernel: [    7.215277] usb usb1: Manufacturer: Linux 6.8.0-76060800daily20240311-generic xhci-hcd
Aug 18 13:24:26 pop-os kernel: [    7.215279] usb usb1: SerialNumber: 0000:00:14.0
Aug 18 13:24:26 pop-os kernel: [    7.215651] hub 1-0:1.0: USB hub found
Aug 18 13:24:26 pop-os kernel: [    7.215680] hub 1-0:1.0: 12 ports detected
Aug 18 13:24:26 pop-os kernel: [    7.221822] usb usb2: New USB device found, idVendor=1d6b, idProduct=0003, bcdDevice= 6.08
Aug 18 13:24:26 pop-os kernel: [    7.221827] usb usb2: New USB device strings: Mfr=3, Product=2, SerialNumber=1
Aug 18 13:24:26 pop-os kernel: [    7.221830] usb usb2: Product: xHCI Host Controller
Aug 18 13:24:26 pop-os kernel: [    7.221833] usb usb2: Manufacturer: Linux 6.8.0-76060800daily20240311-generic xhci-hcd
Aug 18 13:24:26 pop-os kernel: [    7.221835] usb usb2: SerialNumber: 0000:00:14.0
Aug 18 13:24:26 pop-os kernel: [    7.222112] hub 2-0:1.0: USB hub found
Aug 18 13:24:26 pop-os kernel: [    7.222131] hub 2-0:1.0: 6 ports detected
Aug 18 13:24:26 pop-os kernel: [    7.224760] ahci 0000:00:17.0: AHCI 0001.0301 32 slots 1 ports 6 Gbps 0x4 impl SATA mode
Aug 18 13:24:26 pop-os kernel: [    7.224769] ahci 0000:00:17.0: flags: 64bit ncq pm led clo only pio slum part deso sadm sds apst 
Aug 18 13:24:26 pop-os kernel: [    7.225634] scsi host0: ahci
Aug 18 13:24:26 pop-os kernel: [    7.225822] i2c i2c-0: 1/2 memory slots populated (from DMI)
Aug 18 13:24:26 pop-os kernel: [    7.225919] scsi host1: ahci
Aug 18 13:24:26 pop-os kernel: [    7.226139] scsi host2: ahci
Aug 18 13:24:26 pop-os kernel: [    7.226211] ata1: DUMMY
Aug 18 13:24:26 pop-os kernel: [    7.226213] ata2: DUMMY
Aug 18 13:24:26 pop-os kernel: [    7.226215] ata3: SATA max UDMA/133 abar m2048@0xe6236000 port 0xe6236200 irq 132 lpm-pol 3
Aug 18 13:24:26 pop-os kernel: [    7.243897] e1000e: Intel(R) PRO/1000 Network Driver
Aug 18 13:24:26 pop-os kernel: [    7.243901] e1000e: Copyright(c) 1999 - 2015 Intel Corporation.
Aug 18 13:24:26 pop-os kernel: [    7.244270] e1000e 0000:00:1f.6: Interrupt Throttling Rate (ints/sec) set to dynamic conservative mode
Aug 18 13:24:26 pop-os kernel: [    7.431725] e1000e 0000:00:1f.6 0000:00:1f.6 (uninitialized): registered PHC clock
Aug 18 13:24:26 pop-os kernel: [    7.479208] usb 1-7: new full-speed USB device number 2 using xhci_hcd
Aug 18 13:24:26 pop-os kernel: [    7.503673] e1000e 0000:00:1f.6 eth0: (PCI Express:2.5GT/s:Width x1) 10:62:e5:9e:ea:af
Aug 18 13:24:26 pop-os kernel: [    7.503689] e1000e 0000:00:1f.6 eth0: Intel(R) PRO/1000 Network Connection
Aug 18 13:24:26 pop-os kernel: [    7.503787] e1000e 0000:00:1f.6 eth0: MAC: 12, PHY: 12, PBA No: FFFFFF-0FF
Aug 18 13:24:26 pop-os kernel: [    7.543895] ata3: SATA link up 6.0 Gbps (SStatus 133 SControl 300)
Aug 18 13:24:26 pop-os kernel: [    7.546166] ata3.00: ACPI cmd f5/00:00:00:00:00:e0(SECURITY FREEZE LOCK) filtered out
Aug 18 13:24:26 pop-os kernel: [    7.546181] ata3.00: ACPI cmd b1/c1:00:00:00:00:e0(DEVICE CONFIGURATION OVERLAY) filtered out
Aug 18 13:24:26 pop-os kernel: [    7.546291] ata3.00: supports DRM functions and may not be fully accessible
Aug 18 13:24:26 pop-os kernel: [    7.546299] ata3.00: ATA-9: SAMSUNG MZNTE256HMHP-000L7, EXT28L6Q, max UDMA/133
Aug 18 13:24:26 pop-os kernel: [    7.546945] ata3.00: NCQ Send/Recv Log not supported
Aug 18 13:24:26 pop-os kernel: [    7.546954] ata3.00: 500118192 sectors, multi 1: LBA48 NCQ (depth 32), AA
Aug 18 13:24:26 pop-os kernel: [    7.548609] ata3.00: Features: Trust Dev-Sleep
Aug 18 13:24:26 pop-os kernel: [    7.549196] ata3.00: ACPI cmd f5/00:00:00:00:00:e0(SECURITY FREEZE LOCK) filtered out
Aug 18 13:24:26 pop-os kernel: [    7.549212] ata3.00: ACPI cmd b1/c1:00:00:00:00:e0(DEVICE CONFIGURATION OVERLAY) filtered out
Aug 18 13:24:26 pop-os kernel: [    7.549367] ata3.00: supports DRM functions and may not be fully accessible
Aug 18 13:24:26 pop-os kernel: [    7.549933] ata3.00: NCQ Send/Recv Log not supported
Aug 18 13:24:26 pop-os kernel: [    7.551585] ata3.00: configured for UDMA/133
Aug 18 13:24:26 pop-os kernel: [    7.552205] scsi 2:0:0:0: Direct-Access     ATA      SAMSUNG MZNTE256 8L6Q PQ: 0 ANSI: 5
Aug 18 13:24:26 pop-os kernel: [    7.553305] sd 2:0:0:0: Attached scsi generic sg0 type 0
Aug 18 13:24:26 pop-os kernel: [    7.553494] sd 2:0:0:0: [sda] 500118192 512-byte logical blocks: (256 GB/238 GiB)
Aug 18 13:24:26 pop-os kernel: [    7.553548] sd 2:0:0:0: [sda] Write Protect is off
Aug 18 13:24:26 pop-os kernel: [    7.553560] sd 2:0:0:0: [sda] Mode Sense: 00 3a 00 00
Aug 18 13:24:26 pop-os kernel: [    7.553632] sd 2:0:0:0: [sda] Write cache: enabled, read cache: enabled, doesn't support DPO or FUA
Aug 18 13:24:26 pop-os kernel: [    7.553948] sd 2:0:0:0: [sda] Preferred minimum I/O size 512 bytes
Aug 18 13:24:26 pop-os kernel: [    7.558239]  sda: sda1 sda2 sda3 sda4
Aug 18 13:24:26 pop-os kernel: [    7.559610] sd 2:0:0:0: [sda] supports TCG Opal
Aug 18 13:24:26 pop-os kernel: [    7.559623] sd 2:0:0:0: [sda] Attached SCSI disk
Aug 18 13:24:26 pop-os kernel: [    7.568386] e1000e 0000:00:1f.6 enp0s31f6: renamed from eth0
Aug 18 13:24:26 pop-os kernel: [    7.569941] intel-lpss 0000:00:15.0: enabling device (0000 -> 0002)
Aug 18 13:24:26 pop-os kernel: [    7.571264] idma64 idma64.0: Found Intel integrated DMA 64-bit
Aug 18 13:24:26 pop-os kernel: [    7.597759] intel-lpss 0000:00:15.1: enabling device (0000 -> 0002)
Aug 18 13:24:26 pop-os kernel: [    7.598149] idma64 idma64.1: Found Intel integrated DMA 64-bit
Aug 18 13:24:26 pop-os kernel: [    7.633719] usb 1-7: New USB device found, idVendor=8087, idProduct=0a2b, bcdDevice= 0.10
Aug 18 13:24:26 pop-os kernel: [    7.633726] usb 1-7: New USB device strings: Mfr=0, Product=0, SerialNumber=0
Aug 18 13:24:26 pop-os kernel: [    7.767208] usb 1-9: new high-speed USB device number 3 using xhci_hcd
Aug 18 13:24:26 pop-os kernel: [    7.769558] input: ELAN25D0:00 04F3:25D4 Touchscreen as /devices/pci0000:00/0000:00:15.0/i2c_designware.0/i2c-1/i2c-ELAN25D0:00/0018:04F3:25D4.0001/input/input11
Aug 18 13:24:26 pop-os kernel: [    7.770243] input: ELAN25D0:00 04F3:25D4 as /devices/pci0000:00/0000:00:15.0/i2c_designware.0/i2c-1/i2c-ELAN25D0:00/0018:04F3:25D4.0001/input/input12
Aug 18 13:24:26 pop-os kernel: [    7.770547] input: ELAN25D0:00 04F3:25D4 as /devices/pci0000:00/0000:00:15.0/i2c_designware.0/i2c-1/i2c-ELAN25D0:00/0018:04F3:25D4.0001/input/input13
Aug 18 13:24:26 pop-os kernel: [    7.771071] hid-generic 0018:04F3:25D4.0001: input,hidraw0: I2C HID v1.00 Device [ELAN25D0:00 04F3:25D4] on i2c-ELAN25D0:00
Aug 18 13:24:26 pop-os kernel: [    7.772244] input: ALP0018:00 044E:121B Mouse as /devices/pci0000:00/0000:00:15.1/i2c_designware.1/i2c-2/i2c-ALP0018:00/0018:044E:121B.0002/input/input15
Aug 18 13:24:26 pop-os kernel: [    7.772818] input: ALP0018:00 044E:121B Touchpad as /devices/pci0000:00/0000:00:15.1/i2c_designware.1/i2c-2/i2c-ALP0018:00/0018:044E:121B.0002/input/input16
Aug 18 13:24:26 pop-os kernel: [    7.773242] input: ALP0018:00 044E:121B as /devices/pci0000:00/0000:00:15.1/i2c_designware.1/i2c-2/i2c-ALP0018:00/0018:044E:121B.0002/input/input17
Aug 18 13:24:26 pop-os kernel: [    7.773588] hid-generic 0018:044E:121B.0002: input,hidraw1: I2C HID v1.00 Mouse [ALP0018:00 044E:121B] on i2c-ALP0018:00
Aug 18 13:24:26 pop-os kernel: [    7.986691] usb 1-9: New USB device found, idVendor=04f2, idProduct=b5e7, bcdDevice= 0.18
Aug 18 13:24:26 pop-os kernel: [    7.986697] usb 1-9: New USB device strings: Mfr=3, Product=1, SerialNumber=2
Aug 18 13:24:26 pop-os kernel: [    7.986699] usb 1-9: Product: HP HD Camera
Aug 18 13:24:26 pop-os kernel: [    7.986701] usb 1-9: Manufacturer: Generic
Aug 18 13:24:26 pop-os kernel: [    7.986703] usb 1-9: SerialNumber: 0001
Aug 18 13:24:26 pop-os kernel: [    8.128291] input: PS/2 Generic Mouse as /devices/platform/i8042/serio2/input/input10
Aug 18 13:24:26 pop-os kernel: [    8.308967] i915 0000:00:02.0: [drm] VT-d active for gfx access
Aug 18 13:24:26 pop-os kernel: [    8.347894] i915 0000:00:02.0: vgaarb: deactivate vga console
Aug 18 13:24:26 pop-os kernel: [    8.347982] i915 0000:00:02.0: [drm] Using Transparent Hugepages
Aug 18 13:24:26 pop-os kernel: [    8.350672] i915 0000:00:02.0: vgaarb: VGA decodes changed: olddecodes=io+mem,decodes=io+mem:owns=io+mem
Aug 18 13:24:26 pop-os kernel: [    8.351673] i915 0000:00:02.0: [drm] Finished loading DMC firmware i915/kbl_dmc_ver1_04.bin (v1.4)
Aug 18 13:24:26 pop-os kernel: [    9.089005] input: AlpsPS/2 ALPS GlidePoint as /devices/platform/i8042/serio3/input/input18
Aug 18 13:24:26 pop-os kernel: [    9.508898] [drm] Initialized i915 1.6.0 20230929 for 0000:00:02.0 on minor 1
Aug 18 13:24:26 pop-os kernel: [    9.517603] ACPI: video: Video Device [GFX0] (multi-head: yes  rom: no  post: no)
Aug 18 13:24:26 pop-os kernel: [    9.518044] input: Video Bus as /devices/LNXSYSTM:00/LNXSYBUS:00/PNP0A08:00/LNXVIDEO:00/input/input20
Aug 18 13:24:26 pop-os kernel: [    9.518317] i915 display info: display version: 9
Aug 18 13:24:26 pop-os kernel: [    9.518321] i915 display info: cursor_needs_physical: no
Aug 18 13:24:26 pop-os kernel: [    9.518322] i915 display info: has_cdclk_crawl: no
Aug 18 13:24:26 pop-os kernel: [    9.518324] i915 display info: has_cdclk_squash: no
Aug 18 13:24:26 pop-os kernel: [    9.518325] i915 display info: has_ddi: yes
Aug 18 13:24:26 pop-os kernel: [    9.518326] i915 display info: has_dp_mst: yes
Aug 18 13:24:26 pop-os kernel: [    9.518328] i915 display info: has_dsb: no
Aug 18 13:24:26 pop-os kernel: [    9.518348] i915 display info: has_fpga_dbg: yes
Aug 18 13:24:26 pop-os kernel: [    9.518350] i915 display info: has_gmch: no
Aug 18 13:24:26 pop-os kernel: [    9.518351] i915 display info: has_hotplug: yes
Aug 18 13:24:26 pop-os kernel: [    9.518353] i915 display info: has_hti: no
Aug 18 13:24:26 pop-os kernel: [    9.518354] i915 display info: has_ipc: yes
Aug 18 13:24:26 pop-os kernel: [    9.518356] i915 display info: has_overlay: no
Aug 18 13:24:26 pop-os kernel: [    9.518357] i915 display info: has_psr: yes
Aug 18 13:24:26 pop-os kernel: [    9.518358] i915 display info: has_psr_hw_tracking: yes
Aug 18 13:24:26 pop-os kernel: [    9.518360] i915 display info: overlay_needs_physical: no
Aug 18 13:24:26 pop-os kernel: [    9.518362] i915 display info: supports_tv: no
Aug 18 13:24:26 pop-os kernel: [    9.518363] i915 display info: has_hdcp: yes
Aug 18 13:24:26 pop-os kernel: [    9.518365] i915 display info: has_dmc: yes
Aug 18 13:24:26 pop-os kernel: [    9.518366] i915 display info: has_dsc: no
Aug 18 13:24:26 pop-os kernel: [    9.528857] fbcon: i915drmfb (fb0) is primary device
Aug 18 13:24:26 pop-os kernel: [    9.528860] fbcon: Deferring console take-over
Aug 18 13:24:26 pop-os kernel: [    9.528881] i915 0000:00:02.0: [drm] fb0: i915drmfb frame buffer device
Aug 18 13:24:26 pop-os kernel: [    9.565551] i915 0000:00:02.0: [drm] Reducing the compressed framebuffer size. This may lead to less power savings than a non-reduced-size. Try to increase stolen memory size if available in BIOS.
Aug 18 13:24:26 pop-os kernel: [   10.641177] system76_acpi: loading out-of-tree module taints kernel.
Aug 18 13:24:26 pop-os kernel: [   10.641181] system76_acpi: module verification failed: signature and/or required key missing - tainting kernel
Aug 18 13:24:26 pop-os kernel: [   10.645148] system76: Model does not utilize this driver
Aug 18 13:24:26 pop-os kernel: [   10.703910] usbcore: registered new interface driver system76-io
Aug 18 13:24:26 pop-os kernel: [   10.799161] raid6: avx2x4   gen() 32621 MB/s
Aug 18 13:24:26 pop-os kernel: [   10.867123] raid6: avx2x2   gen() 35466 MB/s
Aug 18 13:24:26 pop-os kernel: [   10.935159] raid6: avx2x1   gen() 28861 MB/s
Aug 18 13:24:26 pop-os kernel: [   10.935162] raid6: using algorithm avx2x2 gen() 35466 MB/s
Aug 18 13:24:26 pop-os kernel: [   11.003168] raid6: .... xor() 20990 MB/s, rmw enabled
Aug 18 13:24:26 pop-os kernel: [   11.003170] raid6: using avx2x2 recovery algorithm
Aug 18 13:24:26 pop-os kernel: [   11.004951] xor: automatically using best checksumming function   avx       
Aug 18 13:24:26 pop-os kernel: [   11.006174] async_tx: api initialized (async)
Aug 18 13:24:26 pop-os kernel: [   11.266450] EXT4-fs (sda3): mounted filesystem d047bce4-63ac-4071-b369-ee7b521891b8 ro with ordered data mode. Quota mode: none.
Aug 18 13:24:26 pop-os kernel: [   11.757510] block sda: the capability attribute has been deprecated.
Aug 18 13:24:26 pop-os kernel: [   11.917019] pstore: Using crash dump compression: deflate
Aug 18 13:24:26 pop-os kernel: [   12.014889] pstore: Registered efi_pstore as persistent store backend
Aug 18 13:24:26 pop-os kernel: [   12.026473] lp: driver loaded but no devices found
Aug 18 13:24:26 pop-os kernel: [   12.030951] ppdev: user-space parallel port driver
Aug 18 13:24:26 pop-os kernel: [   12.037505] EXT4-fs (sda3): re-mounted d047bce4-63ac-4071-b369-ee7b521891b8 r/w. Quota mode: none.
Aug 18 13:24:26 pop-os kernel: [   12.050918] io scheduler kyber registered
Aug 18 13:24:26 pop-os kernel: [   12.317162] input: Wireless hotkeys as /devices/virtual/input/input21
Aug 18 13:24:26 pop-os kernel: [   12.354240] Consider using thermal netlink events interface
Aug 18 13:24:26 pop-os kernel: [   12.462143] mei_me 0000:00:16.0: enabling device (0004 -> 0006)
Aug 18 13:24:26 pop-os kernel: [   12.587896] io scheduler bfq registered
Aug 18 13:24:26 pop-os kernel: [   12.589120] mc: Linux media interface: v0.10
Aug 18 13:24:26 pop-os kernel: [   12.605309] hp_wmi: query 0x4 returned error 0x5
Aug 18 13:24:26 pop-os kernel: [   12.613197] iTCO_vendor_support: vendor-support=0
Aug 18 13:24:26 pop-os kernel: [   12.627325] input: HP WMI hotkeys as /devices/virtual/input/input22
Aug 18 13:24:26 pop-os kernel: [   12.667910] proc_thermal 0000:00:04.0: enabling device (0000 -> 0002)
Aug 18 13:24:26 pop-os kernel: [   12.669702] intel_rapl_common: Found RAPL domain package
Aug 18 13:24:26 pop-os kernel: [   12.670944] Bluetooth: Core ver 2.22
Aug 18 13:24:26 pop-os kernel: [   12.670987] NET: Registered PF_BLUETOOTH protocol family
Aug 18 13:24:26 pop-os kernel: [   12.670990] Bluetooth: HCI device and connection manager initialized
Aug 18 13:24:26 pop-os kernel: [   12.670995] Bluetooth: HCI socket layer initialized
Aug 18 13:24:26 pop-os kernel: [   12.670999] Bluetooth: L2CAP socket layer initialized
Aug 18 13:24:26 pop-os kernel: [   12.671006] Bluetooth: SCO socket layer initialized
Aug 18 13:24:26 pop-os kernel: [   12.730028] RAPL PMU: API unit is 2^-32 Joules, 3 fixed counters, 655360 ms ovfl timer
